Archive member included to satisfy reference by file (symbol)

/home/william/Downloads/gcc-arm-none-eabi-10.3-2021.10/bin/../lib/gcc/arm-none-eabi/10.3.1/../../../../arm-none-eabi/lib/thumb/v8-m.main+fp/hard/libc_nano.a(lib_a-errno.o)
                              CMakeFiles/hello_world.elf.dir/home/william/Downloads/Axon-imx93-2_16/devices/MIMX9352/utilities/fsl_sbrk.c.obj (__errno)
/home/william/Downloads/gcc-arm-none-eabi-10.3-2021.10/bin/../lib/gcc/arm-none-eabi/10.3.1/../../../../arm-none-eabi/lib/thumb/v8-m.main+fp/hard/libc_nano.a(lib_a-exit.o)
                              /home/william/Downloads/gcc-arm-none-eabi-10.3-2021.10/bin/../lib/gcc/arm-none-eabi/10.3.1/../../../../arm-none-eabi/lib/thumb/v8-m.main+fp/hard/crt0.o (exit)
/home/william/Downloads/gcc-arm-none-eabi-10.3-2021.10/bin/../lib/gcc/arm-none-eabi/10.3.1/../../../../arm-none-eabi/lib/thumb/v8-m.main+fp/hard/libc_nano.a(lib_a-impure.o)
                              /home/william/Downloads/gcc-arm-none-eabi-10.3-2021.10/bin/../lib/gcc/arm-none-eabi/10.3.1/../../../../arm-none-eabi/lib/thumb/v8-m.main+fp/hard/libc_nano.a(lib_a-exit.o) (_global_impure_ptr)
/home/william/Downloads/gcc-arm-none-eabi-10.3-2021.10/bin/../lib/gcc/arm-none-eabi/10.3.1/../../../../arm-none-eabi/lib/thumb/v8-m.main+fp/hard/libc_nano.a(lib_a-init.o)
                              /home/william/Downloads/gcc-arm-none-eabi-10.3-2021.10/bin/../lib/gcc/arm-none-eabi/10.3.1/../../../../arm-none-eabi/lib/thumb/v8-m.main+fp/hard/crt0.o (__libc_init_array)
/home/william/Downloads/gcc-arm-none-eabi-10.3-2021.10/bin/../lib/gcc/arm-none-eabi/10.3.1/../../../../arm-none-eabi/lib/thumb/v8-m.main+fp/hard/libc_nano.a(lib_a-malloc.o)
                              CMakeFiles/hello_world.elf.dir/home/william/Downloads/Axon-imx93-2_16/devices/MIMX9352/drivers/fsl_common.c.obj (malloc)
/home/william/Downloads/gcc-arm-none-eabi-10.3-2021.10/bin/../lib/gcc/arm-none-eabi/10.3.1/../../../../arm-none-eabi/lib/thumb/v8-m.main+fp/hard/libc_nano.a(lib_a-memset.o)
                              /home/william/Downloads/gcc-arm-none-eabi-10.3-2021.10/bin/../lib/gcc/arm-none-eabi/10.3.1/../../../../arm-none-eabi/lib/thumb/v8-m.main+fp/hard/crt0.o (memset)
/home/william/Downloads/gcc-arm-none-eabi-10.3-2021.10/bin/../lib/gcc/arm-none-eabi/10.3.1/../../../../arm-none-eabi/lib/thumb/v8-m.main+fp/hard/libc_nano.a(lib_a-nano-freer.o)
                              /home/william/Downloads/gcc-arm-none-eabi-10.3-2021.10/bin/../lib/gcc/arm-none-eabi/10.3.1/../../../../arm-none-eabi/lib/thumb/v8-m.main+fp/hard/libc_nano.a(lib_a-malloc.o) (_free_r)
/home/william/Downloads/gcc-arm-none-eabi-10.3-2021.10/bin/../lib/gcc/arm-none-eabi/10.3.1/../../../../arm-none-eabi/lib/thumb/v8-m.main+fp/hard/libc_nano.a(lib_a-nano-mallocr.o)
                              /home/william/Downloads/gcc-arm-none-eabi-10.3-2021.10/bin/../lib/gcc/arm-none-eabi/10.3.1/../../../../arm-none-eabi/lib/thumb/v8-m.main+fp/hard/libc_nano.a(lib_a-malloc.o) (_malloc_r)
/home/william/Downloads/gcc-arm-none-eabi-10.3-2021.10/bin/../lib/gcc/arm-none-eabi/10.3.1/../../../../arm-none-eabi/lib/thumb/v8-m.main+fp/hard/libc_nano.a(lib_a-sbrkr.o)
                              /home/william/Downloads/gcc-arm-none-eabi-10.3-2021.10/bin/../lib/gcc/arm-none-eabi/10.3.1/../../../../arm-none-eabi/lib/thumb/v8-m.main+fp/hard/libc_nano.a(lib_a-nano-mallocr.o) (_sbrk_r)
/home/william/Downloads/gcc-arm-none-eabi-10.3-2021.10/bin/../lib/gcc/arm-none-eabi/10.3.1/../../../../arm-none-eabi/lib/thumb/v8-m.main+fp/hard/libc_nano.a(lib_a-strlen.o)
                              CMakeFiles/hello_world.elf.dir/home/william/Downloads/Axon-imx93-2_16/devices/MIMX9352/utilities/str/fsl_str.c.obj (strlen)
/home/william/Downloads/gcc-arm-none-eabi-10.3-2021.10/bin/../lib/gcc/arm-none-eabi/10.3.1/../../../../arm-none-eabi/lib/thumb/v8-m.main+fp/hard/libc_nano.a(lib_a-strtoul.o)
                              CMakeFiles/hello_world.elf.dir/home/william/Downloads/Axon-imx93-2_16/devices/MIMX9352/utilities/str/fsl_str.c.obj (strtoul)
/home/william/Downloads/gcc-arm-none-eabi-10.3-2021.10/bin/../lib/gcc/arm-none-eabi/10.3.1/../../../../arm-none-eabi/lib/thumb/v8-m.main+fp/hard/libc_nano.a(lib_a-ctype_.o)
                              /home/william/Downloads/gcc-arm-none-eabi-10.3-2021.10/bin/../lib/gcc/arm-none-eabi/10.3.1/../../../../arm-none-eabi/lib/thumb/v8-m.main+fp/hard/libc_nano.a(lib_a-strtoul.o) (_ctype_)
/home/william/Downloads/gcc-arm-none-eabi-10.3-2021.10/bin/../lib/gcc/arm-none-eabi/10.3.1/../../../../arm-none-eabi/lib/thumb/v8-m.main+fp/hard/libc_nano.a(lib_a-mlock.o)
                              /home/william/Downloads/gcc-arm-none-eabi-10.3-2021.10/bin/../lib/gcc/arm-none-eabi/10.3.1/../../../../arm-none-eabi/lib/thumb/v8-m.main+fp/hard/libc_nano.a(lib_a-nano-freer.o) (__malloc_lock)
/home/william/Downloads/gcc-arm-none-eabi-10.3-2021.10/bin/../lib/gcc/arm-none-eabi/10.3.1/../../../../arm-none-eabi/lib/thumb/v8-m.main+fp/hard/libc_nano.a(lib_a-reent.o)
[...]
Memory Configuration

Name             Origin             Length             Attributes
m_interrupts     0x000000000ffe0000 0x0000000000000478 xr
m_text           0x000000000ffe0478 0x000000000001fb88 xr
m_m33_suspend_ram 0x0000000020000000 0x0000000000002000 rw
m_a55_suspend_ram 0x0000000020002000 0x0000000000001000 rw
m_data           0x0000000020003000 0x000000000001b000 rw
m_rsc_tbl        0x000000002001e000 0x0000000000001000 rw
*default*        0x0000000000000000 0xffffffffffffffff

Linker script and memory map

LOAD /home/william/Downloads/gcc-arm-none-eabi-10.3-2021.10/bin/../lib/gcc/arm-none-eabi/10.3.1/thumb/v8-m.main+fp/hard/crti.o
LOAD /home/william/Downloads/gcc-arm-none-eabi-10.3-2021.10/bin/../lib/gcc/arm-none-eabi/10.3.1/thumb/v8-m.main+fp/hard/crtbegin.o
LOAD /home/william/Downloads/gcc-arm-none-eabi-10.3-2021.10/bin/../lib/gcc/arm-none-eabi/10.3.1/../../../../arm-none-eabi/lib/thumb/v8-m.main+fp/hard/crt0.o
LOAD CMakeFiles/hello_world.elf.dir/home/william/Downloads/Axon-imx93-2_16/boards/mcimx93evk/demo_apps/hello_world/hello_world.c.obj
LOAD CMakeFiles/hello_world.elf.dir/home/william/Downloads/Axon-imx93-2_16/boards/mcimx93evk/demo_apps/hello_world/pin_mux.c.obj
LOAD CMakeFiles/hello_world.elf.dir/home/william/Downloads/Axon-imx93-2_16/boards/mcimx93evk/demo_apps/hello_world/board.c.obj
LOAD CMakeFiles/hello_world.elf.dir/home/william/Downloads/Axon-imx93-2_16/boards/mcimx93evk/demo_apps/hello_world/clock_config.c.obj
LOAD CMakeFiles/hello_world.elf.dir/home/william/Downloads/Axon-imx93-2_16/components/lists/fsl_component_generic_list.c.obj
LOAD CMakeFiles/hello_world.elf.dir/home/william/Downloads/Axon-imx93-2_16/components/uart/fsl_adapter_lpuart.c.obj
LOAD CMakeFiles/hello_world.elf.dir/home/william/Downloads/Axon-imx93-2_16/components/serial_manager/fsl_component_serial_manager.c.obj
LOAD CMakeFiles/hello_world.elf.dir/home/william/Downloads/Axon-imx93-2_16/components/serial_manager/fsl_component_serial_port_uart.c.obj
LOAD CMakeFiles/hello_world.elf.dir/home/william/Downloads/Axon-imx93-2_16/devices/MIMX9352/system_MIMX9352_cm33.c.obj
LOAD CMakeFiles/hello_world.elf.dir/home/william/Downloads/Axon-imx93-2_16/devices/MIMX9352/gcc/startup_MIMX9352_cm33.S.obj
LOAD CMakeFiles/hello_world.elf.dir/home/william/Downloads/Axon-imx93-2_16/components/adp5585/fsl_adp5585.c.obj
LOAD CMakeFiles/hello_world.elf.dir/home/william/Downloads/Axon-imx93-2_16/devices/MIMX9352/drivers/fsl_cache.c.obj
LOAD CMakeFiles/hello_world.elf.dir/home/william/Downloads/Axon-imx93-2_16/devices/MIMX9352/drivers/fsl_clock.c.obj
LOAD CMakeFiles/hello_world.elf.dir/home/william/Downloads/Axon-imx93-2_16/devices/MIMX9352/drivers/fsl_common.c.obj
LOAD CMakeFiles/hello_world.elf.dir/home/william/Downloads/Axon-imx93-2_16/devices/MIMX9352/drivers/fsl_common_arm.c.obj
LOAD CMakeFiles/hello_world.elf.dir/home/william/Downloads/Axon-imx93-2_16/devices/MIMX9352/drivers/fsl_lpuart.c.obj
LOAD CMakeFiles/hello_world.elf.dir/home/william/Downloads/Axon-imx93-2_16/components/pcal6524/fsl_pcal6524.c.obj
LOAD CMakeFiles/hello_world.elf.dir/home/william/Downloads/Axon-imx93-2_16/devices/MIMX9352/drivers/fsl_rgpio.c.obj
LOAD CMakeFiles/hello_world.elf.dir/home/william/Downloads/Axon-imx93-2_16/devices/MIMX9352/drivers/fsl_sentinel.c.obj
LOAD CMakeFiles/hello_world.elf.dir/home/william/Downloads/Axon-imx93-2_16/devices/MIMX9352/utilities/fsl_sbrk.c.obj
LOAD CMakeFiles/hello_world.elf.dir/home/william/Downloads/Axon-imx93-2_16/devices/MIMX9352/utilities/fsl_syscall_stub.c.obj
LOAD CMakeFiles/hello_world.elf.dir/home/william/Downloads/Axon-imx93-2_16/devices/MIMX9352/utilities/fsl_memcpy.S.obj
LOAD CMakeFiles/hello_world.elf.dir/home/william/Downloads/Axon-imx93-2_16/devices/MIMX9352/utilities/fsl_assert.c.obj
LOAD CMakeFiles/hello_world.elf.dir/home/william/Downloads/Axon-imx93-2_16/devices/MIMX9352/utilities/debug_console/fsl_debug_console.c.obj
LOAD CMakeFiles/hello_world.elf.dir/home/william/Downloads/Axon-imx93-2_16/devices/MIMX9352/utilities/str/fsl_str.c.obj
START GROUP
LOAD /home/william/Downloads/gcc-arm-none-eabi-10.3-2021.10/bin/../lib/gcc/arm-none-eabi/10.3.1/../../../../arm-none-eabi/lib/thumb/v8-m.main+fp/hard/libm.a
LOAD /home/william/Downloads/gcc-arm-none-eabi-10.3-2021.10/bin/../lib/gcc/arm-none-eabi/10.3.1/../../../../arm-none-eabi/lib/thumb/v8-m.main+fp/hard/libc_nano.a
LOAD /home/william/Downloads/gcc-arm-none-eabi-10.3-2021.10/bin/../lib/gcc/arm-none-eabi/10.3.1/thumb/v8-m.main+fp/hard/libgcc.a
LOAD /home/william/Downloads/gcc-arm-none-eabi-10.3-2021.10/bin/../lib/gcc/arm-none-eabi/10.3.1/../../../../arm-none-eabi/lib/thumb/v8-m.main+fp/hard/libnosys.a
END GROUP
START GROUP
LOAD /home/william/Downloads/gcc-arm-none-eabi-10.3-2021.10/bin/../lib/gcc/arm-none-eabi/10.3.1/thumb/v8-m.main+fp/hard/libgcc.a
LOAD /home/william/Downloads/gcc-arm-none-eabi-10.3-2021.10/bin/../lib/gcc/arm-none-eabi/10.3.1/../../../../arm-none-eabi/lib/thumb/v8-m.main+fp/hard/libc_nano.a
END GROUP
START GROUP
LOAD /home/william/Downloads/gcc-arm-none-eabi-10.3-2021.10/bin/../lib/gcc/arm-none-eabi/10.3.1/thumb/v8-m.main+fp/hard/libgcc.a
LOAD /home/william/Downloads/gcc-arm-none-eabi-10.3-2021.10/bin/../lib/gcc/arm-none-eabi/10.3.1/../../../../arm-none-eabi/lib/thumb/v8-m.main+fp/hard/libc_nano.a
LOAD /home/william/Downloads/gcc-arm-none-eabi-10.3-2021.10/bin/../lib/gcc/arm-none-eabi/10.3.1/../../../../arm-none-eabi/lib/thumb/v8-m.main+fp/hard/libnosys.a
END GROUP
START GROUP
LOAD /home/william/Downloads/gcc-arm-none-eabi-10.3-2021.10/bin/../lib/gcc/arm-none-eabi/10.3.1/thumb/v8-m.main+fp/hard/libgcc.a
LOAD /home/william/Downloads/gcc-arm-none-eabi-10.3-2021.10/bin/../lib/gcc/arm-none-eabi/10.3.1/../../../../arm-none-eabi/lib/thumb/v8-m.main+fp/hard/libc_nano.a
LOAD /home/william/Downloads/gcc-arm-none-eabi-10.3-2021.10/bin/../lib/gcc/arm-none-eabi/10.3.1/../../../../arm-none-eabi/lib/thumb/v8-m.main+fp/hard/libnosys.a
END GROUP
LOAD /home/william/Downloads/gcc-arm-none-eabi-10.3-2021.10/bin/../lib/gcc/arm-none-eabi/10.3.1/thumb/v8-m.main+fp/hard/crtend.o
LOAD /home/william/Downloads/gcc-arm-none-eabi-10.3-2021.10/bin/../lib/gcc/arm-none-eabi/10.3.1/thumb/v8-m.main+fp/hard/crtn.o
                0x0000000000000400                HEAP_SIZE = DEFINED (__heap_size__)?__heap_size__:0x400
                0x0000000000000400                STACK_SIZE = DEFINED (__stack_size__)?__stack_size__:0x400
                0x0000000000000000                M_VECTOR_RAM_SIZE = DEFINED (__ram_vector_table__)?0x478:0x0

.interrupts     0x000000000ffe0000      0x474
                0x000000000ffe0000                __VECTOR_TABLE = .
                0x000000000ffe0000                __Vectors = .
                0x000000000ffe0000                . = ALIGN (0x4)
 *(.isr_vector)
 .isr_vector    0x000000000ffe0000      0x474 CMakeFiles/hello_world.elf.dir/home/william/Downloads/Axon-imx93-2_16/devices/MIMX9352/gcc/startup_MIMX9352_cm33.S.obj
                0x000000000ffe0000                __isr_vector
                0x000000000ffe0474                . = ALIGN (0x4)

.resource_table
                0x000000000ffe0478        0x0
                0x000000000ffe0478                . = ALIGN (0x8)
 *(.resource_table)
                0x000000000ffe0478                . = ALIGN (0x8)

.text           0x000000000ffe0478     0x1364
                0x000000000ffe0478                . = ALIGN (0x4)
 *(.text)
 .text          0x000000000ffe0478       0x40 /home/william/Downloads/gcc-arm-none-eabi-10.3-2021.10/bin/../lib/gcc/arm-none-eabi/10.3.1/thumb/v8-m.main+fp/hard/crtbegin.o
 .text          0x000000000ffe04b8       0x7c /home/william/Downloads/gcc-arm-none-eabi-10.3-2021.10/bin/../lib/gcc/arm-none-eabi/10.3.1/../../../../arm-none-eabi/lib/thumb/v8-m.main+fp/hard/crt0.o
                0x000000000ffe04b8                _stack_init
                0x000000000ffe04c0                _mainCRTStartup
                0x000000000ffe04c0                _start
 .text          0x000000000ffe0534      0x4ac CMakeFiles/hello_world.elf.dir/home/william/Downloads/Axon-imx93-2_16/devices/MIMX9352/gcc/startup_MIMX9352_cm33.S.obj
                0x000000000ffe0534                Reset_Handler
                0x000000000ffe05ac                Reserved18_IRQHandler
                0x000000000ffe05ac                DMA4_14_15_DriverIRQHandler
                0x000000000ffe05ac                Reserved16_IRQHandler
                0x000000000ffe05ac                MU2_A_IRQHandler
                0x000000000ffe05ac                Reserved179_IRQHandler
                0x000000000ffe05ac                LPSPI2_DriverIRQHandler
                0x000000000ffe05ac                DMA4_20_21_DriverIRQHandler
                0x000000000ffe05ac                DebugMon_Handler
                0x000000000ffe05ac                Reserved178_IRQHandler
                0x000000000ffe05ac                Reserved220_IRQHandler
                0x000000000ffe05ac                Reserved88_IRQHandler
                0x000000000ffe05ac                Reserved243_IRQHandler
                0x000000000ffe05ac                Reserved65_IRQHandler
                0x000000000ffe05ac                Reserved229_IRQHandler
                0x000000000ffe05ac                Reserved76_IRQHandler
                0x000000000ffe05ac                Reserved248_IRQHandler
                0x000000000ffe05ac                Reserved64_IRQHandler
                0x000000000ffe05ac                LPSPI4_DriverIRQHandler
                0x000000000ffe05ac                Reserved60_IRQHandler
                0x000000000ffe05ac                Reserved236_IRQHandler
                0x000000000ffe05ac                Reserved234_IRQHandler
                0x000000000ffe05ac                Reserved225_IRQHandler
                0x000000000ffe05ac                CSI_IRQHandler
                0x000000000ffe05ac                LPI2C5_DriverIRQHandler
                0x000000000ffe05ac                Reserved50_IRQHandler
                0x000000000ffe05ac                TRDC_IRQHandler
                0x000000000ffe05ac                Reserved183_IRQHandler
                0x000000000ffe05ac                LPIT2_IRQHandler
                0x000000000ffe05ac                Reserved19_IRQHandler
                0x000000000ffe05ac                DMA4_0_1_DriverIRQHandler
                0x000000000ffe05ac                Reserved74_IRQHandler
                0x000000000ffe05ac                Reserved89_IRQHandler
                0x000000000ffe05ac                Reserved59_IRQHandler
                0x000000000ffe05ac                LPTMR2_IRQHandler
                0x000000000ffe05ac                Reserved272_IRQHandler
                0x000000000ffe05ac                Reserved263_IRQHandler
                0x000000000ffe05ac                DMA4_58_59_DriverIRQHandler
                0x000000000ffe05ac                ENET_1588_DriverIRQHandler
                0x000000000ffe05ac                LPI2C3_DriverIRQHandler
                0x000000000ffe05ac                DMA4_52_53_DriverIRQHandler
                0x000000000ffe05ac                Reserved42_IRQHandler
                0x000000000ffe05ac                Reserved22_IRQHandler
                0x000000000ffe05ac                Reserved75_IRQHandler
                0x000000000ffe05ac                Reserved238_IRQHandler
                0x000000000ffe05ac                Reserved280_IRQHandler
                0x000000000ffe05ac                Reserved268_IRQHandler
                0x000000000ffe05ac                DMA4_10_11_DriverIRQHandler
                0x000000000ffe05ac                DMA4_34_35_DriverIRQHandler
                0x000000000ffe05ac                Reserved176_IRQHandler
                0x000000000ffe05ac                Reserved233_IRQHandler
                0x000000000ffe05ac                Reserved224_IRQHandler
                0x000000000ffe05ac                FLEXIO2_DriverIRQHandler
                0x000000000ffe05ac                UsageFault_Handler
                0x000000000ffe05ac                WDOG1_IRQHandler
                0x000000000ffe05ac                Reserved265_IRQHandler
                0x000000000ffe05ac                Reserved235_IRQHandler
                0x000000000ffe05ac                Reserved57_IRQHandler
                0x000000000ffe05ac                Reserved257_IRQHandler
                0x000000000ffe05ac                DefaultISR
                0x000000000ffe05ac                Reserved250_IRQHandler
                0x000000000ffe05ac                Reserved58_IRQHandler
                0x000000000ffe05ac                Reserved264_IRQHandler
                0x000000000ffe05ac                Reserved261_IRQHandler
                0x000000000ffe05ac                Reserved284_IRQHandler
                0x000000000ffe05ac                I3C2_DriverIRQHandler
                0x000000000ffe05ac                Reserved230_IRQHandler
                0x000000000ffe05ac                Reserved279_IRQHandler
                0x000000000ffe05ac                Reserved182_IRQHandler
                0x000000000ffe05ac                DMA4_50_51_DriverIRQHandler
                0x000000000ffe05ac                Reserved180_IRQHandler
                0x000000000ffe05ac                Reserved267_IRQHandler
                0x000000000ffe05ac                Reserved239_IRQHandler
                0x000000000ffe05ac                MU1_B_IRQHandler
                0x000000000ffe05ac                Reserved177_IRQHandler
                0x000000000ffe05ac                WDOG4_IRQHandler
                0x000000000ffe05ac                Reserved283_IRQHandler
                0x000000000ffe05ac                DMA4_28_29_DriverIRQHandler
                0x000000000ffe05ac                Reserved228_IRQHandler
                0x000000000ffe05ac                DMA4_ERROR_DriverIRQHandler
                0x000000000ffe05ac                Reserved253_IRQHandler
                0x000000000ffe05ac                DMA4_6_7_DriverIRQHandler
                0x000000000ffe05ac                ENET_MAC0_Rx_Tx_Done2_DriverIRQHandler
                0x000000000ffe05ac                Reserved274_IRQHandler
                0x000000000ffe05ac                LPI2C6_DriverIRQHandler
                0x000000000ffe05ac                DMA4_56_57_DriverIRQHandler
                0x000000000ffe05ac                TPM2_IRQHandler
                0x000000000ffe05ac                FLEXIO1_DriverIRQHandler
                0x000000000ffe05ac                Reserved232_IRQHandler
                0x000000000ffe05ac                ENET_DriverIRQHandler
                0x000000000ffe05ac                Reserved43_IRQHandler
                0x000000000ffe05ac                DMA4_36_37_DriverIRQHandler
                0x000000000ffe05ac                Reserved21_IRQHandler
                0x000000000ffe05ac                DMA4_26_27_DriverIRQHandler
                0x000000000ffe05ac                SAI1_DriverIRQHandler
                0x000000000ffe05ac                Reserved278_IRQHandler
                0x000000000ffe05ac                Reserved277_IRQHandler
                0x000000000ffe05ac                DMA3_DriverIRQHandler
                0x000000000ffe05ac                TPM3_IRQHandler
                0x000000000ffe05ac                Reserved241_IRQHandler
                0x000000000ffe05ac                Reserved27_IRQHandler
                0x000000000ffe05ac                WDOG2_IRQHandler
                0x000000000ffe05ac                Reserved62_IRQHandler
                0x000000000ffe05ac                Reserved275_IRQHandler
                0x000000000ffe05ac                Reserved256_IRQHandler
                0x000000000ffe05ac                Reserved252_IRQHandler
                0x000000000ffe05ac                Reserved206_IRQHandler
                0x000000000ffe05ac                DMA4_18_19_DriverIRQHandler
                0x000000000ffe05ac                Reserved181_IRQHandler
                0x000000000ffe05ac                Reserved108_IRQHandler
                0x000000000ffe05ac                Reserved72_IRQHandler
                0x000000000ffe05ac                DMA4_12_13_DriverIRQHandler
                0x000000000ffe05ac                Reserved259_IRQHandler
                0x000000000ffe05ac                Reserved194_IRQHandler
                0x000000000ffe05ac                SecureFault_Handler
                0x000000000ffe05ac                DMA4_8_9_DriverIRQHandler
                0x000000000ffe05ac                PDM_ERROR_DriverIRQHandler
                0x000000000ffe05ac                Reserved66_IRQHandler
                0x000000000ffe05ac                Reserved20_IRQHandler
                0x000000000ffe05ac                Reserved249_IRQHandler
                0x000000000ffe05ac                Reserved107_IRQHandler
                0x000000000ffe05ac                LPSPI8_DriverIRQHandler
                0x000000000ffe05ac                Reserved98_IRQHandler
                0x000000000ffe05ac                Reserved17_IRQHandler
                0x000000000ffe05ac                Reserved189_IRQHandler
                0x000000000ffe05ac                Reserved47_IRQHandler
                0x000000000ffe05ac                Reserved271_IRQHandler
                0x000000000ffe05ac                Reserved258_IRQHandler
                0x000000000ffe05ac                CAN2_DriverIRQHandler
                0x000000000ffe05ac                DMA4_62_63_DriverIRQHandler
                0x000000000ffe05ac                CAN2_ERROR_DriverIRQHandler
                0x000000000ffe05ac                DMA4_44_45_DriverIRQHandler
                0x000000000ffe05ac                ENET_MAC0_Rx_Tx_Done1_DriverIRQHandler
                0x000000000ffe05ac                Reserved190_IRQHandler
                0x000000000ffe05ac                Reserved231_IRQHandler
                0x000000000ffe05ac                Reserved276_IRQHandler
                0x000000000ffe05ac                Reserved282_IRQHandler
                0x000000000ffe05ac                Reserved260_IRQHandler
                0x000000000ffe05ac                Reserved105_IRQHandler
                0x000000000ffe05ac                Reserved269_IRQHandler
                0x000000000ffe05ac                Reserved104_IRQHandler
                0x000000000ffe05ac                Reserved203_IRQHandler
                0x000000000ffe05ac                Reserved101_IRQHandler
                0x000000000ffe05ac                Reserved223_IRQHandler
                0x000000000ffe05ac                Reserved204_IRQHandler
                0x000000000ffe05ac                uSDHC3_DriverIRQHandler
                0x000000000ffe05ac                Reserved41_IRQHandler
                0x000000000ffe05ac                DMA4_60_61_DriverIRQHandler
                0x000000000ffe05ac                MemManage_Handler
                0x000000000ffe05ac                Reserved90_IRQHandler
                0x000000000ffe05ac                SAI2_DriverIRQHandler
                0x000000000ffe05ac                LPSPI6_DriverIRQHandler
                0x000000000ffe05ac                Reserved242_IRQHandler
                0x000000000ffe05ac                Reserved205_IRQHandler
                0x000000000ffe05ac                TPM6_IRQHandler
                0x000000000ffe05ac                Reserved48_IRQHandler
                0x000000000ffe05ac                PDM_EVENT_DriverIRQHandler
                0x000000000ffe05ac                ENET_QOS_PMT_IRQHandler
                0x000000000ffe05ac                Reserved185_IRQHandler
                0x000000000ffe05ac                DMA4_54_55_DriverIRQHandler
                0x000000000ffe05ac                Reserved222_IRQHandler
                0x000000000ffe05ac                MU2_B_IRQHandler
                0x000000000ffe05ac                SAI3_DriverIRQHandler
                0x000000000ffe05ac                Reserved254_IRQHandler
                0x000000000ffe05ac                Reserved109_IRQHandler
                0x000000000ffe05ac                Reserved244_IRQHandler
                0x000000000ffe05ac                DMA4_32_33_DriverIRQHandler
                0x000000000ffe05ac                ISI_IRQHandler
                0x000000000ffe05ac                DMA4_24_25_DriverIRQHandler
                0x000000000ffe05ac                Reserved255_IRQHandler
                0x000000000ffe05ac                DMA4_2_3_DriverIRQHandler
                0x000000000ffe05ac                LPI2C1_DriverIRQHandler
                0x000000000ffe05ac                Reserved262_IRQHandler
                0x000000000ffe05ac                DMA4_48_49_DriverIRQHandler
                0x000000000ffe05ac                Reserved142_IRQHandler
                0x000000000ffe05ac                Reserved184_IRQHandler
                0x000000000ffe05ac                Reserved100_IRQHandler
                0x000000000ffe05ac                LPSPI7_DriverIRQHandler
                0x000000000ffe05ac                LPSPI1_DriverIRQHandler
                0x000000000ffe05ac                Reserved26_IRQHandler
                0x000000000ffe05ac                Reserved245_IRQHandler
                0x000000000ffe05ac                DSI_IRQHandler
                0x000000000ffe05ac                Reserved251_IRQHandler
                0x000000000ffe05ac                Reserved46_IRQHandler
                0x000000000ffe05ac                Reserved202_IRQHandler
                0x000000000ffe05ac                Reserved273_IRQHandler
                0x000000000ffe05ac                Reserved246_IRQHandler
                0x000000000ffe05ac                ENET_QOS_DriverIRQHandler
                0x000000000ffe05ac                TPM4_IRQHandler
                0x000000000ffe05ac                LPSPI5_DriverIRQHandler
                0x000000000ffe05ac                Reserved270_IRQHandler
                0x000000000ffe05ac                Reserved23_IRQHandler
                0x000000000ffe05ac                Reserved266_IRQHandler
                0x000000000ffe05ac                Reserved240_IRQHandler
                0x000000000ffe05ac                Reserved45_IRQHandler
                0x000000000ffe05ac                DMA4_4_5_DriverIRQHandler
                0x000000000ffe05ac                LPI2C4_DriverIRQHandler
                0x000000000ffe05ac                DMA4_38_39_DriverIRQHandler
                0x000000000ffe05ac                Reserved73_IRQHandler
                0x000000000ffe05ac                DMA4_30_31_DriverIRQHandler
                0x000000000ffe05ac                TEMPMON_IRQHandler
                0x000000000ffe05ac                TPM1_IRQHandler
                0x000000000ffe05ac                Reserved106_IRQHandler
                0x000000000ffe05ac                uSDHC1_DriverIRQHandler
                0x000000000ffe05ac                DMA4_22_23_DriverIRQHandler
                0x000000000ffe05ac                uSDHC2_DriverIRQHandler
                0x000000000ffe05ac                Reserved51_IRQHandler
                0x000000000ffe05ac                Reserved192_IRQHandler
                0x000000000ffe05ac                LPIT1_IRQHandler
                0x000000000ffe05ac                CAN1_ERROR_DriverIRQHandler
                0x000000000ffe05ac                Reserved44_IRQHandler
                0x000000000ffe05ac                DMA4_42_43_DriverIRQHandler
                0x000000000ffe05ac                WDOG5_IRQHandler
                0x000000000ffe05ac                Reserved63_IRQHandler
                0x000000000ffe05ac                I3C1_DriverIRQHandler
                0x000000000ffe05ac                Reserved247_IRQHandler
                0x000000000ffe05ac                MU1_A_IRQHandler
                0x000000000ffe05ac                TPM5_IRQHandler
                0x000000000ffe05ac                DMA4_16_17_DriverIRQHandler
                0x000000000ffe05ac                BusFault_Handler
                0x000000000ffe05ac                DMA4_46_47_DriverIRQHandler
                0x000000000ffe05ac                PDM_HWVAD_ERROR_DriverIRQHandler
                0x000000000ffe05ac                LPSPI3_DriverIRQHandler
                0x000000000ffe05ac                Reserved201_IRQHandler
                0x000000000ffe05ac                PDM_HWVAD_EVENT_DriverIRQHandler
                0x000000000ffe05ac                LPI2C2_DriverIRQHandler
                0x000000000ffe05ac                DMA4_40_41_DriverIRQHandler
                0x000000000ffe05ac                WDOG3_IRQHandler
                0x000000000ffe05ac                LPTMR1_IRQHandler
                0x000000000ffe05ac                CAN1_DriverIRQHandler
                0x000000000ffe05ac                Reserved49_IRQHandler
                0x000000000ffe05ac                FlexSPI1_DriverIRQHandler
                0x000000000ffe05ac                Reserved281_IRQHandler
                0x000000000ffe05ac                LPI2C7_DriverIRQHandler
                0x000000000ffe05ac                Reserved219_IRQHandler
                0x000000000ffe05ac                Reserved237_IRQHandler
                0x000000000ffe05ac                LPI2C8_DriverIRQHandler
                0x000000000ffe05b0                NMI_Handler
                0x000000000ffe05b4                HardFault_Handler
                0x000000000ffe05b8                SVC_Handler
                0x000000000ffe05bc                PendSV_Handler
                0x000000000ffe05c0                SysTick_Handler
                0x000000000ffe05c4                CAN1_IRQHandler
                0x000000000ffe05c8                CAN1_ERROR_IRQHandler
                0x000000000ffe05cc                I3C1_IRQHandler
                0x000000000ffe05d0                LPI2C1_IRQHandler
                0x000000000ffe05d4                LPI2C2_IRQHandler
                0x000000000ffe05d8                LPSPI1_IRQHandler
                0x000000000ffe05dc                LPSPI2_IRQHandler
                0x000000000ffe05e0                LPUART1_IRQHandler
                0x000000000ffe05e4                LPUART2_IRQHandler
                0x000000000ffe05e8                SAI1_IRQHandler
                0x000000000ffe05ec                CAN2_IRQHandler
                0x000000000ffe05f0                CAN2_ERROR_IRQHandler
                0x000000000ffe05f4                FLEXIO1_IRQHandler
                0x000000000ffe05f8                FLEXIO2_IRQHandler
                0x000000000ffe05fc                FlexSPI1_IRQHandler
                0x000000000ffe0600                I3C2_IRQHandler
                0x000000000ffe0604                LPI2C3_IRQHandler
                0x000000000ffe0608                LPI2C4_IRQHandler
                0x000000000ffe060c                LPSPI3_IRQHandler
                0x000000000ffe0610                LPSPI4_IRQHandler
                0x000000000ffe0614                LPUART3_IRQHandler
                0x000000000ffe0618                LPUART4_IRQHandler
                0x000000000ffe061c                LPUART5_IRQHandler
                0x000000000ffe0620                LPUART6_IRQHandler
                0x000000000ffe0624                uSDHC1_IRQHandler
                0x000000000ffe0628                uSDHC2_IRQHandler
                0x000000000ffe062c                DMA3_ERROR_IRQHandler
                0x000000000ffe0634                DMA3_0_IRQHandler
                0x000000000ffe0640                DMA3_1_IRQHandler
                0x000000000ffe064c                DMA3_2_IRQHandler
                0x000000000ffe0658                DMA3_3_IRQHandler
                0x000000000ffe0664                DMA3_4_IRQHandler
                0x000000000ffe0670                DMA3_5_IRQHandler
                0x000000000ffe067c                DMA3_6_IRQHandler
                0x000000000ffe0688                DMA3_7_IRQHandler
                0x000000000ffe0694                DMA3_8_IRQHandler
                0x000000000ffe06a0                DMA3_9_IRQHandler
                0x000000000ffe06ac                DMA3_10_IRQHandler
                0x000000000ffe06b8                DMA3_11_IRQHandler
                0x000000000ffe06c4                DMA3_12_IRQHandler
                0x000000000ffe06d0                DMA3_13_IRQHandler
                0x000000000ffe06dc                DMA3_14_IRQHandler
                0x000000000ffe06e8                DMA3_15_IRQHandler
                0x000000000ffe06f4                DMA3_16_IRQHandler
                0x000000000ffe0700                DMA3_17_IRQHandler
                0x000000000ffe070c                DMA3_18_IRQHandler
                0x000000000ffe0718                DMA3_19_IRQHandler
                0x000000000ffe0724                DMA3_20_IRQHandler
                0x000000000ffe0730                DMA3_21_IRQHandler
                0x000000000ffe073c                DMA3_22_IRQHandler
                0x000000000ffe0748                DMA3_23_IRQHandler
                0x000000000ffe0754                DMA3_24_IRQHandler
                0x000000000ffe0760                DMA3_25_IRQHandler
                0x000000000ffe076c                DMA3_26_IRQHandler
                0x000000000ffe0778                DMA3_27_IRQHandler
                0x000000000ffe0784                DMA3_28_IRQHandler
                0x000000000ffe0790                DMA3_29_IRQHandler
                0x000000000ffe079c                DMA3_30_IRQHandler
                0x000000000ffe07a8                DMA4_ERROR_IRQHandler
                0x000000000ffe07ac                DMA4_0_1_IRQHandler
                0x000000000ffe07b0                DMA4_2_3_IRQHandler
                0x000000000ffe07b4                DMA4_4_5_IRQHandler
                0x000000000ffe07b8                DMA4_6_7_IRQHandler
                0x000000000ffe07bc                DMA4_8_9_IRQHandler
                0x000000000ffe07c0                DMA4_10_11_IRQHandler
                0x000000000ffe07c4                DMA4_12_13_IRQHandler
                0x000000000ffe07c8                DMA4_14_15_IRQHandler
                0x000000000ffe07cc                DMA4_16_17_IRQHandler
                0x000000000ffe07d0                DMA4_18_19_IRQHandler
                0x000000000ffe07d4                DMA4_20_21_IRQHandler
                0x000000000ffe07d8                DMA4_22_23_IRQHandler
                0x000000000ffe07dc                DMA4_24_25_IRQHandler
                0x000000000ffe07e0                DMA4_26_27_IRQHandler
                0x000000000ffe07e4                DMA4_28_29_IRQHandler
                0x000000000ffe07e8                DMA4_30_31_IRQHandler
                0x000000000ffe07ec                DMA4_32_33_IRQHandler
                0x000000000ffe07f0                DMA4_34_35_IRQHandler
                0x000000000ffe07f4                DMA4_36_37_IRQHandler
                0x000000000ffe07f8                DMA4_38_39_IRQHandler
                0x000000000ffe07fc                DMA4_40_41_IRQHandler
                0x000000000ffe0800                DMA4_42_43_IRQHandler
                0x000000000ffe0804                DMA4_44_45_IRQHandler
                0x000000000ffe0808                DMA4_46_47_IRQHandler
                0x000000000ffe080c                DMA4_48_49_IRQHandler
                0x000000000ffe0810                DMA4_50_51_IRQHandler
                0x000000000ffe0814                DMA4_52_53_IRQHandler
                0x000000000ffe0818                DMA4_54_55_IRQHandler
                0x000000000ffe081c                DMA4_56_57_IRQHandler
                0x000000000ffe0820                DMA4_58_59_IRQHandler
                0x000000000ffe0824                DMA4_60_61_IRQHandler
                0x000000000ffe0828                DMA4_62_63_IRQHandler
                0x000000000ffe082c                SAI2_IRQHandler
                0x000000000ffe0830                SAI3_IRQHandler
                0x000000000ffe0834                ENET_MAC0_Rx_Tx_Done1_IRQHandler
                0x000000000ffe0838                ENET_MAC0_Rx_Tx_Done2_IRQHandler
                0x000000000ffe083c                ENET_IRQHandler
                0x000000000ffe0840                ENET_1588_IRQHandler
                0x000000000ffe0844                ENET_QOS_IRQHandler
                0x000000000ffe0848                LPSPI5_IRQHandler
                0x000000000ffe084c                LPSPI6_IRQHandler
                0x000000000ffe0850                LPSPI7_IRQHandler
                0x000000000ffe0854                LPSPI8_IRQHandler
                0x000000000ffe0858                LPI2C5_IRQHandler
                0x000000000ffe085c                LPI2C6_IRQHandler
                0x000000000ffe0860                LPI2C7_IRQHandler
                0x000000000ffe0864                LPI2C8_IRQHandler
                0x000000000ffe0868                PDM_HWVAD_ERROR_IRQHandler
                0x000000000ffe086c                PDM_HWVAD_EVENT_IRQHandler
                0x000000000ffe0870                PDM_ERROR_IRQHandler
                0x000000000ffe0874                PDM_EVENT_IRQHandler
                0x000000000ffe0878                uSDHC3_IRQHandler
                0x000000000ffe087c                LPUART7_IRQHandler
                0x000000000ffe0880                LPUART8_IRQHandler
 .text          0x000000000ffe09e0       0xa0 CMakeFiles/hello_world.elf.dir/home/william/Downloads/Axon-imx93-2_16/devices/MIMX9352/utilities/fsl_memcpy.S.obj
                0x000000000ffe09e0                memcpy
 .text          0x000000000ffe0a80       0x10 /home/william/Downloads/gcc-arm-none-eabi-10.3-2021.10/bin/../lib/gcc/arm-none-eabi/10.3.1/../../../../arm-none-eabi/lib/thumb/v8-m.main+fp/hard/libc_nano.a(lib_a-strlen.o)
                0x000000000ffe0a80                strlen
 *(.text*)
 .text.startup.main
                0x000000000ffe0a90       0x24 CMakeFiles/hello_world.elf.dir/home/william/Downloads/Axon-imx93-2_16/boards/mcimx93evk/demo_apps/hello_world/hello_world.c.obj
                0x000000000ffe0a90                main
 .text.BOARD_InitPins
                0x000000000ffe0ab4       0x20 CMakeFiles/hello_world.elf.dir/home/william/Downloads/Axon-imx93-2_16/boards/mcimx93evk/demo_apps/hello_world/pin_mux.c.obj
                0x000000000ffe0ab4                BOARD_InitPins
 .text.BOARD_InitBootPins
                0x000000000ffe0ad4        0x4 CMakeFiles/hello_world.elf.dir/home/william/Downloads/Axon-imx93-2_16/boards/mcimx93evk/demo_apps/hello_world/pin_mux.c.obj
                0x000000000ffe0ad4                BOARD_InitBootPins
 .text.BOARD_InitDebugConsole
                0x000000000ffe0ad8       0x4c CMakeFiles/hello_world.elf.dir/home/william/Downloads/Axon-imx93-2_16/boards/mcimx93evk/demo_apps/hello_world/board.c.obj
                0x000000000ffe0ad8                BOARD_InitDebugConsole
 .text.BOARD_BootClockRUN
                0x000000000ffe0b24       0x94 CMakeFiles/hello_world.elf.dir/home/william/Downloads/Axon-imx93-2_16/boards/mcimx93evk/demo_apps/hello_world/clock_config.c.obj
                0x000000000ffe0b24                BOARD_BootClockRUN
 .text.HAL_UartInit
                0x000000000ffe0bb8       0x9c CMakeFiles/hello_world.elf.dir/home/william/Downloads/Axon-imx93-2_16/components/uart/fsl_adapter_lpuart.c.obj
                0x000000000ffe0bb8                HAL_UartInit
 .text.HAL_UartReceiveBlocking
                0x000000000ffe0c54       0x20 CMakeFiles/hello_world.elf.dir/home/william/Downloads/Axon-imx93-2_16/components/uart/fsl_adapter_lpuart.c.obj
                0x000000000ffe0c54                HAL_UartReceiveBlocking
 .text.HAL_UartSendBlocking
                0x000000000ffe0c74       0x18 CMakeFiles/hello_world.elf.dir/home/william/Downloads/Axon-imx93-2_16/components/uart/fsl_adapter_lpuart.c.obj
                0x000000000ffe0c74                HAL_UartSendBlocking
 .text.SerialManager_Init
                0x000000000ffe0c8c       0x2a CMakeFiles/hello_world.elf.dir/home/william/Downloads/Axon-imx93-2_16/components/serial_manager/fsl_component_serial_manager.c.obj
                0x000000000ffe0c8c                SerialManager_Init
 .text.SerialManager_OpenWriteHandle
                0x000000000ffe0cb6       0x26 CMakeFiles/hello_world.elf.dir/home/william/Downloads/Axon-imx93-2_16/components/serial_manager/fsl_component_serial_manager.c.obj
                0x000000000ffe0cb6                SerialManager_OpenWriteHandle
 .text.SerialManager_OpenReadHandle
                0x000000000ffe0cdc       0x2c CMakeFiles/hello_world.elf.dir/home/william/Downloads/Axon-imx93-2_16/components/serial_manager/fsl_component_serial_manager.c.obj
                0x000000000ffe0cdc                SerialManager_OpenReadHandle
 .text.SerialManager_WriteBlocking
                0x000000000ffe0d08       0x14 CMakeFiles/hello_world.elf.dir/home/william/Downloads/Axon-imx93-2_16/components/serial_manager/fsl_component_serial_manager.c.obj
                0x000000000ffe0d08                SerialManager_WriteBlocking
 .text.SerialManager_ReadBlocking
                0x000000000ffe0d1c       0x14 CMakeFiles/hello_world.elf.dir/home/william/Downloads/Axon-imx93-2_16/components/serial_manager/fsl_component_serial_manager.c.obj
                0x000000000ffe0d1c                SerialManager_ReadBlocking
 .text.Serial_UartInit
                0x000000000ffe0d30        0x4 CMakeFiles/hello_world.elf.dir/home/william/Downloads/Axon-imx93-2_16/components/serial_manager/fsl_component_serial_port_uart.c.obj
                0x000000000ffe0d30                Serial_UartInit
 .text.Serial_UartWrite
                0x000000000ffe0d34        0x4 CMakeFiles/hello_world.elf.dir/home/william/Downloads/Axon-imx93-2_16/components/serial_manager/fsl_component_serial_port_uart.c.obj
                0x000000000ffe0d34                Serial_UartWrite
 .text.Serial_UartRead
                0x000000000ffe0d38        0x4 CMakeFiles/hello_world.elf.dir/home/william/Downloads/Axon-imx93-2_16/components/serial_manager/fsl_component_serial_port_uart.c.obj
                0x000000000ffe0d38                Serial_UartRead
 .text.SystemInitHook
                0x000000000ffe0d3c        0x2 CMakeFiles/hello_world.elf.dir/home/william/Downloads/Axon-imx93-2_16/devices/MIMX9352/system_MIMX9352_cm33.c.obj
                0x000000000ffe0d3c                SystemInitHook
 *fill*         0x000000000ffe0d3e        0x2 
 .text.SystemInit
                0x000000000ffe0d40       0x1c CMakeFiles/hello_world.elf.dir/home/william/Downloads/Axon-imx93-2_16/devices/MIMX9352/system_MIMX9352_cm33.c.obj
                0x000000000ffe0d40                SystemInit
 .text.CLOCK_GetIpFreq
                0x000000000ffe0d5c       0x34 CMakeFiles/hello_world.elf.dir/home/william/Downloads/Axon-imx93-2_16/devices/MIMX9352/drivers/fsl_clock.c.obj
                0x000000000ffe0d5c                CLOCK_GetIpFreq
 .text.LPUART_GetInstance
                0x000000000ffe0d90       0x1c CMakeFiles/hello_world.elf.dir/home/william/Downloads/Axon-imx93-2_16/devices/MIMX9352/drivers/fsl_lpuart.c.obj
                0x000000000ffe0d90                LPUART_GetInstance
 .text.LPUART_Init
                0x000000000ffe0dac      0x1b8 CMakeFiles/hello_world.elf.dir/home/william/Downloads/Axon-imx93-2_16/devices/MIMX9352/drivers/fsl_lpuart.c.obj
                0x000000000ffe0dac                LPUART_Init
 .text.LPUART_GetDefaultConfig
                0x000000000ffe0f64       0x1e CMakeFiles/hello_world.elf.dir/home/william/Downloads/Axon-imx93-2_16/devices/MIMX9352/drivers/fsl_lpuart.c.obj
                0x000000000ffe0f64                LPUART_GetDefaultConfig
 *fill*         0x000000000ffe0f82        0x2 
 .text.LPUART_GetStatusFlags
                0x000000000ffe0f84       0x18 CMakeFiles/hello_world.elf.dir/home/william/Downloads/Axon-imx93-2_16/devices/MIMX9352/drivers/fsl_lpuart.c.obj
                0x000000000ffe0f84                LPUART_GetStatusFlags
 .text.LPUART_ClearStatusFlags
                0x000000000ffe0f9c       0x3c CMakeFiles/hello_world.elf.dir/home/william/Downloads/Axon-imx93-2_16/devices/MIMX9352/drivers/fsl_lpuart.c.obj
                0x000000000ffe0f9c                LPUART_ClearStatusFlags
 .text.LPUART_WriteBlocking
                0x000000000ffe0fd8       0x1e CMakeFiles/hello_world.elf.dir/home/william/Downloads/Axon-imx93-2_16/devices/MIMX9352/drivers/fsl_lpuart.c.obj
                0x000000000ffe0fd8                LPUART_WriteBlocking
 .text.LPUART_ReadBlocking
                0x000000000ffe0ff6       0xc4 CMakeFiles/hello_world.elf.dir/home/william/Downloads/Axon-imx93-2_16/devices/MIMX9352/drivers/fsl_lpuart.c.obj
                0x000000000ffe0ff6                LPUART_ReadBlocking
 *fill*         0x000000000ffe10ba        0x2 
 .text.LPUART1_DriverIRQHandler
                0x000000000ffe10bc       0x18 CMakeFiles/hello_world.elf.dir/home/william/Downloads/Axon-imx93-2_16/devices/MIMX9352/drivers/fsl_lpuart.c.obj
                0x000000000ffe10bc                LPUART1_DriverIRQHandler
 .text.LPUART2_DriverIRQHandler
                0x000000000ffe10d4       0x18 CMakeFiles/hello_world.elf.dir/home/william/Downloads/Axon-imx93-2_16/devices/MIMX9352/drivers/fsl_lpuart.c.obj
                0x000000000ffe10d4                LPUART2_DriverIRQHandler
 .text.LPUART3_DriverIRQHandler
                0x000000000ffe10ec       0x18 CMakeFiles/hello_world.elf.dir/home/william/Downloads/Axon-imx93-2_16/devices/MIMX9352/drivers/fsl_lpuart.c.obj
                0x000000000ffe10ec                LPUART3_DriverIRQHandler
 .text.LPUART4_DriverIRQHandler
                0x000000000ffe1104       0x18 CMakeFiles/hello_world.elf.dir/home/william/Downloads/Axon-imx93-2_16/devices/MIMX9352/drivers/fsl_lpuart.c.obj
                0x000000000ffe1104                LPUART4_DriverIRQHandler
 .text.LPUART5_DriverIRQHandler
                0x000000000ffe111c       0x18 CMakeFiles/hello_world.elf.dir/home/william/Downloads/Axon-imx93-2_16/devices/MIMX9352/drivers/fsl_lpuart.c.obj
                0x000000000ffe111c                LPUART5_DriverIRQHandler
 .text.LPUART6_DriverIRQHandler
                0x000000000ffe1134       0x18 CMakeFiles/hello_world.elf.dir/home/william/Downloads/Axon-imx93-2_16/devices/MIMX9352/drivers/fsl_lpuart.c.obj
                0x000000000ffe1134                LPUART6_DriverIRQHandler
 .text.LPUART7_DriverIRQHandler
                0x000000000ffe114c       0x18 CMakeFiles/hello_world.elf.dir/home/william/Downloads/Axon-imx93-2_16/devices/MIMX9352/drivers/fsl_lpuart.c.obj
                0x000000000ffe114c                LPUART7_DriverIRQHandler
 .text.LPUART8_DriverIRQHandler
                0x000000000ffe1164       0x18 CMakeFiles/hello_world.elf.dir/home/william/Downloads/Axon-imx93-2_16/devices/MIMX9352/drivers/fsl_lpuart.c.obj
                0x000000000ffe1164                LPUART8_DriverIRQHandler
 .text.DbgConsole_ReadOneCharacter
                0x000000000ffe117c       0x20 CMakeFiles/hello_world.elf.dir/home/william/Downloads/Axon-imx93-2_16/devices/MIMX9352/utilities/debug_console/fsl_debug_console.c.obj
                0x000000000ffe117c                DbgConsole_ReadOneCharacter
 .text.DbgConsole_SendDataReliable
                0x000000000ffe119c       0x30 CMakeFiles/hello_world.elf.dir/home/william/Downloads/Axon-imx93-2_16/devices/MIMX9352/utilities/debug_console/fsl_debug_console.c.obj
                0x000000000ffe119c                DbgConsole_SendDataReliable
 .text.DbgConsole_PrintCallback
                0x000000000ffe11cc       0x3a CMakeFiles/hello_world.elf.dir/home/william/Downloads/Axon-imx93-2_16/devices/MIMX9352/utilities/debug_console/fsl_debug_console.c.obj
 *fill*         0x000000000ffe1206        0x2 
 .text.DbgConsole_ReadCharacter
                0x000000000ffe1208       0x1c CMakeFiles/hello_world.elf.dir/home/william/Downloads/Axon-imx93-2_16/devices/MIMX9352/utilities/debug_console/fsl_debug_console.c.obj
                0x000000000ffe1208                DbgConsole_ReadCharacter
 .text.DbgConsole_Init
                0x000000000ffe1224       0x8c CMakeFiles/hello_world.elf.dir/home/william/Downloads/Axon-imx93-2_16/devices/MIMX9352/utilities/debug_console/fsl_debug_console.c.obj
                0x000000000ffe1224                DbgConsole_Init
 .text.DbgConsole_Vprintf
                0x000000000ffe12b0       0x3c CMakeFiles/hello_world.elf.dir/home/william/Downloads/Axon-imx93-2_16/devices/MIMX9352/utilities/debug_console/fsl_debug_console.c.obj
                0x000000000ffe12b0                DbgConsole_Vprintf
 .text.DbgConsole_Printf
                0x000000000ffe12ec       0x1a CMakeFiles/hello_world.elf.dir/home/william/Downloads/Axon-imx93-2_16/devices/MIMX9352/utilities/debug_console/fsl_debug_console.c.obj
                0x000000000ffe12ec                DbgConsole_Printf
 .text.DbgConsole_Putchar
                0x000000000ffe1306       0x12 CMakeFiles/hello_world.elf.dir/home/william/Downloads/Axon-imx93-2_16/devices/MIMX9352/utilities/debug_console/fsl_debug_console.c.obj
                0x000000000ffe1306                DbgConsole_Putchar
 .text.DbgConsole_Getchar
                0x000000000ffe1318       0x22 CMakeFiles/hello_world.elf.dir/home/william/Downloads/Axon-imx93-2_16/devices/MIMX9352/utilities/debug_console/fsl_debug_console.c.obj
                0x000000000ffe1318                DbgConsole_Getchar
 .text.ConvertRadixNumToString.constprop.0
                0x000000000ffe133a       0x46 CMakeFiles/hello_world.elf.dir/home/william/Downloads/Axon-imx93-2_16/devices/MIMX9352/utilities/str/fsl_str.c.obj
 .text.StrFormatPrintf
                0x000000000ffe1380      0x1c6 CMakeFiles/hello_world.elf.dir/home/william/Downloads/Axon-imx93-2_16/devices/MIMX9352/utilities/str/fsl_str.c.obj
                0x000000000ffe1380                StrFormatPrintf
 *fill*         0x000000000ffe1546        0x2 
 .text.exit     0x000000000ffe1548       0x28 /home/william/Downloads/gcc-arm-none-eabi-10.3-2021.10/bin/../lib/gcc/arm-none-eabi/10.3.1/../../../../arm-none-eabi/lib/thumb/v8-m.main+fp/hard/libc_nano.a(lib_a-exit.o)
                0x000000000ffe1548                exit
 .text.__libc_init_array
                0x000000000ffe1570       0x48 /home/william/Downloads/gcc-arm-none-eabi-10.3-2021.10/bin/../lib/gcc/arm-none-eabi/10.3.1/../../../../arm-none-eabi/lib/thumb/v8-m.main+fp/hard/libc_nano.a(lib_a-init.o)
                0x000000000ffe1570                __libc_init_array
 .text.memset   0x000000000ffe15b8       0x10 /home/william/Downloads/gcc-arm-none-eabi-10.3-2021.10/bin/../lib/gcc/arm-none-eabi/10.3.1/../../../../arm-none-eabi/lib/thumb/v8-m.main+fp/hard/libc_nano.a(lib_a-memset.o)
                0x000000000ffe15b8                memset
 .text._exit    0x000000000ffe15c8        0x4 /home/william/Downloads/gcc-arm-none-eabi-10.3-2021.10/bin/../lib/gcc/arm-none-eabi/10.3.1/../../../../arm-none-eabi/lib/thumb/v8-m.main+fp/hard/libnosys.a(_exit.o)
                0x000000000ffe15c8                _exit
                0x000000000ffe15cc                __quickcodeaccess_start__ = .
                0x000000000ffe15e0                . = ALIGN (0x20)
 *fill*         0x000000000ffe15cc       0x14 
 *(CodeQuickAccess)
                0x000000000ffe15e0                . = ALIGN (0x20)
                0x000000000ffe15e0                __quickcodeaccess_end__ = .
 *(.rodata)
 *(.rodata*)
 .rodata.main.str1.1
                0x000000000ffe15e0        0xf CMakeFiles/hello_world.elf.dir/home/william/Downloads/Axon-imx93-2_16/boards/mcimx93evk/demo_apps/hello_world/hello_world.c.obj
 *fill*         0x000000000ffe15ef        0x1 
 .rodata.s_LpuartAdapterBase
                0x000000000ffe15f0       0x24 CMakeFiles/hello_world.elf.dir/home/william/Downloads/Axon-imx93-2_16/components/uart/fsl_adapter_lpuart.c.obj
 .rodata.s_clockSourceName
                0x000000000ffe1614      0x17c CMakeFiles/hello_world.elf.dir/home/william/Downloads/Axon-imx93-2_16/devices/MIMX9352/drivers/fsl_clock.c.obj
                0x000000000ffe1614                s_clockSourceName
 .rodata.s_lpuartBases
                0x000000000ffe1790       0x24 CMakeFiles/hello_world.elf.dir/home/william/Downloads/Axon-imx93-2_16/devices/MIMX9352/drivers/fsl_lpuart.c.obj
 .rodata.s_lpuartClock
                0x000000000ffe17b4        0x9 CMakeFiles/hello_world.elf.dir/home/william/Downloads/Axon-imx93-2_16/devices/MIMX9352/drivers/fsl_lpuart.c.obj
 *fill*         0x000000000ffe17bd        0x3 
 .rodata._global_impure_ptr
                0x000000000ffe17c0        0x4 /home/william/Downloads/gcc-arm-none-eabi-10.3-2021.10/bin/../lib/gcc/arm-none-eabi/10.3.1/../../../../arm-none-eabi/lib/thumb/v8-m.main+fp/hard/libc_nano.a(lib_a-impure.o)
                0x000000000ffe17c0                _global_impure_ptr
 *(.glue_7)
 .glue_7        0x000000000ffe17c4        0x0 linker stubs
 *(.glue_7t)
 .glue_7t       0x000000000ffe17c4        0x0 linker stubs
 *(.eh_frame)
 .eh_frame      0x000000000ffe17c4        0x0 /home/william/Downloads/gcc-arm-none-eabi-10.3-2021.10/bin/../lib/gcc/arm-none-eabi/10.3.1/thumb/v8-m.main+fp/hard/crtbegin.o
 *(.init)
 .init          0x000000000ffe17c4        0x4 /home/william/Downloads/gcc-arm-none-eabi-10.3-2021.10/bin/../lib/gcc/arm-none-eabi/10.3.1/thumb/v8-m.main+fp/hard/crti.o
                0x000000000ffe17c4                _init
 .init          0x000000000ffe17c8        0x8 /home/william/Downloads/gcc-arm-none-eabi-10.3-2021.10/bin/../lib/gcc/arm-none-eabi/10.3.1/thumb/v8-m.main+fp/hard/crtn.o
 *(.fini)
 .fini          0x000000000ffe17d0        0x4 /home/william/Downloads/gcc-arm-none-eabi-10.3-2021.10/bin/../lib/gcc/arm-none-eabi/10.3.1/thumb/v8-m.main+fp/hard/crti.o
                0x000000000ffe17d0                _fini
 .fini          0x000000000ffe17d4        0x8 /home/william/Downloads/gcc-arm-none-eabi-10.3-2021.10/bin/../lib/gcc/arm-none-eabi/10.3.1/thumb/v8-m.main+fp/hard/crtn.o
                0x000000000ffe17dc                . = ALIGN (0x4)

.vfp11_veneer   0x000000000ffe17dc        0x0
 .vfp11_veneer  0x000000000ffe17dc        0x0 linker stubs

.v4_bx          0x000000000ffe17dc        0x0
 .v4_bx         0x000000000ffe17dc        0x0 linker stubs

.iplt           0x000000000ffe17dc        0x0
 .iplt          0x000000000ffe17dc        0x0 /home/william/Downloads/gcc-arm-none-eabi-10.3-2021.10/bin/../lib/gcc/arm-none-eabi/10.3.1/thumb/v8-m.main+fp/hard/crtbegin.o

.ARM.extab
 *(.ARM.extab* .gnu.linkonce.armextab.*)

.ARM            0x000000000ffe17dc        0x8
                0x000000000ffe17dc                __exidx_start = .
 *(.ARM.exidx*)
 .ARM.exidx     0x000000000ffe17dc        0x8 /home/william/Downloads/gcc-arm-none-eabi-10.3-2021.10/bin/../lib/gcc/arm-none-eabi/10.3.1/../../../../arm-none-eabi/lib/thumb/v8-m.main+fp/hard/crt0.o
                                         0x10 (size before relaxing)
                0x000000000ffe17e4                __exidx_end = .

.rel.dyn        0x000000000ffe17e4        0x0
 .rel.iplt      0x000000000ffe17e4        0x0 /home/william/Downloads/gcc-arm-none-eabi-10.3-2021.10/bin/../lib/gcc/arm-none-eabi/10.3.1/thumb/v8-m.main+fp/hard/crtbegin.o

.ctors          0x000000000ffe17e4        0x0
                0x000000000ffe17e4                __CTOR_LIST__ = .
 *crtbegin.o(.ctors)
 *crtbegin?.o(.ctors)
 *(EXCLUDE_FILE(*crtend.o *crtend?.o) .ctors)
 *(SORT_BY_NAME(.ctors.*))
 *(.ctors)
                0x000000000ffe17e4                __CTOR_END__ = .

.dtors          0x000000000ffe17e4        0x0
                0x000000000ffe17e4                __DTOR_LIST__ = .
 *crtbegin.o(.dtors)
 *crtbegin?.o(.dtors)
 *(EXCLUDE_FILE(*crtend.o *crtend?.o) .dtors)
 *(SORT_BY_NAME(.dtors.*))
 *(.dtors)
                0x000000000ffe17e4                __DTOR_END__ = .

.preinit_array  0x000000000ffe17e4        0x0
                0x000000000ffe17e4                PROVIDE (__preinit_array_start = .)
 *(.preinit_array*)
                0x000000000ffe17e4                PROVIDE (__preinit_array_end = .)

.init_array     0x000000000ffe17e4        0x4
                0x000000000ffe17e4                PROVIDE (__init_array_start = .)
 *(SORT_BY_NAME(.init_array.*))
 *(.init_array*)
 .init_array    0x000000000ffe17e4        0x4 /home/william/Downloads/gcc-arm-none-eabi-10.3-2021.10/bin/../lib/gcc/arm-none-eabi/10.3.1/thumb/v8-m.main+fp/hard/crtbegin.o
                0x000000000ffe17e8                PROVIDE (__init_array_end = .)

.fini_array     0x000000000ffe17e8        0x4
                [!provide]                        PROVIDE (__fini_array_start = .)
 *(SORT_BY_NAME(.fini_array.*))
 *(.fini_array*)
 .fini_array    0x000000000ffe17e8        0x4 /home/william/Downloads/gcc-arm-none-eabi-10.3-2021.10/bin/../lib/gcc/arm-none-eabi/10.3.1/thumb/v8-m.main+fp/hard/crtbegin.o
                [!provide]                        PROVIDE (__fini_array_end = .)
                0x000000000ffe17ec                __etext = .
                0x000000000ffe17ec                __DATA_ROM = .

.interrupts_ram
                0x0000000020003000        0x0
                0x0000000020003000                . = ALIGN (0x4)
                0x0000000020003000                __VECTOR_RAM__ = .
                0x0000000020003000                __interrupts_ram_start__ = .
 *(.m_interrupts_ram)
                0x0000000020003000                . = (. + M_VECTOR_RAM_SIZE)
                0x0000000020003000                . = ALIGN (0x4)
                0x0000000020003000                __interrupts_ram_end__ = .
                0x000000000ffe0000                __VECTOR_RAM = DEFINED (__ram_vector_table__)?__VECTOR_RAM__:ORIGIN (m_interrupts)
                0x0000000000000000                __RAM_VECTOR_TABLE_SIZE_BYTES = DEFINED (__ram_vector_table__)?(__interrupts_ram_end__ - __interrupts_ram_start__):0x0

.data           0x0000000020003000       0xa4 load address 0x000000000ffe17ec
                0x0000000020003000                . = ALIGN (0x4)
                0x0000000020003000                __DATA_RAM = .
                0x0000000020003000                __data_start__ = .
                0x0000000020003000                __quickdataaccess_start__ = .
                0x0000000020003000                . = ALIGN (0x20)
 *(DataQuickAccess)
                0x0000000020003000                . = ALIGN (0x20)
                0x0000000020003000                __quickdataaccess_end__ = .
 *(.data)
 *(.data*)
 .data.g_clockSourceFreq
                0x0000000020003000       0x44 CMakeFiles/hello_world.elf.dir/home/william/Downloads/Axon-imx93-2_16/devices/MIMX9352/drivers/fsl_clock.c.obj
                0x0000000020003000                g_clockSourceFreq
 .data.impure_data
                0x0000000020003044       0x60 /home/william/Downloads/gcc-arm-none-eabi-10.3-2021.10/bin/../lib/gcc/arm-none-eabi/10.3.1/../../../../arm-none-eabi/lib/thumb/v8-m.main+fp/hard/libc_nano.a(lib_a-impure.o)
 *(.jcr*)
                0x00000000200030a4                . = ALIGN (0x4)
                0x00000000200030a4                __data_end__ = .
                0x000000000ffe1890                __DATA_END = (__DATA_ROM + (__data_end__ - __data_start__))
                0x0000000010000000                text_end = (ORIGIN (m_text) + LENGTH (m_text))
                0x0000000000000001                ASSERT ((__DATA_END <= text_end), region m_text overflowed with text and data)

.igot.plt       0x00000000200030a4        0x0 load address 0x000000000ffe1890
 .igot.plt      0x00000000200030a4        0x0 /home/william/Downloads/gcc-arm-none-eabi-10.3-2021.10/bin/../lib/gcc/arm-none-eabi/10.3.1/thumb/v8-m.main+fp/hard/crtbegin.o

.bss            0x00000000200030a4       0x8c load address 0x000000000ffe1890
                0x00000000200030a4                . = ALIGN (0x4)
                0x00000000200030a4                __START_BSS = .
                0x00000000200030a4                __bss_start__ = .
 *(.bss)
 .bss           0x00000000200030a4       0x1c /home/william/Downloads/gcc-arm-none-eabi-10.3-2021.10/bin/../lib/gcc/arm-none-eabi/10.3.1/thumb/v8-m.main+fp/hard/crtbegin.o
 *(.bss*)
 .bss.s_lpuartHandle
                0x00000000200030c0       0x24 CMakeFiles/hello_world.elf.dir/home/william/Downloads/Axon-imx93-2_16/devices/MIMX9352/drivers/fsl_lpuart.c.obj
                0x00000000200030c0                s_lpuartHandle
 .bss.s_lpuartIsr
                0x00000000200030e4       0x24 CMakeFiles/hello_world.elf.dir/home/william/Downloads/Axon-imx93-2_16/devices/MIMX9352/drivers/fsl_lpuart.c.obj
                0x00000000200030e4                s_lpuartIsr
 .bss.g_serialHandle
                0x0000000020003108        0x4 CMakeFiles/hello_world.elf.dir/home/william/Downloads/Axon-imx93-2_16/devices/MIMX9352/utilities/debug_console/fsl_debug_console.c.obj
                0x0000000020003108                g_serialHandle
 .bss.s_debugConsoleReadWaitSemaphore
                0x000000002000310c        0x1 CMakeFiles/hello_world.elf.dir/home/william/Downloads/Axon-imx93-2_16/devices/MIMX9352/utilities/debug_console/fsl_debug_console.c.obj
 *fill*         0x000000002000310d        0x3 
 .bss.s_debugConsoleState
                0x0000000020003110       0x20 CMakeFiles/hello_world.elf.dir/home/william/Downloads/Axon-imx93-2_16/devices/MIMX9352/utilities/debug_console/fsl_debug_console.c.obj
 *(COMMON)
                0x0000000020003130                . = ALIGN (0x4)
                0x0000000020003130                __bss_end__ = .
                0x0000000020003130                __END_BSS = .

.m33_suspend    0x0000000020000000        0x0
 *(M33SuspendRam)
                0x0000000020000000                . = ALIGN (0x4)

.heap           0x0000000020003130      0x400 load address 0x000000000ffe191c
                0x0000000020003130                . = ALIGN (0x8)
                0x0000000020003130                __end__ = .
                0x0000000020003130                PROVIDE (end = .)
                0x0000000020003130                __HeapBase = .
                0x0000000020003530                . = (. + HEAP_SIZE)
 *fill*         0x0000000020003130      0x400 
                0x0000000020003530                __HeapLimit = .
                0x0000000020003530                __heap_limit = .

.stack          0x0000000020003530      0x400 load address 0x000000000ffe1d1c
                0x0000000020003530                . = ALIGN (0x8)
                0x0000000020003930                . = (. + STACK_SIZE)
 *fill*         0x0000000020003530      0x400 
                0x000000002001e000                __StackTop = (ORIGIN (m_data) + LENGTH (m_data))
                0x000000002001dc00                __StackLimit = (__StackTop - STACK_SIZE)
                0x000000002001e000                PROVIDE (__stack = __StackTop)
                0x000000002001e000                __RscTblStart = ORIGIN (m_rsc_tbl)
                0x000000002001f000                __RscTblEnd = (ORIGIN (m_rsc_tbl) + LENGTH (m_rsc_tbl))

.ARM.attributes
                0x0000000000000000       0x36
 *(.ARM.attributes)
 .ARM.attributes
                0x0000000000000000       0x22 /home/william/Downloads/gcc-arm-none-eabi-10.3-2021.10/bin/../lib/gcc/arm-none-eabi/10.3.1/thumb/v8-m.main+fp/hard/crti.o
 .ARM.attributes
                0x0000000000000022       0x38 /home/william/Downloads/gcc-arm-none-eabi-10.3-2021.10/bin/../lib/gcc/arm-none-eabi/10.3.1/thumb/v8-m.main+fp/hard/crtbegin.o
 .ARM.attributes
                0x000000000000005a       0x20 /home/william/Downloads/gcc-arm-none-eabi-10.3-2021.10/bin/../lib/gcc/arm-none-eabi/10.3.1/../../../../arm-none-eabi/lib/thumb/v8-m.main+fp/hard/crt0.o
 .ARM.attributes
                0x000000000000007a       0x3a CMakeFiles/hello_world.elf.dir/home/william/Downloads/Axon-imx93-2_16/boards/mcimx93evk/demo_apps/hello_world/hello_world.c.obj
 .ARM.attributes
                0x00000000000000b4       0x3a CMakeFiles/hello_world.elf.dir/home/william/Downloads/Axon-imx93-2_16/boards/mcimx93evk/demo_apps/hello_world/pin_mux.c.obj
 .ARM.attributes
                0x00000000000000ee       0x3a CMakeFiles/hello_world.elf.dir/home/william/Downloads/Axon-imx93-2_16/boards/mcimx93evk/demo_apps/hello_world/board.c.obj
 .ARM.attributes
                0x0000000000000128       0x3a CMakeFiles/hello_world.elf.dir/home/william/Downloads/Axon-imx93-2_16/boards/mcimx93evk/demo_apps/hello_world/clock_config.c.obj
 .ARM.attributes
                0x0000000000000162       0x3a CMakeFiles/hello_world.elf.dir/home/william/Downloads/Axon-imx93-2_16/components/uart/fsl_adapter_lpuart.c.obj
 .ARM.attributes
                0x000000000000019c       0x3a CMakeFiles/hello_world.elf.dir/home/william/Downloads/Axon-imx93-2_16/components/serial_manager/fsl_component_serial_manager.c.obj
 .ARM.attributes
                0x00000000000001d6       0x3a CMakeFiles/hello_world.elf.dir/home/william/Downloads/Axon-imx93-2_16/components/serial_manager/fsl_component_serial_port_uart.c.obj
 .ARM.attributes
                0x0000000000000210       0x3a CMakeFiles/hello_world.elf.dir/home/william/Downloads/Axon-imx93-2_16/devices/MIMX9352/system_MIMX9352_cm33.c.obj
 .ARM.attributes
                0x000000000000024a       0x24 CMakeFiles/hello_world.elf.dir/home/william/Downloads/Axon-imx93-2_16/devices/MIMX9352/gcc/startup_MIMX9352_cm33.S.obj
 .ARM.attributes
                0x000000000000026e       0x3a CMakeFiles/hello_world.elf.dir/home/william/Downloads/Axon-imx93-2_16/devices/MIMX9352/drivers/fsl_clock.c.obj
 .ARM.attributes
                0x00000000000002a8       0x3a CMakeFiles/hello_world.elf.dir/home/william/Downloads/Axon-imx93-2_16/devices/MIMX9352/drivers/fsl_lpuart.c.obj
 .ARM.attributes
                0x00000000000002e2       0x26 CMakeFiles/hello_world.elf.dir/home/william/Downloads/Axon-imx93-2_16/devices/MIMX9352/utilities/fsl_memcpy.S.obj
 .ARM.attributes
                0x0000000000000308       0x3a CMakeFiles/hello_world.elf.dir/home/william/Downloads/Axon-imx93-2_16/devices/MIMX9352/utilities/debug_console/fsl_debug_console.c.obj
 .ARM.attributes
                0x0000000000000342       0x3a CMakeFiles/hello_world.elf.dir/home/william/Downloads/Axon-imx93-2_16/devices/MIMX9352/utilities/str/fsl_str.c.obj
 .ARM.attributes
                0x000000000000037c       0x38 /home/william/Downloads/gcc-arm-none-eabi-10.3-2021.10/bin/../lib/gcc/arm-none-eabi/10.3.1/../../../../arm-none-eabi/lib/thumb/v8-m.main+fp/hard/libc_nano.a(lib_a-exit.o)
 .ARM.attributes
                0x00000000000003b4       0x38 /home/william/Downloads/gcc-arm-none-eabi-10.3-2021.10/bin/../lib/gcc/arm-none-eabi/10.3.1/../../../../arm-none-eabi/lib/thumb/v8-m.main+fp/hard/libc_nano.a(lib_a-impure.o)
 .ARM.attributes
                0x00000000000003ec       0x38 /home/william/Downloads/gcc-arm-none-eabi-10.3-2021.10/bin/../lib/gcc/arm-none-eabi/10.3.1/../../../../arm-none-eabi/lib/thumb/v8-m.main+fp/hard/libc_nano.a(lib_a-init.o)
 .ARM.attributes
                0x0000000000000424       0x38 /home/william/Downloads/gcc-arm-none-eabi-10.3-2021.10/bin/../lib/gcc/arm-none-eabi/10.3.1/../../../../arm-none-eabi/lib/thumb/v8-m.main+fp/hard/libc_nano.a(lib_a-memset.o)
 .ARM.attributes
                0x000000000000045c       0x17 /home/william/Downloads/gcc-arm-none-eabi-10.3-2021.10/bin/../lib/gcc/arm-none-eabi/10.3.1/../../../../arm-none-eabi/lib/thumb/v8-m.main+fp/hard/libc_nano.a(lib_a-strlen.o)
 .ARM.attributes
                0x0000000000000473       0x38 /home/william/Downloads/gcc-arm-none-eabi-10.3-2021.10/bin/../lib/gcc/arm-none-eabi/10.3.1/../../../../arm-none-eabi/lib/thumb/v8-m.main+fp/hard/libnosys.a(_exit.o)
 .ARM.attributes
                0x00000000000004ab       0x22 /home/william/Downloads/gcc-arm-none-eabi-10.3-2021.10/bin/../lib/gcc/arm-none-eabi/10.3.1/thumb/v8-m.main+fp/hard/crtn.o
                0x0000000000000001                ASSERT ((__StackLimit >= __HeapLimit), region m_data overflowed with stack and heap)
OUTPUT(release/hello_world.elf elf32-littlearm)
LOAD linker stubs

.comment        0x0000000000000000       0x49
 .comment       0x0000000000000000       0x49 CMakeFiles/hello_world.elf.dir/home/william/Downloads/Axon-imx93-2_16/boards/mcimx93evk/demo_apps/hello_world/hello_world.c.obj
                                         0x4a (size before relaxing)
 .comment       0x0000000000000049       0x4a CMakeFiles/hello_world.elf.dir/home/william/Downloads/Axon-imx93-2_16/boards/mcimx93evk/demo_apps/hello_world/pin_mux.c.obj
 .comment       0x0000000000000049       0x4a CMakeFiles/hello_world.elf.dir/home/william/Downloads/Axon-imx93-2_16/boards/mcimx93evk/demo_apps/hello_world/board.c.obj
 .comment       0x0000000000000049       0x4a CMakeFiles/hello_world.elf.dir/home/william/Downloads/Axon-imx93-2_16/boards/mcimx93evk/demo_apps/hello_world/clock_config.c.obj
 .comment       0x0000000000000049       0x4a CMakeFiles/hello_world.elf.dir/home/william/Downloads/Axon-imx93-2_16/components/uart/fsl_adapter_lpuart.c.obj
 .comment       0x0000000000000049       0x4a CMakeFiles/hello_world.elf.dir/home/william/Downloads/Axon-imx93-2_16/components/serial_manager/fsl_component_serial_manager.c.obj
 .comment       0x0000000000000049       0x4a CMakeFiles/hello_world.elf.dir/home/william/Downloads/Axon-imx93-2_16/components/serial_manager/fsl_component_serial_port_uart.c.obj
 .comment       0x0000000000000049       0x4a CMakeFiles/hello_world.elf.dir/home/william/Downloads/Axon-imx93-2_16/devices/MIMX9352/system_MIMX9352_cm33.c.obj
 .comment       0x0000000000000049       0x4a CMakeFiles/hello_world.elf.dir/home/william/Downloads/Axon-imx93-2_16/devices/MIMX9352/drivers/fsl_clock.c.obj
 .comment       0x0000000000000049       0x4a CMakeFiles/hello_world.elf.dir/home/william/Downloads/Axon-imx93-2_16/devices/MIMX9352/drivers/fsl_lpuart.c.obj
 .comment       0x0000000000000049       0x4a CMakeFiles/hello_world.elf.dir/home/william/Downloads/Axon-imx93-2_16/devices/MIMX9352/utilities/debug_console/fsl_debug_console.c.obj
 .comment       0x0000000000000049       0x4a CMakeFiles/hello_world.elf.dir/home/william/Downloads/Axon-imx93-2_16/devices/MIMX9352/utilities/str/fsl_str.c.obj

.debug_frame    0x0000000000000000       0x94
 .debug_frame   0x0000000000000000       0x28 /home/william/Downloads/gcc-arm-none-eabi-10.3-2021.10/bin/../lib/gcc/arm-none-eabi/10.3.1/../../../../arm-none-eabi/lib/thumb/v8-m.main+fp/hard/libc_nano.a(lib_a-exit.o)
 .debug_frame   0x0000000000000028       0x2c /home/william/Downloads/gcc-arm-none-eabi-10.3-2021.10/bin/../lib/gcc/arm-none-eabi/10.3.1/../../../../arm-none-eabi/lib/thumb/v8-m.main+fp/hard/libc_nano.a(lib_a-init.o)
 .debug_frame   0x0000000000000054       0x20 /home/william/Downloads/gcc-arm-none-eabi-10.3-2021.10/bin/../lib/gcc/arm-none-eabi/10.3.1/../../../../arm-none-eabi/lib/thumb/v8-m.main+fp/hard/libc_nano.a(lib_a-memset.o)
 .debug_frame   0x0000000000000074       0x20 /home/william/Downloads/gcc-arm-none-eabi-10.3-2021.10/bin/../lib/gcc/arm-none-eabi/10.3.1/../../../../arm-none-eabi/lib/thumb/v8-m.main+fp/hard/libnosys.a(_exit.o)
