Archive member included to satisfy reference by file (symbol)

/home/william/Downloads/gcc-arm-none-eabi-10.3-2021.10/bin/../lib/gcc/arm-none-eabi/10.3.1/../../../../arm-none-eabi/lib/thumb/v8-m.main+fp/hard/libc_nano.a(lib_a-errno.o)
                              CMakeFiles/rpmsg_lite_pingpong_rtos_linux_remote.elf.dir/home/william/Downloads/Axon-imx93-2_16/devices/MIMX9352/utilities/fsl_sbrk.c.obj (__errno)
/home/william/Downloads/gcc-arm-none-eabi-10.3-2021.10/bin/../lib/gcc/arm-none-eabi/10.3.1/../../../../arm-none-eabi/lib/thumb/v8-m.main+fp/hard/libc_nano.a(lib_a-exit.o)
                              /home/william/Downloads/gcc-arm-none-eabi-10.3-2021.10/bin/../lib/gcc/arm-none-eabi/10.3.1/../../../../arm-none-eabi/lib/thumb/v8-m.main+fp/hard/crt0.o (exit)
/home/william/Downloads/gcc-arm-none-eabi-10.3-2021.10/bin/../lib/gcc/arm-none-eabi/10.3.1/../../../../arm-none-eabi/lib/thumb/v8-m.main+fp/hard/libc_nano.a(lib_a-impure.o)
                              /home/william/Downloads/gcc-arm-none-eabi-10.3-2021.10/bin/../lib/gcc/arm-none-eabi/10.3.1/../../../../arm-none-eabi/lib/thumb/v8-m.main+fp/hard/libc_nano.a(lib_a-exit.o) (_global_impure_ptr)
/home/william/Downloads/gcc-arm-none-eabi-10.3-2021.10/bin/../lib/gcc/arm-none-eabi/10.3.1/../../../../arm-none-eabi/lib/thumb/v8-m.main+fp/hard/libc_nano.a(lib_a-init.o)
                              /home/william/Downloads/gcc-arm-none-eabi-10.3-2021.10/bin/../lib/gcc/arm-none-eabi/10.3.1/../../../../arm-none-eabi/lib/thumb/v8-m.main+fp/hard/crt0.o (__libc_init_array)
/home/william/Downloads/gcc-arm-none-eabi-10.3-2021.10/bin/../lib/gcc/arm-none-eabi/10.3.1/../../../../arm-none-eabi/lib/thumb/v8-m.main+fp/hard/libc_nano.a(lib_a-malloc.o)
                              CMakeFiles/rpmsg_lite_pingpong_rtos_linux_remote.elf.dir/home/william/Downloads/Axon-imx93-2_16/devices/MIMX9352/drivers/fsl_common.c.obj (malloc)
/home/william/Downloads/gcc-arm-none-eabi-10.3-2021.10/bin/../lib/gcc/arm-none-eabi/10.3.1/../../../../arm-none-eabi/lib/thumb/v8-m.main+fp/hard/libc_nano.a(lib_a-memset.o)
                              /home/william/Downloads/gcc-arm-none-eabi-10.3-2021.10/bin/../lib/gcc/arm-none-eabi/10.3.1/../../../../arm-none-eabi/lib/thumb/v8-m.main+fp/hard/crt0.o (memset)
/home/william/Downloads/gcc-arm-none-eabi-10.3-2021.10/bin/../lib/gcc/arm-none-eabi/10.3.1/../../../../arm-none-eabi/lib/thumb/v8-m.main+fp/hard/libc_nano.a(lib_a-nano-freer.o)
                              /home/william/Downloads/gcc-arm-none-eabi-10.3-2021.10/bin/../lib/gcc/arm-none-eabi/10.3.1/../../../../arm-none-eabi/lib/thumb/v8-m.main+fp/hard/libc_nano.a(lib_a-malloc.o) (_free_r)
/home/william/Downloads/gcc-arm-none-eabi-10.3-2021.10/bin/../lib/gcc/arm-none-eabi/10.3.1/../../../../arm-none-eabi/lib/thumb/v8-m.main+fp/hard/libc_nano.a(lib_a-nano-mallocr.o)
                              /home/william/Downloads/gcc-arm-none-eabi-10.3-2021.10/bin/../lib/gcc/arm-none-eabi/10.3.1/../../../../arm-none-eabi/lib/thumb/v8-m.main+fp/hard/libc_nano.a(lib_a-malloc.o) (_malloc_r)
/home/william/Downloads/gcc-arm-none-eabi-10.3-2021.10/bin/../lib/gcc/arm-none-eabi/10.3.1/../../../../arm-none-eabi/lib/thumb/v8-m.main+fp/hard/libc_nano.a(lib_a-sbrkr.o)
                              /home/william/Downloads/gcc-arm-none-eabi-10.3-2021.10/bin/../lib/gcc/arm-none-eabi/10.3.1/../../../../arm-none-eabi/lib/thumb/v8-m.main+fp/hard/libc_nano.a(lib_a-nano-mallocr.o) (_sbrk_r)
/home/william/Downloads/gcc-arm-none-eabi-10.3-2021.10/bin/../lib/gcc/arm-none-eabi/10.3.1/../../../../arm-none-eabi/lib/thumb/v8-m.main+fp/hard/libc_nano.a(lib_a-strcmp.o)
                              CMakeFiles/rpmsg_lite_pingpong_rtos_linux_remote.elf.dir/home/william/Downloads/Axon-imx93-2_16/middleware/multicore/rpmsg_lite/lib/rpmsg_lite/porting/environment/rpmsg_env_freertos.c.obj (strcmp)
/home/william/Downloads/gcc-arm-none-eabi-10.3-2021.10/bin/../lib/gcc/arm-none-eabi/10.3.1/../../../../arm-none-eabi/lib/thumb/v8-m.main+fp/hard/libc_nano.a(lib_a-strlen.o)
                              CMakeFiles/rpmsg_lite_pingpong_rtos_linux_remote.elf.dir/home/william/Downloads/Axon-imx93-2_16/devices/MIMX9352/utilities/str/fsl_str.c.obj (strlen)
/home/william/Downloads/gcc-arm-none-eabi-10.3-2021.10/bin/../lib/gcc/arm-none-eabi/10.3.1/../../../../arm-none-eabi/lib/thumb/v8-m.main+fp/hard/libc_nano.a(lib_a-strncmp.o)
                              CMakeFiles/rpmsg_lite_pingpong_rtos_linux_remote.elf.dir/home/william/Downloads/Axon-imx93-2_16/middleware/multicore/rpmsg_lite/lib/rpmsg_lite/porting/environment/rpmsg_env_freertos.c.obj (strncmp)
/home/william/Downloads/gcc-arm-none-eabi-10.3-2021.10/bin/../lib/gcc/arm-none-eabi/10.3.1/../../../../arm-none-eabi/lib/thumb/v8-m.main+fp/hard/libc_nano.a(lib_a-strncpy.o)
                              CMakeFiles/rpmsg_lite_pingpong_rtos_linux_remote.elf.dir/home/william/Downloads/Axon-imx93-2_16/middleware/multicore/rpmsg_lite/lib/rpmsg_lite/porting/environment/rpmsg_env_freertos.c.obj (strncpy)
[...]
Memory Configuration

Name             Origin             Length             Attributes
m_interrupts     0x000000000ffe0000 0x0000000000000478 xr
m_text           0x000000000ffe0478 0x000000000001fb88 xr
m_m33_suspend_ram 0x0000000020000000 0x0000000000002000 rw
m_a55_suspend_ram 0x0000000020002000 0x0000000000001000 rw
m_data           0x0000000020003000 0x000000000001b000 rw
m_rsc_tbl        0x000000002001e000 0x0000000000001000 rw
*default*        0x0000000000000000 0xffffffffffffffff

Linker script and memory map

LOAD /home/william/Downloads/gcc-arm-none-eabi-10.3-2021.10/bin/../lib/gcc/arm-none-eabi/10.3.1/thumb/v8-m.main+fp/hard/crti.o
LOAD /home/william/Downloads/gcc-arm-none-eabi-10.3-2021.10/bin/../lib/gcc/arm-none-eabi/10.3.1/thumb/v8-m.main+fp/hard/crtbegin.o
LOAD /home/william/Downloads/gcc-arm-none-eabi-10.3-2021.10/bin/../lib/gcc/arm-none-eabi/10.3.1/../../../../arm-none-eabi/lib/thumb/v8-m.main+fp/hard/crt0.o
                0x0000000000000400                __stack_size__ = 0x400
                0x0000000000000400                __heap_size__ = 0x400
LOAD CMakeFiles/rpmsg_lite_pingpong_rtos_linux_remote.elf.dir/home/william/Downloads/Axon-imx93-2_16/boards/mcimx93evk/multicore_examples/rpmsg_lite_pingpong_rtos/linux_remote/main_remote.c.obj
LOAD CMakeFiles/rpmsg_lite_pingpong_rtos_linux_remote.elf.dir/home/william/Downloads/Axon-imx93-2_16/boards/mcimx93evk/multicore_examples/rpmsg_lite_pingpong_rtos/linux_remote/pin_mux.c.obj
LOAD CMakeFiles/rpmsg_lite_pingpong_rtos_linux_remote.elf.dir/home/william/Downloads/Axon-imx93-2_16/boards/mcimx93evk/multicore_examples/rpmsg_lite_pingpong_rtos/linux_remote/rsc_table.c.obj
LOAD CMakeFiles/rpmsg_lite_pingpong_rtos_linux_remote.elf.dir/home/william/Downloads/Axon-imx93-2_16/boards/mcimx93evk/multicore_examples/rpmsg_lite_pingpong_rtos/linux_remote/board.c.obj
LOAD CMakeFiles/rpmsg_lite_pingpong_rtos_linux_remote.elf.dir/home/william/Downloads/Axon-imx93-2_16/boards/mcimx93evk/multicore_examples/rpmsg_lite_pingpong_rtos/linux_remote/clock_config.c.obj
LOAD CMakeFiles/rpmsg_lite_pingpong_rtos_linux_remote.elf.dir/home/william/Downloads/Axon-imx93-2_16/components/lists/fsl_component_generic_list.c.obj
LOAD CMakeFiles/rpmsg_lite_pingpong_rtos_linux_remote.elf.dir/home/william/Downloads/Axon-imx93-2_16/components/uart/fsl_adapter_lpuart.c.obj
LOAD CMakeFiles/rpmsg_lite_pingpong_rtos_linux_remote.elf.dir/home/william/Downloads/Axon-imx93-2_16/components/serial_manager/fsl_component_serial_manager.c.obj
LOAD CMakeFiles/rpmsg_lite_pingpong_rtos_linux_remote.elf.dir/home/william/Downloads/Axon-imx93-2_16/components/serial_manager/fsl_component_serial_port_uart.c.obj
LOAD CMakeFiles/rpmsg_lite_pingpong_rtos_linux_remote.elf.dir/home/william/Downloads/Axon-imx93-2_16/devices/MIMX9352/system_MIMX9352_cm33.c.obj
LOAD CMakeFiles/rpmsg_lite_pingpong_rtos_linux_remote.elf.dir/home/william/Downloads/Axon-imx93-2_16/devices/MIMX9352/gcc/startup_MIMX9352_cm33.S.obj
LOAD CMakeFiles/rpmsg_lite_pingpong_rtos_linux_remote.elf.dir/home/william/Downloads/Axon-imx93-2_16/components/adp5585/fsl_adp5585.c.obj
LOAD CMakeFiles/rpmsg_lite_pingpong_rtos_linux_remote.elf.dir/home/william/Downloads/Axon-imx93-2_16/devices/MIMX9352/drivers/fsl_cache.c.obj
LOAD CMakeFiles/rpmsg_lite_pingpong_rtos_linux_remote.elf.dir/home/william/Downloads/Axon-imx93-2_16/devices/MIMX9352/drivers/fsl_clock.c.obj
LOAD CMakeFiles/rpmsg_lite_pingpong_rtos_linux_remote.elf.dir/home/william/Downloads/Axon-imx93-2_16/devices/MIMX9352/drivers/fsl_common.c.obj
LOAD CMakeFiles/rpmsg_lite_pingpong_rtos_linux_remote.elf.dir/home/william/Downloads/Axon-imx93-2_16/devices/MIMX9352/drivers/fsl_common_arm.c.obj
LOAD CMakeFiles/rpmsg_lite_pingpong_rtos_linux_remote.elf.dir/home/william/Downloads/Axon-imx93-2_16/devices/MIMX9352/drivers/fsl_lpuart.c.obj
LOAD CMakeFiles/rpmsg_lite_pingpong_rtos_linux_remote.elf.dir/home/william/Downloads/Axon-imx93-2_16/devices/MIMX9352/drivers/fsl_mu.c.obj
LOAD CMakeFiles/rpmsg_lite_pingpong_rtos_linux_remote.elf.dir/home/william/Downloads/Axon-imx93-2_16/components/pcal6524/fsl_pcal6524.c.obj
LOAD CMakeFiles/rpmsg_lite_pingpong_rtos_linux_remote.elf.dir/home/william/Downloads/Axon-imx93-2_16/devices/MIMX9352/drivers/fsl_rgpio.c.obj
LOAD CMakeFiles/rpmsg_lite_pingpong_rtos_linux_remote.elf.dir/home/william/Downloads/Axon-imx93-2_16/devices/MIMX9352/drivers/fsl_sentinel.c.obj
LOAD CMakeFiles/rpmsg_lite_pingpong_rtos_linux_remote.elf.dir/home/william/Downloads/Axon-imx93-2_16/rtos/freertos/freertos-kernel/croutine.c.obj
LOAD CMakeFiles/rpmsg_lite_pingpong_rtos_linux_remote.elf.dir/home/william/Downloads/Axon-imx93-2_16/rtos/freertos/freertos-kernel/event_groups.c.obj
LOAD CMakeFiles/rpmsg_lite_pingpong_rtos_linux_remote.elf.dir/home/william/Downloads/Axon-imx93-2_16/rtos/freertos/freertos-kernel/list.c.obj
LOAD CMakeFiles/rpmsg_lite_pingpong_rtos_linux_remote.elf.dir/home/william/Downloads/Axon-imx93-2_16/rtos/freertos/freertos-kernel/queue.c.obj
LOAD CMakeFiles/rpmsg_lite_pingpong_rtos_linux_remote.elf.dir/home/william/Downloads/Axon-imx93-2_16/rtos/freertos/freertos-kernel/stream_buffer.c.obj
LOAD CMakeFiles/rpmsg_lite_pingpong_rtos_linux_remote.elf.dir/home/william/Downloads/Axon-imx93-2_16/rtos/freertos/freertos-kernel/tasks.c.obj
LOAD CMakeFiles/rpmsg_lite_pingpong_rtos_linux_remote.elf.dir/home/william/Downloads/Axon-imx93-2_16/rtos/freertos/freertos-kernel/timers.c.obj
LOAD CMakeFiles/rpmsg_lite_pingpong_rtos_linux_remote.elf.dir/home/william/Downloads/Axon-imx93-2_16/rtos/freertos/freertos-kernel/portable/GCC/ARM_CM33_NTZ/non_secure/mpu_wrappers_v2_asm.c.obj
LOAD CMakeFiles/rpmsg_lite_pingpong_rtos_linux_remote.elf.dir/home/william/Downloads/Axon-imx93-2_16/rtos/freertos/freertos-kernel/portable/GCC/ARM_CM33_NTZ/non_secure/port.c.obj
LOAD CMakeFiles/rpmsg_lite_pingpong_rtos_linux_remote.elf.dir/home/william/Downloads/Axon-imx93-2_16/rtos/freertos/freertos-kernel/portable/GCC/ARM_CM33_NTZ/non_secure/portasm.c.obj
LOAD CMakeFiles/rpmsg_lite_pingpong_rtos_linux_remote.elf.dir/home/william/Downloads/Axon-imx93-2_16/rtos/freertos/freertos-kernel/portable/MemMang/heap_4.c.obj
LOAD CMakeFiles/rpmsg_lite_pingpong_rtos_linux_remote.elf.dir/home/william/Downloads/Axon-imx93-2_16/middleware/multicore/rpmsg_lite/lib/common/llist.c.obj
LOAD CMakeFiles/rpmsg_lite_pingpong_rtos_linux_remote.elf.dir/home/william/Downloads/Axon-imx93-2_16/middleware/multicore/rpmsg_lite/lib/rpmsg_lite/rpmsg_lite.c.obj
LOAD CMakeFiles/rpmsg_lite_pingpong_rtos_linux_remote.elf.dir/home/william/Downloads/Axon-imx93-2_16/middleware/multicore/rpmsg_lite/lib/rpmsg_lite/rpmsg_ns.c.obj
LOAD CMakeFiles/rpmsg_lite_pingpong_rtos_linux_remote.elf.dir/home/william/Downloads/Axon-imx93-2_16/middleware/multicore/rpmsg_lite/lib/virtio/virtqueue.c.obj
LOAD CMakeFiles/rpmsg_lite_pingpong_rtos_linux_remote.elf.dir/home/william/Downloads/Axon-imx93-2_16/middleware/multicore/rpmsg_lite/lib/rpmsg_lite/porting/environment/rpmsg_env_freertos.c.obj
LOAD CMakeFiles/rpmsg_lite_pingpong_rtos_linux_remote.elf.dir/home/william/Downloads/Axon-imx93-2_16/middleware/multicore/rpmsg_lite/lib/rpmsg_lite/rpmsg_queue.c.obj
LOAD CMakeFiles/rpmsg_lite_pingpong_rtos_linux_remote.elf.dir/home/william/Downloads/Axon-imx93-2_16/middleware/multicore/rpmsg_lite/lib/rpmsg_lite/porting/platform/imx93_m33/rpmsg_platform.c.obj
LOAD CMakeFiles/rpmsg_lite_pingpong_rtos_linux_remote.elf.dir/home/william/Downloads/Axon-imx93-2_16/devices/MIMX9352/utilities/fsl_sbrk.c.obj
LOAD CMakeFiles/rpmsg_lite_pingpong_rtos_linux_remote.elf.dir/home/william/Downloads/Axon-imx93-2_16/devices/MIMX9352/utilities/fsl_syscall_stub.c.obj
LOAD CMakeFiles/rpmsg_lite_pingpong_rtos_linux_remote.elf.dir/home/william/Downloads/Axon-imx93-2_16/devices/MIMX9352/utilities/fsl_memcpy.S.obj
LOAD CMakeFiles/rpmsg_lite_pingpong_rtos_linux_remote.elf.dir/home/william/Downloads/Axon-imx93-2_16/devices/MIMX9352/utilities/fsl_assert.c.obj
LOAD CMakeFiles/rpmsg_lite_pingpong_rtos_linux_remote.elf.dir/home/william/Downloads/Axon-imx93-2_16/devices/MIMX9352/utilities/debug_console/fsl_debug_console.c.obj
LOAD CMakeFiles/rpmsg_lite_pingpong_rtos_linux_remote.elf.dir/home/william/Downloads/Axon-imx93-2_16/devices/MIMX9352/utilities/str/fsl_str.c.obj
START GROUP
LOAD /home/william/Downloads/gcc-arm-none-eabi-10.3-2021.10/bin/../lib/gcc/arm-none-eabi/10.3.1/../../../../arm-none-eabi/lib/thumb/v8-m.main+fp/hard/libm.a
LOAD /home/william/Downloads/gcc-arm-none-eabi-10.3-2021.10/bin/../lib/gcc/arm-none-eabi/10.3.1/../../../../arm-none-eabi/lib/thumb/v8-m.main+fp/hard/libc_nano.a
LOAD /home/william/Downloads/gcc-arm-none-eabi-10.3-2021.10/bin/../lib/gcc/arm-none-eabi/10.3.1/thumb/v8-m.main+fp/hard/libgcc.a
LOAD /home/william/Downloads/gcc-arm-none-eabi-10.3-2021.10/bin/../lib/gcc/arm-none-eabi/10.3.1/../../../../arm-none-eabi/lib/thumb/v8-m.main+fp/hard/libnosys.a
END GROUP
START GROUP
LOAD /home/william/Downloads/gcc-arm-none-eabi-10.3-2021.10/bin/../lib/gcc/arm-none-eabi/10.3.1/thumb/v8-m.main+fp/hard/libgcc.a
LOAD /home/william/Downloads/gcc-arm-none-eabi-10.3-2021.10/bin/../lib/gcc/arm-none-eabi/10.3.1/../../../../arm-none-eabi/lib/thumb/v8-m.main+fp/hard/libc_nano.a
END GROUP
START GROUP
LOAD /home/william/Downloads/gcc-arm-none-eabi-10.3-2021.10/bin/../lib/gcc/arm-none-eabi/10.3.1/thumb/v8-m.main+fp/hard/libgcc.a
LOAD /home/william/Downloads/gcc-arm-none-eabi-10.3-2021.10/bin/../lib/gcc/arm-none-eabi/10.3.1/../../../../arm-none-eabi/lib/thumb/v8-m.main+fp/hard/libc_nano.a
LOAD /home/william/Downloads/gcc-arm-none-eabi-10.3-2021.10/bin/../lib/gcc/arm-none-eabi/10.3.1/../../../../arm-none-eabi/lib/thumb/v8-m.main+fp/hard/libnosys.a
END GROUP
START GROUP
LOAD /home/william/Downloads/gcc-arm-none-eabi-10.3-2021.10/bin/../lib/gcc/arm-none-eabi/10.3.1/thumb/v8-m.main+fp/hard/libgcc.a
LOAD /home/william/Downloads/gcc-arm-none-eabi-10.3-2021.10/bin/../lib/gcc/arm-none-eabi/10.3.1/../../../../arm-none-eabi/lib/thumb/v8-m.main+fp/hard/libc_nano.a
LOAD /home/william/Downloads/gcc-arm-none-eabi-10.3-2021.10/bin/../lib/gcc/arm-none-eabi/10.3.1/../../../../arm-none-eabi/lib/thumb/v8-m.main+fp/hard/libnosys.a
END GROUP
LOAD /home/william/Downloads/gcc-arm-none-eabi-10.3-2021.10/bin/../lib/gcc/arm-none-eabi/10.3.1/thumb/v8-m.main+fp/hard/crtend.o
LOAD /home/william/Downloads/gcc-arm-none-eabi-10.3-2021.10/bin/../lib/gcc/arm-none-eabi/10.3.1/thumb/v8-m.main+fp/hard/crtn.o
                0x0000000000000400                HEAP_SIZE = DEFINED (__heap_size__)?__heap_size__:0x400
                0x0000000000000400                STACK_SIZE = DEFINED (__stack_size__)?__stack_size__:0x400
                0x0000000000000000                M_VECTOR_RAM_SIZE = DEFINED (__ram_vector_table__)?0x478:0x0

.interrupts     0x000000000ffe0000      0x474
                0x000000000ffe0000                __VECTOR_TABLE = .
                0x000000000ffe0000                __Vectors = .
                0x000000000ffe0000                . = ALIGN (0x4)
 *(.isr_vector)
 .isr_vector    0x000000000ffe0000      0x474 CMakeFiles/rpmsg_lite_pingpong_rtos_linux_remote.elf.dir/home/william/Downloads/Axon-imx93-2_16/devices/MIMX9352/gcc/startup_MIMX9352_cm33.S.obj
                0x000000000ffe0000                __isr_vector
                0x000000000ffe0474                . = ALIGN (0x4)

.resource_table
                0x000000000ffe0478       0xa0
                0x000000000ffe0478                . = ALIGN (0x8)
 *(.resource_table)
 .resource_table
                0x000000000ffe0478       0xa0 CMakeFiles/rpmsg_lite_pingpong_rtos_linux_remote.elf.dir/home/william/Downloads/Axon-imx93-2_16/boards/mcimx93evk/multicore_examples/rpmsg_lite_pingpong_rtos/linux_remote/rsc_table.c.obj
                0x000000000ffe0478                resources
                0x000000000ffe0518                . = ALIGN (0x8)

.text           0x000000000ffe0520     0x4348
                0x000000000ffe0520                . = ALIGN (0x4)
 *(.text)
 .text          0x000000000ffe0520       0x40 /home/william/Downloads/gcc-arm-none-eabi-10.3-2021.10/bin/../lib/gcc/arm-none-eabi/10.3.1/thumb/v8-m.main+fp/hard/crtbegin.o
 .text          0x000000000ffe0560       0x7c /home/william/Downloads/gcc-arm-none-eabi-10.3-2021.10/bin/../lib/gcc/arm-none-eabi/10.3.1/../../../../arm-none-eabi/lib/thumb/v8-m.main+fp/hard/crt0.o
                0x000000000ffe0560                _stack_init
                0x000000000ffe0568                _mainCRTStartup
                0x000000000ffe0568                _start
 .text          0x000000000ffe05dc      0x4ac CMakeFiles/rpmsg_lite_pingpong_rtos_linux_remote.elf.dir/home/william/Downloads/Axon-imx93-2_16/devices/MIMX9352/gcc/startup_MIMX9352_cm33.S.obj
                0x000000000ffe05dc                Reset_Handler
                0x000000000ffe0654                Reserved18_IRQHandler
                0x000000000ffe0654                DMA4_14_15_DriverIRQHandler
                0x000000000ffe0654                Reserved16_IRQHandler
                0x000000000ffe0654                MU2_A_IRQHandler
                0x000000000ffe0654                Reserved179_IRQHandler
                0x000000000ffe0654                LPSPI2_DriverIRQHandler
                0x000000000ffe0654                DMA4_20_21_DriverIRQHandler
                0x000000000ffe0654                DebugMon_Handler
                0x000000000ffe0654                Reserved178_IRQHandler
                0x000000000ffe0654                Reserved220_IRQHandler
                0x000000000ffe0654                Reserved88_IRQHandler
                0x000000000ffe0654                Reserved243_IRQHandler
                0x000000000ffe0654                Reserved65_IRQHandler
                0x000000000ffe0654                Reserved229_IRQHandler
                0x000000000ffe0654                Reserved76_IRQHandler
                0x000000000ffe0654                Reserved248_IRQHandler
                0x000000000ffe0654                Reserved64_IRQHandler
                0x000000000ffe0654                LPSPI4_DriverIRQHandler
                0x000000000ffe0654                Reserved60_IRQHandler
                0x000000000ffe0654                Reserved236_IRQHandler
                0x000000000ffe0654                Reserved234_IRQHandler
                0x000000000ffe0654                Reserved225_IRQHandler
                0x000000000ffe0654                CSI_IRQHandler
                0x000000000ffe0654                LPI2C5_DriverIRQHandler
                0x000000000ffe0654                Reserved50_IRQHandler
                0x000000000ffe0654                TRDC_IRQHandler
                0x000000000ffe0654                Reserved183_IRQHandler
                0x000000000ffe0654                LPIT2_IRQHandler
                0x000000000ffe0654                Reserved19_IRQHandler
                0x000000000ffe0654                DMA4_0_1_DriverIRQHandler
                0x000000000ffe0654                Reserved74_IRQHandler
                0x000000000ffe0654                Reserved89_IRQHandler
                0x000000000ffe0654                Reserved59_IRQHandler
                0x000000000ffe0654                LPTMR2_IRQHandler
                0x000000000ffe0654                Reserved272_IRQHandler
                0x000000000ffe0654                Reserved263_IRQHandler
                0x000000000ffe0654                DMA4_58_59_DriverIRQHandler
                0x000000000ffe0654                ENET_1588_DriverIRQHandler
                0x000000000ffe0654                LPI2C3_DriverIRQHandler
                0x000000000ffe0654                DMA4_52_53_DriverIRQHandler
                0x000000000ffe0654                Reserved42_IRQHandler
                0x000000000ffe0654                Reserved22_IRQHandler
                0x000000000ffe0654                Reserved75_IRQHandler
                0x000000000ffe0654                Reserved238_IRQHandler
                0x000000000ffe0654                Reserved280_IRQHandler
                0x000000000ffe0654                Reserved268_IRQHandler
                0x000000000ffe0654                DMA4_10_11_DriverIRQHandler
                0x000000000ffe0654                DMA4_34_35_DriverIRQHandler
                0x000000000ffe0654                Reserved176_IRQHandler
                0x000000000ffe0654                Reserved233_IRQHandler
                0x000000000ffe0654                Reserved224_IRQHandler
                0x000000000ffe0654                FLEXIO2_DriverIRQHandler
                0x000000000ffe0654                UsageFault_Handler
                0x000000000ffe0654                WDOG1_IRQHandler
                0x000000000ffe0654                Reserved265_IRQHandler
                0x000000000ffe0654                Reserved235_IRQHandler
                0x000000000ffe0654                Reserved57_IRQHandler
                0x000000000ffe0654                Reserved257_IRQHandler
                0x000000000ffe0654                DefaultISR
                0x000000000ffe0654                Reserved250_IRQHandler
                0x000000000ffe0654                Reserved58_IRQHandler
                0x000000000ffe0654                Reserved264_IRQHandler
                0x000000000ffe0654                Reserved261_IRQHandler
                0x000000000ffe0654                Reserved284_IRQHandler
                0x000000000ffe0654                I3C2_DriverIRQHandler
                0x000000000ffe0654                Reserved230_IRQHandler
                0x000000000ffe0654                Reserved279_IRQHandler
                0x000000000ffe0654                Reserved182_IRQHandler
                0x000000000ffe0654                DMA4_50_51_DriverIRQHandler
                0x000000000ffe0654                Reserved180_IRQHandler
                0x000000000ffe0654                Reserved267_IRQHandler
                0x000000000ffe0654                Reserved239_IRQHandler
                0x000000000ffe0654                MU1_B_IRQHandler
                0x000000000ffe0654                Reserved177_IRQHandler
                0x000000000ffe0654                WDOG4_IRQHandler
                0x000000000ffe0654                Reserved283_IRQHandler
                0x000000000ffe0654                DMA4_28_29_DriverIRQHandler
                0x000000000ffe0654                Reserved228_IRQHandler
                0x000000000ffe0654                DMA4_ERROR_DriverIRQHandler
                0x000000000ffe0654                Reserved253_IRQHandler
                0x000000000ffe0654                DMA4_6_7_DriverIRQHandler
                0x000000000ffe0654                ENET_MAC0_Rx_Tx_Done2_DriverIRQHandler
                0x000000000ffe0654                Reserved274_IRQHandler
                0x000000000ffe0654                LPI2C6_DriverIRQHandler
                0x000000000ffe0654                DMA4_56_57_DriverIRQHandler
                0x000000000ffe0654                TPM2_IRQHandler
                0x000000000ffe0654                FLEXIO1_DriverIRQHandler
                0x000000000ffe0654                Reserved232_IRQHandler
                0x000000000ffe0654                ENET_DriverIRQHandler
                0x000000000ffe0654                Reserved43_IRQHandler
                0x000000000ffe0654                DMA4_36_37_DriverIRQHandler
                0x000000000ffe0654                Reserved21_IRQHandler
                0x000000000ffe0654                DMA4_26_27_DriverIRQHandler
                0x000000000ffe0654                SAI1_DriverIRQHandler
                0x000000000ffe0654                Reserved278_IRQHandler
                0x000000000ffe0654                Reserved277_IRQHandler
                0x000000000ffe0654                DMA3_DriverIRQHandler
                0x000000000ffe0654                TPM3_IRQHandler
                0x000000000ffe0654                Reserved241_IRQHandler
                0x000000000ffe0654                Reserved27_IRQHandler
                0x000000000ffe0654                WDOG2_IRQHandler
                0x000000000ffe0654                Reserved62_IRQHandler
                0x000000000ffe0654                Reserved275_IRQHandler
                0x000000000ffe0654                Reserved256_IRQHandler
                0x000000000ffe0654                Reserved252_IRQHandler
                0x000000000ffe0654                Reserved206_IRQHandler
                0x000000000ffe0654                DMA4_18_19_DriverIRQHandler
                0x000000000ffe0654                Reserved181_IRQHandler
                0x000000000ffe0654                Reserved108_IRQHandler
                0x000000000ffe0654                Reserved72_IRQHandler
                0x000000000ffe0654                DMA4_12_13_DriverIRQHandler
                0x000000000ffe0654                Reserved259_IRQHandler
                0x000000000ffe0654                Reserved194_IRQHandler
                0x000000000ffe0654                SecureFault_Handler
                0x000000000ffe0654                DMA4_8_9_DriverIRQHandler
                0x000000000ffe0654                PDM_ERROR_DriverIRQHandler
                0x000000000ffe0654                Reserved66_IRQHandler
                0x000000000ffe0654                Reserved20_IRQHandler
                0x000000000ffe0654                Reserved249_IRQHandler
                0x000000000ffe0654                Reserved107_IRQHandler
                0x000000000ffe0654                LPSPI8_DriverIRQHandler
                0x000000000ffe0654                Reserved98_IRQHandler
                0x000000000ffe0654                Reserved17_IRQHandler
                0x000000000ffe0654                Reserved189_IRQHandler
                0x000000000ffe0654                Reserved47_IRQHandler
                0x000000000ffe0654                Reserved271_IRQHandler
                0x000000000ffe0654                Reserved258_IRQHandler
                0x000000000ffe0654                CAN2_DriverIRQHandler
                0x000000000ffe0654                DMA4_62_63_DriverIRQHandler
                0x000000000ffe0654                CAN2_ERROR_DriverIRQHandler
                0x000000000ffe0654                DMA4_44_45_DriverIRQHandler
                0x000000000ffe0654                ENET_MAC0_Rx_Tx_Done1_DriverIRQHandler
                0x000000000ffe0654                Reserved190_IRQHandler
                0x000000000ffe0654                Reserved231_IRQHandler
                0x000000000ffe0654                Reserved276_IRQHandler
                0x000000000ffe0654                Reserved282_IRQHandler
                0x000000000ffe0654                Reserved260_IRQHandler
                0x000000000ffe0654                Reserved105_IRQHandler
                0x000000000ffe0654                Reserved269_IRQHandler
                0x000000000ffe0654                Reserved104_IRQHandler
                0x000000000ffe0654                Reserved203_IRQHandler
                0x000000000ffe0654                Reserved101_IRQHandler
                0x000000000ffe0654                Reserved223_IRQHandler
                0x000000000ffe0654                Reserved204_IRQHandler
                0x000000000ffe0654                uSDHC3_DriverIRQHandler
                0x000000000ffe0654                Reserved41_IRQHandler
                0x000000000ffe0654                DMA4_60_61_DriverIRQHandler
                0x000000000ffe0654                MemManage_Handler
                0x000000000ffe0654                Reserved90_IRQHandler
                0x000000000ffe0654                SAI2_DriverIRQHandler
                0x000000000ffe0654                LPSPI6_DriverIRQHandler
                0x000000000ffe0654                Reserved242_IRQHandler
                0x000000000ffe0654                Reserved205_IRQHandler
                0x000000000ffe0654                TPM6_IRQHandler
                0x000000000ffe0654                Reserved48_IRQHandler
                0x000000000ffe0654                PDM_EVENT_DriverIRQHandler
                0x000000000ffe0654                ENET_QOS_PMT_IRQHandler
                0x000000000ffe0654                Reserved185_IRQHandler
                0x000000000ffe0654                DMA4_54_55_DriverIRQHandler
                0x000000000ffe0654                Reserved222_IRQHandler
                0x000000000ffe0654                MU2_B_IRQHandler
                0x000000000ffe0654                SAI3_DriverIRQHandler
                0x000000000ffe0654                Reserved254_IRQHandler
                0x000000000ffe0654                Reserved109_IRQHandler
                0x000000000ffe0654                Reserved244_IRQHandler
                0x000000000ffe0654                DMA4_32_33_DriverIRQHandler
                0x000000000ffe0654                ISI_IRQHandler
                0x000000000ffe0654                DMA4_24_25_DriverIRQHandler
                0x000000000ffe0654                Reserved255_IRQHandler
                0x000000000ffe0654                DMA4_2_3_DriverIRQHandler
                0x000000000ffe0654                LPI2C1_DriverIRQHandler
                0x000000000ffe0654                Reserved262_IRQHandler
                0x000000000ffe0654                DMA4_48_49_DriverIRQHandler
                0x000000000ffe0654                Reserved142_IRQHandler
                0x000000000ffe0654                Reserved184_IRQHandler
                0x000000000ffe0654                Reserved100_IRQHandler
                0x000000000ffe0654                LPSPI7_DriverIRQHandler
                0x000000000ffe0654                LPSPI1_DriverIRQHandler
                0x000000000ffe0654                Reserved26_IRQHandler
                0x000000000ffe0654                Reserved245_IRQHandler
                0x000000000ffe0654                DSI_IRQHandler
                0x000000000ffe0654                Reserved251_IRQHandler
                0x000000000ffe0654                Reserved46_IRQHandler
                0x000000000ffe0654                Reserved202_IRQHandler
                0x000000000ffe0654                Reserved273_IRQHandler
                0x000000000ffe0654                Reserved246_IRQHandler
                0x000000000ffe0654                ENET_QOS_DriverIRQHandler
                0x000000000ffe0654                TPM4_IRQHandler
                0x000000000ffe0654                LPSPI5_DriverIRQHandler
                0x000000000ffe0654                Reserved270_IRQHandler
                0x000000000ffe0654                Reserved23_IRQHandler
                0x000000000ffe0654                Reserved266_IRQHandler
                0x000000000ffe0654                Reserved240_IRQHandler
                0x000000000ffe0654                Reserved45_IRQHandler
                0x000000000ffe0654                DMA4_4_5_DriverIRQHandler
                0x000000000ffe0654                LPI2C4_DriverIRQHandler
                0x000000000ffe0654                DMA4_38_39_DriverIRQHandler
                0x000000000ffe0654                Reserved73_IRQHandler
                0x000000000ffe0654                DMA4_30_31_DriverIRQHandler
                0x000000000ffe0654                TEMPMON_IRQHandler
                0x000000000ffe0654                TPM1_IRQHandler
                0x000000000ffe0654                Reserved106_IRQHandler
                0x000000000ffe0654                uSDHC1_DriverIRQHandler
                0x000000000ffe0654                DMA4_22_23_DriverIRQHandler
                0x000000000ffe0654                uSDHC2_DriverIRQHandler
                0x000000000ffe0654                Reserved51_IRQHandler
                0x000000000ffe0654                Reserved192_IRQHandler
                0x000000000ffe0654                LPIT1_IRQHandler
                0x000000000ffe0654                CAN1_ERROR_DriverIRQHandler
                0x000000000ffe0654                Reserved44_IRQHandler
                0x000000000ffe0654                DMA4_42_43_DriverIRQHandler
                0x000000000ffe0654                WDOG5_IRQHandler
                0x000000000ffe0654                Reserved63_IRQHandler
                0x000000000ffe0654                I3C1_DriverIRQHandler
                0x000000000ffe0654                Reserved247_IRQHandler
                0x000000000ffe0654                TPM5_IRQHandler
                0x000000000ffe0654                DMA4_16_17_DriverIRQHandler
                0x000000000ffe0654                BusFault_Handler
                0x000000000ffe0654                DMA4_46_47_DriverIRQHandler
                0x000000000ffe0654                PDM_HWVAD_ERROR_DriverIRQHandler
                0x000000000ffe0654                LPSPI3_DriverIRQHandler
                0x000000000ffe0654                Reserved201_IRQHandler
                0x000000000ffe0654                PDM_HWVAD_EVENT_DriverIRQHandler
                0x000000000ffe0654                LPI2C2_DriverIRQHandler
                0x000000000ffe0654                DMA4_40_41_DriverIRQHandler
                0x000000000ffe0654                WDOG3_IRQHandler
                0x000000000ffe0654                LPTMR1_IRQHandler
                0x000000000ffe0654                CAN1_DriverIRQHandler
                0x000000000ffe0654                Reserved49_IRQHandler
                0x000000000ffe0654                FlexSPI1_DriverIRQHandler
                0x000000000ffe0654                Reserved281_IRQHandler
                0x000000000ffe0654                LPI2C7_DriverIRQHandler
                0x000000000ffe0654                Reserved219_IRQHandler
                0x000000000ffe0654                Reserved237_IRQHandler
                0x000000000ffe0654                LPI2C8_DriverIRQHandler
                0x000000000ffe0658                NMI_Handler
                0x000000000ffe065c                HardFault_Handler
                0x000000000ffe066c                CAN1_IRQHandler
                0x000000000ffe0670                CAN1_ERROR_IRQHandler
                0x000000000ffe0674                I3C1_IRQHandler
                0x000000000ffe0678                LPI2C1_IRQHandler
                0x000000000ffe067c                LPI2C2_IRQHandler
                0x000000000ffe0680                LPSPI1_IRQHandler
                0x000000000ffe0684                LPSPI2_IRQHandler
                0x000000000ffe0688                LPUART1_IRQHandler
                0x000000000ffe068c                LPUART2_IRQHandler
                0x000000000ffe0690                SAI1_IRQHandler
                0x000000000ffe0694                CAN2_IRQHandler
                0x000000000ffe0698                CAN2_ERROR_IRQHandler
                0x000000000ffe069c                FLEXIO1_IRQHandler
                0x000000000ffe06a0                FLEXIO2_IRQHandler
                0x000000000ffe06a4                FlexSPI1_IRQHandler
                0x000000000ffe06a8                I3C2_IRQHandler
                0x000000000ffe06ac                LPI2C3_IRQHandler
                0x000000000ffe06b0                LPI2C4_IRQHandler
                0x000000000ffe06b4                LPSPI3_IRQHandler
                0x000000000ffe06b8                LPSPI4_IRQHandler
                0x000000000ffe06bc                LPUART3_IRQHandler
                0x000000000ffe06c0                LPUART4_IRQHandler
                0x000000000ffe06c4                LPUART5_IRQHandler
                0x000000000ffe06c8                LPUART6_IRQHandler
                0x000000000ffe06cc                uSDHC1_IRQHandler
                0x000000000ffe06d0                uSDHC2_IRQHandler
                0x000000000ffe06d4                DMA3_ERROR_IRQHandler
                0x000000000ffe06dc                DMA3_0_IRQHandler
                0x000000000ffe06e8                DMA3_1_IRQHandler
                0x000000000ffe06f4                DMA3_2_IRQHandler
                0x000000000ffe0700                DMA3_3_IRQHandler
                0x000000000ffe070c                DMA3_4_IRQHandler
                0x000000000ffe0718                DMA3_5_IRQHandler
                0x000000000ffe0724                DMA3_6_IRQHandler
                0x000000000ffe0730                DMA3_7_IRQHandler
                0x000000000ffe073c                DMA3_8_IRQHandler
                0x000000000ffe0748                DMA3_9_IRQHandler
                0x000000000ffe0754                DMA3_10_IRQHandler
                0x000000000ffe0760                DMA3_11_IRQHandler
                0x000000000ffe076c                DMA3_12_IRQHandler
                0x000000000ffe0778                DMA3_13_IRQHandler
                0x000000000ffe0784                DMA3_14_IRQHandler
                0x000000000ffe0790                DMA3_15_IRQHandler
                0x000000000ffe079c                DMA3_16_IRQHandler
                0x000000000ffe07a8                DMA3_17_IRQHandler
                0x000000000ffe07b4                DMA3_18_IRQHandler
                0x000000000ffe07c0                DMA3_19_IRQHandler
                0x000000000ffe07cc                DMA3_20_IRQHandler
                0x000000000ffe07d8                DMA3_21_IRQHandler
                0x000000000ffe07e4                DMA3_22_IRQHandler
                0x000000000ffe07f0                DMA3_23_IRQHandler
                0x000000000ffe07fc                DMA3_24_IRQHandler
                0x000000000ffe0808                DMA3_25_IRQHandler
                0x000000000ffe0814                DMA3_26_IRQHandler
                0x000000000ffe0820                DMA3_27_IRQHandler
                0x000000000ffe082c                DMA3_28_IRQHandler
                0x000000000ffe0838                DMA3_29_IRQHandler
                0x000000000ffe0844                DMA3_30_IRQHandler
                0x000000000ffe0850                DMA4_ERROR_IRQHandler
                0x000000000ffe0854                DMA4_0_1_IRQHandler
                0x000000000ffe0858                DMA4_2_3_IRQHandler
                0x000000000ffe085c                DMA4_4_5_IRQHandler
                0x000000000ffe0860                DMA4_6_7_IRQHandler
                0x000000000ffe0864                DMA4_8_9_IRQHandler
                0x000000000ffe0868                DMA4_10_11_IRQHandler
                0x000000000ffe086c                DMA4_12_13_IRQHandler
                0x000000000ffe0870                DMA4_14_15_IRQHandler
                0x000000000ffe0874                DMA4_16_17_IRQHandler
                0x000000000ffe0878                DMA4_18_19_IRQHandler
                0x000000000ffe087c                DMA4_20_21_IRQHandler
                0x000000000ffe0880                DMA4_22_23_IRQHandler
                0x000000000ffe0884                DMA4_24_25_IRQHandler
                0x000000000ffe0888                DMA4_26_27_IRQHandler
                0x000000000ffe088c                DMA4_28_29_IRQHandler
                0x000000000ffe0890                DMA4_30_31_IRQHandler
                0x000000000ffe0894                DMA4_32_33_IRQHandler
                0x000000000ffe0898                DMA4_34_35_IRQHandler
                0x000000000ffe089c                DMA4_36_37_IRQHandler
                0x000000000ffe08a0                DMA4_38_39_IRQHandler
                0x000000000ffe08a4                DMA4_40_41_IRQHandler
                0x000000000ffe08a8                DMA4_42_43_IRQHandler
                0x000000000ffe08ac                DMA4_44_45_IRQHandler
                0x000000000ffe08b0                DMA4_46_47_IRQHandler
                0x000000000ffe08b4                DMA4_48_49_IRQHandler
                0x000000000ffe08b8                DMA4_50_51_IRQHandler
                0x000000000ffe08bc                DMA4_52_53_IRQHandler
                0x000000000ffe08c0                DMA4_54_55_IRQHandler
                0x000000000ffe08c4                DMA4_56_57_IRQHandler
                0x000000000ffe08c8                DMA4_58_59_IRQHandler
                0x000000000ffe08cc                DMA4_60_61_IRQHandler
                0x000000000ffe08d0                DMA4_62_63_IRQHandler
                0x000000000ffe08d4                SAI2_IRQHandler
                0x000000000ffe08d8                SAI3_IRQHandler
                0x000000000ffe08dc                ENET_MAC0_Rx_Tx_Done1_IRQHandler
                0x000000000ffe08e0                ENET_MAC0_Rx_Tx_Done2_IRQHandler
                0x000000000ffe08e4                ENET_IRQHandler
                0x000000000ffe08e8                ENET_1588_IRQHandler
                0x000000000ffe08ec                ENET_QOS_IRQHandler
                0x000000000ffe08f0                LPSPI5_IRQHandler
                0x000000000ffe08f4                LPSPI6_IRQHandler
                0x000000000ffe08f8                LPSPI7_IRQHandler
                0x000000000ffe08fc                LPSPI8_IRQHandler
                0x000000000ffe0900                LPI2C5_IRQHandler
                0x000000000ffe0904                LPI2C6_IRQHandler
                0x000000000ffe0908                LPI2C7_IRQHandler
                0x000000000ffe090c                LPI2C8_IRQHandler
                0x000000000ffe0910                PDM_HWVAD_ERROR_IRQHandler
                0x000000000ffe0914                PDM_HWVAD_EVENT_IRQHandler
                0x000000000ffe0918                PDM_ERROR_IRQHandler
                0x000000000ffe091c                PDM_EVENT_IRQHandler
                0x000000000ffe0920                uSDHC3_IRQHandler
                0x000000000ffe0924                LPUART7_IRQHandler
                0x000000000ffe0928                LPUART8_IRQHandler
 .text          0x000000000ffe0a88       0xa0 CMakeFiles/rpmsg_lite_pingpong_rtos_linux_remote.elf.dir/home/william/Downloads/Axon-imx93-2_16/devices/MIMX9352/utilities/fsl_memcpy.S.obj
                0x000000000ffe0a88                memcpy
 .text          0x000000000ffe0b28       0x10 /home/william/Downloads/gcc-arm-none-eabi-10.3-2021.10/bin/../lib/gcc/arm-none-eabi/10.3.1/../../../../arm-none-eabi/lib/thumb/v8-m.main+fp/hard/libc_nano.a(lib_a-strlen.o)
                0x000000000ffe0b28                strlen
 .text          0x000000000ffe0b38       0x30 /home/william/Downloads/gcc-arm-none-eabi-10.3-2021.10/bin/../lib/gcc/arm-none-eabi/10.3.1/thumb/v8-m.main+fp/hard/libgcc.a(_aeabi_uldivmod.o)
                0x000000000ffe0b38                __aeabi_uldivmod
 .text          0x000000000ffe0b68      0x2ec /home/william/Downloads/gcc-arm-none-eabi-10.3-2021.10/bin/../lib/gcc/arm-none-eabi/10.3.1/thumb/v8-m.main+fp/hard/libgcc.a(_udivmoddi4.o)
                0x000000000ffe0b68                __udivmoddi4
 .text          0x000000000ffe0e54        0x4 /home/william/Downloads/gcc-arm-none-eabi-10.3-2021.10/bin/../lib/gcc/arm-none-eabi/10.3.1/thumb/v8-m.main+fp/hard/libgcc.a(_dvmd_tls.o)
                0x000000000ffe0e54                __aeabi_ldiv0
                0x000000000ffe0e54                __aeabi_idiv0
 *(.text*)
 .text.app_nameservice_isr_cb
                0x000000000ffe0e58        0x2 CMakeFiles/rpmsg_lite_pingpong_rtos_linux_remote.elf.dir/home/william/Downloads/Axon-imx93-2_16/boards/mcimx93evk/multicore_examples/rpmsg_lite_pingpong_rtos/linux_remote/main_remote.c.obj
 *fill*         0x000000000ffe0e5a        0x2 
 .text.app_task
                0x000000000ffe0e5c      0x16c CMakeFiles/rpmsg_lite_pingpong_rtos_linux_remote.elf.dir/home/william/Downloads/Axon-imx93-2_16/boards/mcimx93evk/multicore_examples/rpmsg_lite_pingpong_rtos/linux_remote/main_remote.c.obj
 .text.app_create_task
                0x000000000ffe0fc8       0x3c CMakeFiles/rpmsg_lite_pingpong_rtos_linux_remote.elf.dir/home/william/Downloads/Axon-imx93-2_16/boards/mcimx93evk/multicore_examples/rpmsg_lite_pingpong_rtos/linux_remote/main_remote.c.obj
                0x000000000ffe0fc8                app_create_task
 .text.startup.main
                0x000000000ffe1004       0x28 CMakeFiles/rpmsg_lite_pingpong_rtos_linux_remote.elf.dir/home/william/Downloads/Axon-imx93-2_16/boards/mcimx93evk/multicore_examples/rpmsg_lite_pingpong_rtos/linux_remote/main_remote.c.obj
                0x000000000ffe1004                main
 .text.BOARD_InitPins
                0x000000000ffe102c       0x20 CMakeFiles/rpmsg_lite_pingpong_rtos_linux_remote.elf.dir/home/william/Downloads/Axon-imx93-2_16/boards/mcimx93evk/multicore_examples/rpmsg_lite_pingpong_rtos/linux_remote/pin_mux.c.obj
                0x000000000ffe102c                BOARD_InitPins
 .text.BOARD_InitBootPins
                0x000000000ffe104c        0x4 CMakeFiles/rpmsg_lite_pingpong_rtos_linux_remote.elf.dir/home/william/Downloads/Axon-imx93-2_16/boards/mcimx93evk/multicore_examples/rpmsg_lite_pingpong_rtos/linux_remote/pin_mux.c.obj
                0x000000000ffe104c                BOARD_InitBootPins
 .text.copyResourceTable
                0x000000000ffe1050       0x28 CMakeFiles/rpmsg_lite_pingpong_rtos_linux_remote.elf.dir/home/william/Downloads/Axon-imx93-2_16/boards/mcimx93evk/multicore_examples/rpmsg_lite_pingpong_rtos/linux_remote/rsc_table.c.obj
                0x000000000ffe1050                copyResourceTable
 .text.BOARD_InitDebugConsole
                0x000000000ffe1078       0x4c CMakeFiles/rpmsg_lite_pingpong_rtos_linux_remote.elf.dir/home/william/Downloads/Axon-imx93-2_16/boards/mcimx93evk/multicore_examples/rpmsg_lite_pingpong_rtos/linux_remote/board.c.obj
                0x000000000ffe1078                BOARD_InitDebugConsole
 .text.BOARD_BootClockRUN
                0x000000000ffe10c4       0x94 CMakeFiles/rpmsg_lite_pingpong_rtos_linux_remote.elf.dir/home/william/Downloads/Axon-imx93-2_16/boards/mcimx93evk/multicore_examples/rpmsg_lite_pingpong_rtos/linux_remote/clock_config.c.obj
                0x000000000ffe10c4                BOARD_BootClockRUN
 .text.BOARD_InitBootClocks
                0x000000000ffe1158        0x4 CMakeFiles/rpmsg_lite_pingpong_rtos_linux_remote.elf.dir/home/william/Downloads/Axon-imx93-2_16/boards/mcimx93evk/multicore_examples/rpmsg_lite_pingpong_rtos/linux_remote/clock_config.c.obj
                0x000000000ffe1158                BOARD_InitBootClocks
 .text.HAL_UartInit
                0x000000000ffe115c       0x9c CMakeFiles/rpmsg_lite_pingpong_rtos_linux_remote.elf.dir/home/william/Downloads/Axon-imx93-2_16/components/uart/fsl_adapter_lpuart.c.obj
                0x000000000ffe115c                HAL_UartInit
 .text.HAL_UartSendBlocking
                0x000000000ffe11f8       0x18 CMakeFiles/rpmsg_lite_pingpong_rtos_linux_remote.elf.dir/home/william/Downloads/Axon-imx93-2_16/components/uart/fsl_adapter_lpuart.c.obj
                0x000000000ffe11f8                HAL_UartSendBlocking
 .text.SerialManager_Init
                0x000000000ffe1210       0x2a CMakeFiles/rpmsg_lite_pingpong_rtos_linux_remote.elf.dir/home/william/Downloads/Axon-imx93-2_16/components/serial_manager/fsl_component_serial_manager.c.obj
                0x000000000ffe1210                SerialManager_Init
 .text.SerialManager_OpenWriteHandle
                0x000000000ffe123a       0x26 CMakeFiles/rpmsg_lite_pingpong_rtos_linux_remote.elf.dir/home/william/Downloads/Axon-imx93-2_16/components/serial_manager/fsl_component_serial_manager.c.obj
                0x000000000ffe123a                SerialManager_OpenWriteHandle
 .text.SerialManager_OpenReadHandle
                0x000000000ffe1260       0x2c CMakeFiles/rpmsg_lite_pingpong_rtos_linux_remote.elf.dir/home/william/Downloads/Axon-imx93-2_16/components/serial_manager/fsl_component_serial_manager.c.obj
                0x000000000ffe1260                SerialManager_OpenReadHandle
 .text.SerialManager_WriteBlocking
                0x000000000ffe128c       0x14 CMakeFiles/rpmsg_lite_pingpong_rtos_linux_remote.elf.dir/home/william/Downloads/Axon-imx93-2_16/components/serial_manager/fsl_component_serial_manager.c.obj
                0x000000000ffe128c                SerialManager_WriteBlocking
 .text.Serial_UartInit
                0x000000000ffe12a0        0x4 CMakeFiles/rpmsg_lite_pingpong_rtos_linux_remote.elf.dir/home/william/Downloads/Axon-imx93-2_16/components/serial_manager/fsl_component_serial_port_uart.c.obj
                0x000000000ffe12a0                Serial_UartInit
 .text.Serial_UartWrite
                0x000000000ffe12a4        0x4 CMakeFiles/rpmsg_lite_pingpong_rtos_linux_remote.elf.dir/home/william/Downloads/Axon-imx93-2_16/components/serial_manager/fsl_component_serial_port_uart.c.obj
                0x000000000ffe12a4                Serial_UartWrite
 .text.SystemInitHook
                0x000000000ffe12a8        0x2 CMakeFiles/rpmsg_lite_pingpong_rtos_linux_remote.elf.dir/home/william/Downloads/Axon-imx93-2_16/devices/MIMX9352/system_MIMX9352_cm33.c.obj
                0x000000000ffe12a8                SystemInitHook
 *fill*         0x000000000ffe12aa        0x2 
 .text.SystemInit
                0x000000000ffe12ac       0x1c CMakeFiles/rpmsg_lite_pingpong_rtos_linux_remote.elf.dir/home/william/Downloads/Axon-imx93-2_16/devices/MIMX9352/system_MIMX9352_cm33.c.obj
                0x000000000ffe12ac                SystemInit
 .text.CLOCK_GetIpFreq
                0x000000000ffe12c8       0x34 CMakeFiles/rpmsg_lite_pingpong_rtos_linux_remote.elf.dir/home/william/Downloads/Axon-imx93-2_16/devices/MIMX9352/drivers/fsl_clock.c.obj
                0x000000000ffe12c8                CLOCK_GetIpFreq
 .text.SDK_DelayAtLeastUs
                0x000000000ffe12fc       0x20 CMakeFiles/rpmsg_lite_pingpong_rtos_linux_remote.elf.dir/home/william/Downloads/Axon-imx93-2_16/devices/MIMX9352/drivers/fsl_common_arm.c.obj
                0x000000000ffe12fc                SDK_DelayAtLeastUs
 .text.LPUART_GetInstance
                0x000000000ffe131c       0x1c CMakeFiles/rpmsg_lite_pingpong_rtos_linux_remote.elf.dir/home/william/Downloads/Axon-imx93-2_16/devices/MIMX9352/drivers/fsl_lpuart.c.obj
                0x000000000ffe131c                LPUART_GetInstance
 .text.LPUART_Init
                0x000000000ffe1338      0x1b8 CMakeFiles/rpmsg_lite_pingpong_rtos_linux_remote.elf.dir/home/william/Downloads/Axon-imx93-2_16/devices/MIMX9352/drivers/fsl_lpuart.c.obj
                0x000000000ffe1338                LPUART_Init
 .text.LPUART_GetDefaultConfig
                0x000000000ffe14f0       0x1e CMakeFiles/rpmsg_lite_pingpong_rtos_linux_remote.elf.dir/home/william/Downloads/Axon-imx93-2_16/devices/MIMX9352/drivers/fsl_lpuart.c.obj
                0x000000000ffe14f0                LPUART_GetDefaultConfig
 .text.LPUART_WriteBlocking
                0x000000000ffe150e       0x1e CMakeFiles/rpmsg_lite_pingpong_rtos_linux_remote.elf.dir/home/william/Downloads/Axon-imx93-2_16/devices/MIMX9352/drivers/fsl_lpuart.c.obj
                0x000000000ffe150e                LPUART_WriteBlocking
 .text.LPUART1_DriverIRQHandler
                0x000000000ffe152c       0x18 CMakeFiles/rpmsg_lite_pingpong_rtos_linux_remote.elf.dir/home/william/Downloads/Axon-imx93-2_16/devices/MIMX9352/drivers/fsl_lpuart.c.obj
                0x000000000ffe152c                LPUART1_DriverIRQHandler
 .text.LPUART2_DriverIRQHandler
                0x000000000ffe1544       0x18 CMakeFiles/rpmsg_lite_pingpong_rtos_linux_remote.elf.dir/home/william/Downloads/Axon-imx93-2_16/devices/MIMX9352/drivers/fsl_lpuart.c.obj
                0x000000000ffe1544                LPUART2_DriverIRQHandler
 .text.LPUART3_DriverIRQHandler
                0x000000000ffe155c       0x18 CMakeFiles/rpmsg_lite_pingpong_rtos_linux_remote.elf.dir/home/william/Downloads/Axon-imx93-2_16/devices/MIMX9352/drivers/fsl_lpuart.c.obj
                0x000000000ffe155c                LPUART3_DriverIRQHandler
 .text.LPUART4_DriverIRQHandler
                0x000000000ffe1574       0x18 CMakeFiles/rpmsg_lite_pingpong_rtos_linux_remote.elf.dir/home/william/Downloads/Axon-imx93-2_16/devices/MIMX9352/drivers/fsl_lpuart.c.obj
                0x000000000ffe1574                LPUART4_DriverIRQHandler
 .text.LPUART5_DriverIRQHandler
                0x000000000ffe158c       0x18 CMakeFiles/rpmsg_lite_pingpong_rtos_linux_remote.elf.dir/home/william/Downloads/Axon-imx93-2_16/devices/MIMX9352/drivers/fsl_lpuart.c.obj
                0x000000000ffe158c                LPUART5_DriverIRQHandler
 .text.LPUART6_DriverIRQHandler
                0x000000000ffe15a4       0x18 CMakeFiles/rpmsg_lite_pingpong_rtos_linux_remote.elf.dir/home/william/Downloads/Axon-imx93-2_16/devices/MIMX9352/drivers/fsl_lpuart.c.obj
                0x000000000ffe15a4                LPUART6_DriverIRQHandler
 .text.LPUART7_DriverIRQHandler
                0x000000000ffe15bc       0x18 CMakeFiles/rpmsg_lite_pingpong_rtos_linux_remote.elf.dir/home/william/Downloads/Axon-imx93-2_16/devices/MIMX9352/drivers/fsl_lpuart.c.obj
                0x000000000ffe15bc                LPUART7_DriverIRQHandler
 .text.LPUART8_DriverIRQHandler
                0x000000000ffe15d4       0x18 CMakeFiles/rpmsg_lite_pingpong_rtos_linux_remote.elf.dir/home/william/Downloads/Axon-imx93-2_16/devices/MIMX9352/drivers/fsl_lpuart.c.obj
                0x000000000ffe15d4                LPUART8_DriverIRQHandler
 .text.MU_GetInstance
                0x000000000ffe15ec       0x20 CMakeFiles/rpmsg_lite_pingpong_rtos_linux_remote.elf.dir/home/william/Downloads/Axon-imx93-2_16/devices/MIMX9352/drivers/fsl_mu.c.obj
                0x000000000ffe15ec                MU_GetInstance
 .text.MU_Init  0x000000000ffe160c       0x38 CMakeFiles/rpmsg_lite_pingpong_rtos_linux_remote.elf.dir/home/william/Downloads/Axon-imx93-2_16/devices/MIMX9352/drivers/fsl_mu.c.obj
                0x000000000ffe160c                MU_Init
 .text.MU_Deinit
                0x000000000ffe1644       0x38 CMakeFiles/rpmsg_lite_pingpong_rtos_linux_remote.elf.dir/home/william/Downloads/Axon-imx93-2_16/devices/MIMX9352/drivers/fsl_mu.c.obj
                0x000000000ffe1644                MU_Deinit
 .text.MU_SendMsg
                0x000000000ffe167c       0x16 CMakeFiles/rpmsg_lite_pingpong_rtos_linux_remote.elf.dir/home/william/Downloads/Axon-imx93-2_16/devices/MIMX9352/drivers/fsl_mu.c.obj
                0x000000000ffe167c                MU_SendMsg
 .text.MU_GetStatusFlags
                0x000000000ffe1692       0x1e CMakeFiles/rpmsg_lite_pingpong_rtos_linux_remote.elf.dir/home/william/Downloads/Axon-imx93-2_16/devices/MIMX9352/drivers/fsl_mu.c.obj
                0x000000000ffe1692                MU_GetStatusFlags
 .text.xEventGroupCreate
                0x000000000ffe16b0       0x1a CMakeFiles/rpmsg_lite_pingpong_rtos_linux_remote.elf.dir/home/william/Downloads/Axon-imx93-2_16/rtos/freertos/freertos-kernel/event_groups.c.obj
                0x000000000ffe16b0                xEventGroupCreate
 .text.xEventGroupWaitBits
                0x000000000ffe16ca       0xd0 CMakeFiles/rpmsg_lite_pingpong_rtos_linux_remote.elf.dir/home/william/Downloads/Axon-imx93-2_16/rtos/freertos/freertos-kernel/event_groups.c.obj
                0x000000000ffe16ca                xEventGroupWaitBits
 .text.xEventGroupClearBits
                0x000000000ffe179a       0x2e CMakeFiles/rpmsg_lite_pingpong_rtos_linux_remote.elf.dir/home/william/Downloads/Axon-imx93-2_16/rtos/freertos/freertos-kernel/event_groups.c.obj
                0x000000000ffe179a                xEventGroupClearBits
 .text.xEventGroupSetBits
                0x000000000ffe17c8       0x6e CMakeFiles/rpmsg_lite_pingpong_rtos_linux_remote.elf.dir/home/william/Downloads/Axon-imx93-2_16/rtos/freertos/freertos-kernel/event_groups.c.obj
                0x000000000ffe17c8                xEventGroupSetBits
 .text.vEventGroupSetBitsCallback
                0x000000000ffe1836        0x4 CMakeFiles/rpmsg_lite_pingpong_rtos_linux_remote.elf.dir/home/william/Downloads/Axon-imx93-2_16/rtos/freertos/freertos-kernel/event_groups.c.obj
                0x000000000ffe1836                vEventGroupSetBitsCallback
 .text.vEventGroupDelete
                0x000000000ffe183a       0x3c CMakeFiles/rpmsg_lite_pingpong_rtos_linux_remote.elf.dir/home/william/Downloads/Axon-imx93-2_16/rtos/freertos/freertos-kernel/event_groups.c.obj
                0x000000000ffe183a                vEventGroupDelete
 *fill*         0x000000000ffe1876        0x2 
 .text.xEventGroupSetBitsFromISR
                0x000000000ffe1878       0x10 CMakeFiles/rpmsg_lite_pingpong_rtos_linux_remote.elf.dir/home/william/Downloads/Axon-imx93-2_16/rtos/freertos/freertos-kernel/event_groups.c.obj
                0x000000000ffe1878                xEventGroupSetBitsFromISR
 .text.vListInitialise
                0x000000000ffe1888       0x16 CMakeFiles/rpmsg_lite_pingpong_rtos_linux_remote.elf.dir/home/william/Downloads/Axon-imx93-2_16/rtos/freertos/freertos-kernel/list.c.obj
                0x000000000ffe1888                vListInitialise
 .text.vListInitialiseItem
                0x000000000ffe189e        0x6 CMakeFiles/rpmsg_lite_pingpong_rtos_linux_remote.elf.dir/home/william/Downloads/Axon-imx93-2_16/rtos/freertos/freertos-kernel/list.c.obj
                0x000000000ffe189e                vListInitialiseItem
 .text.vListInsert
                0x000000000ffe18a4       0x2e CMakeFiles/rpmsg_lite_pingpong_rtos_linux_remote.elf.dir/home/william/Downloads/Axon-imx93-2_16/rtos/freertos/freertos-kernel/list.c.obj
                0x000000000ffe18a4                vListInsert
 .text.uxListRemove
                0x000000000ffe18d2       0x20 CMakeFiles/rpmsg_lite_pingpong_rtos_linux_remote.elf.dir/home/william/Downloads/Axon-imx93-2_16/rtos/freertos/freertos-kernel/list.c.obj
                0x000000000ffe18d2                uxListRemove
 .text.prvIsQueueEmpty
                0x000000000ffe18f2       0x16 CMakeFiles/rpmsg_lite_pingpong_rtos_linux_remote.elf.dir/home/william/Downloads/Axon-imx93-2_16/rtos/freertos/freertos-kernel/queue.c.obj
 .text.prvCopyDataToQueue
                0x000000000ffe1908       0x6a CMakeFiles/rpmsg_lite_pingpong_rtos_linux_remote.elf.dir/home/william/Downloads/Axon-imx93-2_16/rtos/freertos/freertos-kernel/queue.c.obj
 .text.prvCopyDataFromQueue
                0x000000000ffe1972       0x2c CMakeFiles/rpmsg_lite_pingpong_rtos_linux_remote.elf.dir/home/william/Downloads/Axon-imx93-2_16/rtos/freertos/freertos-kernel/queue.c.obj
 .text.prvUnlockQueue
                0x000000000ffe199e       0x70 CMakeFiles/rpmsg_lite_pingpong_rtos_linux_remote.elf.dir/home/william/Downloads/Axon-imx93-2_16/rtos/freertos/freertos-kernel/queue.c.obj
 .text.xQueueGenericReset
                0x000000000ffe1a0e       0x72 CMakeFiles/rpmsg_lite_pingpong_rtos_linux_remote.elf.dir/home/william/Downloads/Axon-imx93-2_16/rtos/freertos/freertos-kernel/queue.c.obj
                0x000000000ffe1a0e                xQueueGenericReset
 .text.xQueueGenericCreate
                0x000000000ffe1a80       0x48 CMakeFiles/rpmsg_lite_pingpong_rtos_linux_remote.elf.dir/home/william/Downloads/Axon-imx93-2_16/rtos/freertos/freertos-kernel/queue.c.obj
                0x000000000ffe1a80                xQueueGenericCreate
 .text.xQueueCreateCountingSemaphore
                0x000000000ffe1ac8       0x1e CMakeFiles/rpmsg_lite_pingpong_rtos_linux_remote.elf.dir/home/william/Downloads/Axon-imx93-2_16/rtos/freertos/freertos-kernel/queue.c.obj
                0x000000000ffe1ac8                xQueueCreateCountingSemaphore
 .text.xQueueGenericSend
                0x000000000ffe1ae6      0x114 CMakeFiles/rpmsg_lite_pingpong_rtos_linux_remote.elf.dir/home/william/Downloads/Axon-imx93-2_16/rtos/freertos/freertos-kernel/queue.c.obj
                0x000000000ffe1ae6                xQueueGenericSend
 .text.xQueueGenericSendFromISR
                0x000000000ffe1bfa       0xa8 CMakeFiles/rpmsg_lite_pingpong_rtos_linux_remote.elf.dir/home/william/Downloads/Axon-imx93-2_16/rtos/freertos/freertos-kernel/queue.c.obj
                0x000000000ffe1bfa                xQueueGenericSendFromISR
 .text.xQueueReceive
                0x000000000ffe1ca2       0xf8 CMakeFiles/rpmsg_lite_pingpong_rtos_linux_remote.elf.dir/home/william/Downloads/Axon-imx93-2_16/rtos/freertos/freertos-kernel/queue.c.obj
                0x000000000ffe1ca2                xQueueReceive
 .text.xQueueSemaphoreTake
                0x000000000ffe1d9a      0x12c CMakeFiles/rpmsg_lite_pingpong_rtos_linux_remote.elf.dir/home/william/Downloads/Axon-imx93-2_16/rtos/freertos/freertos-kernel/queue.c.obj
                0x000000000ffe1d9a                xQueueSemaphoreTake
 .text.xQueueReceiveFromISR
                0x000000000ffe1ec6       0x8a CMakeFiles/rpmsg_lite_pingpong_rtos_linux_remote.elf.dir/home/william/Downloads/Axon-imx93-2_16/rtos/freertos/freertos-kernel/queue.c.obj
                0x000000000ffe1ec6                xQueueReceiveFromISR
 .text.vQueueAddToRegistry
                0x000000000ffe1f50       0x44 CMakeFiles/rpmsg_lite_pingpong_rtos_linux_remote.elf.dir/home/william/Downloads/Axon-imx93-2_16/rtos/freertos/freertos-kernel/queue.c.obj
                0x000000000ffe1f50                vQueueAddToRegistry
 .text.vQueueUnregisterQueue
                0x000000000ffe1f94       0x30 CMakeFiles/rpmsg_lite_pingpong_rtos_linux_remote.elf.dir/home/william/Downloads/Axon-imx93-2_16/rtos/freertos/freertos-kernel/queue.c.obj
                0x000000000ffe1f94                vQueueUnregisterQueue
 .text.vQueueDelete
                0x000000000ffe1fc4       0x1a CMakeFiles/rpmsg_lite_pingpong_rtos_linux_remote.elf.dir/home/william/Downloads/Axon-imx93-2_16/rtos/freertos/freertos-kernel/queue.c.obj
                0x000000000ffe1fc4                vQueueDelete
 .text.vQueueWaitForMessageRestricted
                0x000000000ffe1fde       0x46 CMakeFiles/rpmsg_lite_pingpong_rtos_linux_remote.elf.dir/home/william/Downloads/Axon-imx93-2_16/rtos/freertos/freertos-kernel/queue.c.obj
                0x000000000ffe1fde                vQueueWaitForMessageRestricted
 .text.prvAddCurrentTaskToDelayedList
                0x000000000ffe2024       0xac CMakeFiles/rpmsg_lite_pingpong_rtos_linux_remote.elf.dir/home/william/Downloads/Axon-imx93-2_16/rtos/freertos/freertos-kernel/tasks.c.obj
 .text.prvResetNextTaskUnblockTime
                0x000000000ffe20d0       0x24 CMakeFiles/rpmsg_lite_pingpong_rtos_linux_remote.elf.dir/home/william/Downloads/Axon-imx93-2_16/rtos/freertos/freertos-kernel/tasks.c.obj
 .text.prvIdleTask
                0x000000000ffe20f4       0x58 CMakeFiles/rpmsg_lite_pingpong_rtos_linux_remote.elf.dir/home/william/Downloads/Axon-imx93-2_16/rtos/freertos/freertos-kernel/tasks.c.obj
 .text.xTaskCreate
                0x000000000ffe214c      0x1b8 CMakeFiles/rpmsg_lite_pingpong_rtos_linux_remote.elf.dir/home/william/Downloads/Axon-imx93-2_16/rtos/freertos/freertos-kernel/tasks.c.obj
                0x000000000ffe214c                xTaskCreate
 .text.vTaskStartScheduler
                0x000000000ffe2304       0x80 CMakeFiles/rpmsg_lite_pingpong_rtos_linux_remote.elf.dir/home/william/Downloads/Axon-imx93-2_16/rtos/freertos/freertos-kernel/tasks.c.obj
                0x000000000ffe2304                vTaskStartScheduler
 .text.vTaskSuspendAll
                0x000000000ffe2384       0x10 CMakeFiles/rpmsg_lite_pingpong_rtos_linux_remote.elf.dir/home/william/Downloads/Axon-imx93-2_16/rtos/freertos/freertos-kernel/tasks.c.obj
                0x000000000ffe2384                vTaskSuspendAll
 .text.xTaskGetTickCount
                0x000000000ffe2394        0xc CMakeFiles/rpmsg_lite_pingpong_rtos_linux_remote.elf.dir/home/william/Downloads/Axon-imx93-2_16/rtos/freertos/freertos-kernel/tasks.c.obj
                0x000000000ffe2394                xTaskGetTickCount
 .text.uxTaskGetNumberOfTasks
                0x000000000ffe23a0        0xc CMakeFiles/rpmsg_lite_pingpong_rtos_linux_remote.elf.dir/home/william/Downloads/Axon-imx93-2_16/rtos/freertos/freertos-kernel/tasks.c.obj
                0x000000000ffe23a0                uxTaskGetNumberOfTasks
 .text.xTaskIncrementTick
                0x000000000ffe23ac      0x150 CMakeFiles/rpmsg_lite_pingpong_rtos_linux_remote.elf.dir/home/william/Downloads/Axon-imx93-2_16/rtos/freertos/freertos-kernel/tasks.c.obj
                0x000000000ffe23ac                xTaskIncrementTick
 .text.xTaskResumeAll
                0x000000000ffe24fc      0x124 CMakeFiles/rpmsg_lite_pingpong_rtos_linux_remote.elf.dir/home/william/Downloads/Axon-imx93-2_16/rtos/freertos/freertos-kernel/tasks.c.obj
                0x000000000ffe24fc                xTaskResumeAll
 .text.vTaskDelay
                0x000000000ffe2620       0x34 CMakeFiles/rpmsg_lite_pingpong_rtos_linux_remote.elf.dir/home/william/Downloads/Axon-imx93-2_16/rtos/freertos/freertos-kernel/tasks.c.obj
                0x000000000ffe2620                vTaskDelay
 .text.vTaskSwitchContext
                0x000000000ffe2654       0x6c CMakeFiles/rpmsg_lite_pingpong_rtos_linux_remote.elf.dir/home/william/Downloads/Axon-imx93-2_16/rtos/freertos/freertos-kernel/tasks.c.obj
                0x000000000ffe2654                vTaskSwitchContext
 .text.vTaskPlaceOnEventList
                0x000000000ffe26c0       0x28 CMakeFiles/rpmsg_lite_pingpong_rtos_linux_remote.elf.dir/home/william/Downloads/Axon-imx93-2_16/rtos/freertos/freertos-kernel/tasks.c.obj
                0x000000000ffe26c0                vTaskPlaceOnEventList
 .text.vTaskPlaceOnUnorderedEventList
                0x000000000ffe26e8       0x5c CMakeFiles/rpmsg_lite_pingpong_rtos_linux_remote.elf.dir/home/william/Downloads/Axon-imx93-2_16/rtos/freertos/freertos-kernel/tasks.c.obj
                0x000000000ffe26e8                vTaskPlaceOnUnorderedEventList
 .text.vTaskPlaceOnEventListRestricted
                0x000000000ffe2744       0x54 CMakeFiles/rpmsg_lite_pingpong_rtos_linux_remote.elf.dir/home/william/Downloads/Axon-imx93-2_16/rtos/freertos/freertos-kernel/tasks.c.obj
                0x000000000ffe2744                vTaskPlaceOnEventListRestricted
 .text.xTaskRemoveFromEventList
                0x000000000ffe2798       0xc4 CMakeFiles/rpmsg_lite_pingpong_rtos_linux_remote.elf.dir/home/william/Downloads/Axon-imx93-2_16/rtos/freertos/freertos-kernel/tasks.c.obj
                0x000000000ffe2798                xTaskRemoveFromEventList
 .text.vTaskRemoveFromUnorderedEventList
                0x000000000ffe285c       0xb0 CMakeFiles/rpmsg_lite_pingpong_rtos_linux_remote.elf.dir/home/william/Downloads/Axon-imx93-2_16/rtos/freertos/freertos-kernel/tasks.c.obj
                0x000000000ffe285c                vTaskRemoveFromUnorderedEventList
 .text.vTaskInternalSetTimeOutState
                0x000000000ffe290c       0x18 CMakeFiles/rpmsg_lite_pingpong_rtos_linux_remote.elf.dir/home/william/Downloads/Axon-imx93-2_16/rtos/freertos/freertos-kernel/tasks.c.obj
                0x000000000ffe290c                vTaskInternalSetTimeOutState
 .text.xTaskCheckForTimeOut
                0x000000000ffe2924       0x60 CMakeFiles/rpmsg_lite_pingpong_rtos_linux_remote.elf.dir/home/william/Downloads/Axon-imx93-2_16/rtos/freertos/freertos-kernel/tasks.c.obj
                0x000000000ffe2924                xTaskCheckForTimeOut
 .text.vTaskMissedYield
                0x000000000ffe2984        0xc CMakeFiles/rpmsg_lite_pingpong_rtos_linux_remote.elf.dir/home/william/Downloads/Axon-imx93-2_16/rtos/freertos/freertos-kernel/tasks.c.obj
                0x000000000ffe2984                vTaskMissedYield
 .text.xTaskGetSchedulerState
                0x000000000ffe2990       0x20 CMakeFiles/rpmsg_lite_pingpong_rtos_linux_remote.elf.dir/home/william/Downloads/Axon-imx93-2_16/rtos/freertos/freertos-kernel/tasks.c.obj
                0x000000000ffe2990                xTaskGetSchedulerState
 .text.xTaskPriorityInherit
                0x000000000ffe29b0       0xa4 CMakeFiles/rpmsg_lite_pingpong_rtos_linux_remote.elf.dir/home/william/Downloads/Axon-imx93-2_16/rtos/freertos/freertos-kernel/tasks.c.obj
                0x000000000ffe29b0                xTaskPriorityInherit
 .text.xTaskPriorityDisinherit
                0x000000000ffe2a54       0x90 CMakeFiles/rpmsg_lite_pingpong_rtos_linux_remote.elf.dir/home/william/Downloads/Axon-imx93-2_16/rtos/freertos/freertos-kernel/tasks.c.obj
                0x000000000ffe2a54                xTaskPriorityDisinherit
 .text.vTaskPriorityDisinheritAfterTimeout
                0x000000000ffe2ae4       0xa0 CMakeFiles/rpmsg_lite_pingpong_rtos_linux_remote.elf.dir/home/william/Downloads/Axon-imx93-2_16/rtos/freertos/freertos-kernel/tasks.c.obj
                0x000000000ffe2ae4                vTaskPriorityDisinheritAfterTimeout
 .text.uxTaskResetEventItemValue
                0x000000000ffe2b84       0x18 CMakeFiles/rpmsg_lite_pingpong_rtos_linux_remote.elf.dir/home/william/Downloads/Axon-imx93-2_16/rtos/freertos/freertos-kernel/tasks.c.obj
                0x000000000ffe2b84                uxTaskResetEventItemValue
 .text.pvTaskIncrementMutexHeldCount
                0x000000000ffe2b9c       0x14 CMakeFiles/rpmsg_lite_pingpong_rtos_linux_remote.elf.dir/home/william/Downloads/Axon-imx93-2_16/rtos/freertos/freertos-kernel/tasks.c.obj
                0x000000000ffe2b9c                pvTaskIncrementMutexHeldCount
 .text.prvCheckForValidListAndQueue
                0x000000000ffe2bb0       0x58 CMakeFiles/rpmsg_lite_pingpong_rtos_linux_remote.elf.dir/home/william/Downloads/Axon-imx93-2_16/rtos/freertos/freertos-kernel/timers.c.obj
 .text.prvInsertTimerInActiveList
                0x000000000ffe2c08       0x3c CMakeFiles/rpmsg_lite_pingpong_rtos_linux_remote.elf.dir/home/william/Downloads/Axon-imx93-2_16/rtos/freertos/freertos-kernel/timers.c.obj
 .text.prvReloadTimer
                0x000000000ffe2c44       0x26 CMakeFiles/rpmsg_lite_pingpong_rtos_linux_remote.elf.dir/home/william/Downloads/Axon-imx93-2_16/rtos/freertos/freertos-kernel/timers.c.obj
 *fill*         0x000000000ffe2c6a        0x2 
 .text.prvProcessExpiredTimer
                0x000000000ffe2c6c       0x44 CMakeFiles/rpmsg_lite_pingpong_rtos_linux_remote.elf.dir/home/william/Downloads/Axon-imx93-2_16/rtos/freertos/freertos-kernel/timers.c.obj
 .text.prvSampleTimeNow
                0x000000000ffe2cb0       0x4c CMakeFiles/rpmsg_lite_pingpong_rtos_linux_remote.elf.dir/home/william/Downloads/Axon-imx93-2_16/rtos/freertos/freertos-kernel/timers.c.obj
 .text.prvTimerTask
                0x000000000ffe2cfc      0x15c CMakeFiles/rpmsg_lite_pingpong_rtos_linux_remote.elf.dir/home/william/Downloads/Axon-imx93-2_16/rtos/freertos/freertos-kernel/timers.c.obj
 .text.xTimerCreateTimerTask
                0x000000000ffe2e58       0x40 CMakeFiles/rpmsg_lite_pingpong_rtos_linux_remote.elf.dir/home/william/Downloads/Axon-imx93-2_16/rtos/freertos/freertos-kernel/timers.c.obj
                0x000000000ffe2e58                xTimerCreateTimerTask
 .text.xTimerPendFunctionCallFromISR
                0x000000000ffe2e98       0x28 CMakeFiles/rpmsg_lite_pingpong_rtos_linux_remote.elf.dir/home/william/Downloads/Axon-imx93-2_16/rtos/freertos/freertos-kernel/timers.c.obj
                0x000000000ffe2e98                xTimerPendFunctionCallFromISR
 .text.prvTaskExitError
                0x000000000ffe2ec0       0x28 CMakeFiles/rpmsg_lite_pingpong_rtos_linux_remote.elf.dir/home/william/Downloads/Axon-imx93-2_16/rtos/freertos/freertos-kernel/portable/GCC/ARM_CM33_NTZ/non_secure/port.c.obj
 .text.vPortSetupTimerInterrupt
                0x000000000ffe2ee8       0x28 CMakeFiles/rpmsg_lite_pingpong_rtos_linux_remote.elf.dir/home/william/Downloads/Axon-imx93-2_16/rtos/freertos/freertos-kernel/portable/GCC/ARM_CM33_NTZ/non_secure/port.c.obj
                0x000000000ffe2ee8                vPortSetupTimerInterrupt
 .text.vPortYield
                0x000000000ffe2f10       0x16 CMakeFiles/rpmsg_lite_pingpong_rtos_linux_remote.elf.dir/home/william/Downloads/Axon-imx93-2_16/rtos/freertos/freertos-kernel/portable/GCC/ARM_CM33_NTZ/non_secure/port.c.obj
                0x000000000ffe2f10                vPortYield
 *fill*         0x000000000ffe2f26        0x2 
 .text.vPortEnterCritical
                0x000000000ffe2f28       0x1c CMakeFiles/rpmsg_lite_pingpong_rtos_linux_remote.elf.dir/home/william/Downloads/Axon-imx93-2_16/rtos/freertos/freertos-kernel/portable/GCC/ARM_CM33_NTZ/non_secure/port.c.obj
                0x000000000ffe2f28                vPortEnterCritical
 .text.vPortExitCritical
                0x000000000ffe2f44       0x28 CMakeFiles/rpmsg_lite_pingpong_rtos_linux_remote.elf.dir/home/william/Downloads/Axon-imx93-2_16/rtos/freertos/freertos-kernel/portable/GCC/ARM_CM33_NTZ/non_secure/port.c.obj
                0x000000000ffe2f44                vPortExitCritical
 .text.SysTick_Handler
                0x000000000ffe2f6c       0x24 CMakeFiles/rpmsg_lite_pingpong_rtos_linux_remote.elf.dir/home/william/Downloads/Axon-imx93-2_16/rtos/freertos/freertos-kernel/portable/GCC/ARM_CM33_NTZ/non_secure/port.c.obj
                0x000000000ffe2f6c                SysTick_Handler
 .text.vPortSVCHandler_C
                0x000000000ffe2f90       0x36 CMakeFiles/rpmsg_lite_pingpong_rtos_linux_remote.elf.dir/home/william/Downloads/Axon-imx93-2_16/rtos/freertos/freertos-kernel/portable/GCC/ARM_CM33_NTZ/non_secure/port.c.obj
                0x000000000ffe2f90                vPortSVCHandler_C
 *fill*         0x000000000ffe2fc6        0x2 
 .text.pxPortInitialiseStack
                0x000000000ffe2fc8       0x70 CMakeFiles/rpmsg_lite_pingpong_rtos_linux_remote.elf.dir/home/william/Downloads/Axon-imx93-2_16/rtos/freertos/freertos-kernel/portable/GCC/ARM_CM33_NTZ/non_secure/port.c.obj
                0x000000000ffe2fc8                pxPortInitialiseStack
 .text.xPortStartScheduler
                0x000000000ffe3038       0xe4 CMakeFiles/rpmsg_lite_pingpong_rtos_linux_remote.elf.dir/home/william/Downloads/Axon-imx93-2_16/rtos/freertos/freertos-kernel/portable/GCC/ARM_CM33_NTZ/non_secure/port.c.obj
                0x000000000ffe3038                xPortStartScheduler
 .text.vPortValidateInterruptPriority
                0x000000000ffe311c       0x44 CMakeFiles/rpmsg_lite_pingpong_rtos_linux_remote.elf.dir/home/william/Downloads/Axon-imx93-2_16/rtos/freertos/freertos-kernel/portable/GCC/ARM_CM33_NTZ/non_secure/port.c.obj
                0x000000000ffe311c                vPortValidateInterruptPriority
 .text.vRestoreContextOfFirstTask
                0x000000000ffe3160       0x34 CMakeFiles/rpmsg_lite_pingpong_rtos_linux_remote.elf.dir/home/william/Downloads/Axon-imx93-2_16/rtos/freertos/freertos-kernel/portable/GCC/ARM_CM33_NTZ/non_secure/portasm.c.obj
                0x000000000ffe3160                vRestoreContextOfFirstTask
 *fill*         0x000000000ffe3194        0xc 
 .text.vStartFirstTask
                0x000000000ffe31a0       0x24 CMakeFiles/rpmsg_lite_pingpong_rtos_linux_remote.elf.dir/home/william/Downloads/Axon-imx93-2_16/rtos/freertos/freertos-kernel/portable/GCC/ARM_CM33_NTZ/non_secure/portasm.c.obj
                0x000000000ffe31a0                vStartFirstTask
 .text.ulSetInterruptMask
                0x000000000ffe31c4       0x16 CMakeFiles/rpmsg_lite_pingpong_rtos_linux_remote.elf.dir/home/william/Downloads/Axon-imx93-2_16/rtos/freertos/freertos-kernel/portable/GCC/ARM_CM33_NTZ/non_secure/portasm.c.obj
                0x000000000ffe31c4                ulSetInterruptMask
 .text.vClearInterruptMask
                0x000000000ffe31da        0xe CMakeFiles/rpmsg_lite_pingpong_rtos_linux_remote.elf.dir/home/william/Downloads/Axon-imx93-2_16/rtos/freertos/freertos-kernel/portable/GCC/ARM_CM33_NTZ/non_secure/portasm.c.obj
                0x000000000ffe31da                vClearInterruptMask
 *fill*         0x000000000ffe31e8        0x8 
 .text.PendSV_Handler
                0x000000000ffe31f0       0x64 CMakeFiles/rpmsg_lite_pingpong_rtos_linux_remote.elf.dir/home/william/Downloads/Axon-imx93-2_16/rtos/freertos/freertos-kernel/portable/GCC/ARM_CM33_NTZ/non_secure/portasm.c.obj
                0x000000000ffe31f0                PendSV_Handler
 *fill*         0x000000000ffe3254        0xc 
 .text.SVC_Handler
                0x000000000ffe3260       0x24 CMakeFiles/rpmsg_lite_pingpong_rtos_linux_remote.elf.dir/home/william/Downloads/Axon-imx93-2_16/rtos/freertos/freertos-kernel/portable/GCC/ARM_CM33_NTZ/non_secure/portasm.c.obj
                0x000000000ffe3260                SVC_Handler
 .text.pvPortMalloc
                0x000000000ffe3284      0x148 CMakeFiles/rpmsg_lite_pingpong_rtos_linux_remote.elf.dir/home/william/Downloads/Axon-imx93-2_16/rtos/freertos/freertos-kernel/portable/MemMang/heap_4.c.obj
                0x000000000ffe3284                pvPortMalloc
 .text.vPortFree
                0x000000000ffe33cc       0xc8 CMakeFiles/rpmsg_lite_pingpong_rtos_linux_remote.elf.dir/home/william/Downloads/Axon-imx93-2_16/rtos/freertos/freertos-kernel/portable/MemMang/heap_4.c.obj
                0x000000000ffe33cc                vPortFree
 .text.add_to_list
                0x000000000ffe3494       0x1e CMakeFiles/rpmsg_lite_pingpong_rtos_linux_remote.elf.dir/home/william/Downloads/Axon-imx93-2_16/middleware/multicore/rpmsg_lite/lib/common/llist.c.obj
                0x000000000ffe3494                add_to_list
 .text.remove_from_list
                0x000000000ffe34b2       0x1c CMakeFiles/rpmsg_lite_pingpong_rtos_linux_remote.elf.dir/home/william/Downloads/Axon-imx93-2_16/middleware/multicore/rpmsg_lite/lib/common/llist.c.obj
                0x000000000ffe34b2                remove_from_list
 .text.virtqueue_notify
                0x000000000ffe34ce        0x8 CMakeFiles/rpmsg_lite_pingpong_rtos_linux_remote.elf.dir/home/william/Downloads/Axon-imx93-2_16/middleware/multicore/rpmsg_lite/lib/rpmsg_lite/rpmsg_lite.c.obj
 .text.rpmsg_lite_tx_callback
                0x000000000ffe34d6       0x10 CMakeFiles/rpmsg_lite_pingpong_rtos_linux_remote.elf.dir/home/william/Downloads/Axon-imx93-2_16/middleware/multicore/rpmsg_lite/lib/rpmsg_lite/rpmsg_lite.c.obj
 .text.vq_tx_remote
                0x000000000ffe34e6        0xe CMakeFiles/rpmsg_lite_pingpong_rtos_linux_remote.elf.dir/home/william/Downloads/Axon-imx93-2_16/middleware/multicore/rpmsg_lite/lib/rpmsg_lite/rpmsg_lite.c.obj
 .text.vq_rx_free_remote
                0x000000000ffe34f4        0x4 CMakeFiles/rpmsg_lite_pingpong_rtos_linux_remote.elf.dir/home/william/Downloads/Axon-imx93-2_16/middleware/multicore/rpmsg_lite/lib/rpmsg_lite/rpmsg_lite.c.obj
 .text.vq_tx_alloc_remote
                0x000000000ffe34f8        0xa CMakeFiles/rpmsg_lite_pingpong_rtos_linux_remote.elf.dir/home/william/Downloads/Axon-imx93-2_16/middleware/multicore/rpmsg_lite/lib/rpmsg_lite/rpmsg_lite.c.obj
 .text.rpmsg_lite_get_endpoint_from_addr.isra.0
                0x000000000ffe3502       0x10 CMakeFiles/rpmsg_lite_pingpong_rtos_linux_remote.elf.dir/home/william/Downloads/Axon-imx93-2_16/middleware/multicore/rpmsg_lite/lib/rpmsg_lite/rpmsg_lite.c.obj
 .text.rpmsg_lite_rx_callback
                0x000000000ffe3512       0x56 CMakeFiles/rpmsg_lite_pingpong_rtos_linux_remote.elf.dir/home/william/Downloads/Axon-imx93-2_16/middleware/multicore/rpmsg_lite/lib/rpmsg_lite/rpmsg_lite.c.obj
 .text.vq_rx_remote
                0x000000000ffe3568        0xa CMakeFiles/rpmsg_lite_pingpong_rtos_linux_remote.elf.dir/home/william/Downloads/Axon-imx93-2_16/middleware/multicore/rpmsg_lite/lib/rpmsg_lite/rpmsg_lite.c.obj
 .text.rpmsg_lite_create_ept
                0x000000000ffe3572       0x90 CMakeFiles/rpmsg_lite_pingpong_rtos_linux_remote.elf.dir/home/william/Downloads/Axon-imx93-2_16/middleware/multicore/rpmsg_lite/lib/rpmsg_lite/rpmsg_lite.c.obj
                0x000000000ffe3572                rpmsg_lite_create_ept
 *fill*         0x000000000ffe3602        0x2 
 .text.rpmsg_lite_destroy_ept
                0x000000000ffe3604       0x4c CMakeFiles/rpmsg_lite_pingpong_rtos_linux_remote.elf.dir/home/william/Downloads/Axon-imx93-2_16/middleware/multicore/rpmsg_lite/lib/rpmsg_lite/rpmsg_lite.c.obj
                0x000000000ffe3604                rpmsg_lite_destroy_ept
 .text.rpmsg_lite_wait_for_link_up
                0x000000000ffe3650        0xe CMakeFiles/rpmsg_lite_pingpong_rtos_linux_remote.elf.dir/home/william/Downloads/Axon-imx93-2_16/middleware/multicore/rpmsg_lite/lib/rpmsg_lite/rpmsg_lite.c.obj
                0x000000000ffe3650                rpmsg_lite_wait_for_link_up
 *fill*         0x000000000ffe365e        0x2 
 .text.rpmsg_lite_send
                0x000000000ffe3660       0xec CMakeFiles/rpmsg_lite_pingpong_rtos_linux_remote.elf.dir/home/william/Downloads/Axon-imx93-2_16/middleware/multicore/rpmsg_lite/lib/rpmsg_lite/rpmsg_lite.c.obj
                0x000000000ffe3660                rpmsg_lite_send
 .text.rpmsg_lite_release_rx_buffer
                0x000000000ffe374c       0x40 CMakeFiles/rpmsg_lite_pingpong_rtos_linux_remote.elf.dir/home/william/Downloads/Axon-imx93-2_16/middleware/multicore/rpmsg_lite/lib/rpmsg_lite/rpmsg_lite.c.obj
                0x000000000ffe374c                rpmsg_lite_release_rx_buffer
 .text.rpmsg_lite_remote_init
                0x000000000ffe378c      0x14c CMakeFiles/rpmsg_lite_pingpong_rtos_linux_remote.elf.dir/home/william/Downloads/Axon-imx93-2_16/middleware/multicore/rpmsg_lite/lib/rpmsg_lite/rpmsg_lite.c.obj
                0x000000000ffe378c                rpmsg_lite_remote_init
 .text.rpmsg_lite_deinit
                0x000000000ffe38d8       0x58 CMakeFiles/rpmsg_lite_pingpong_rtos_linux_remote.elf.dir/home/william/Downloads/Axon-imx93-2_16/middleware/multicore/rpmsg_lite/lib/rpmsg_lite/rpmsg_lite.c.obj
                0x000000000ffe38d8                rpmsg_lite_deinit
 .text.rpmsg_ns_rx_cb
                0x000000000ffe3930       0x1e CMakeFiles/rpmsg_lite_pingpong_rtos_linux_remote.elf.dir/home/william/Downloads/Axon-imx93-2_16/middleware/multicore/rpmsg_lite/lib/rpmsg_lite/rpmsg_ns.c.obj
 *fill*         0x000000000ffe394e        0x2 
 .text.rpmsg_ns_bind
                0x000000000ffe3950       0x4c CMakeFiles/rpmsg_lite_pingpong_rtos_linux_remote.elf.dir/home/william/Downloads/Axon-imx93-2_16/middleware/multicore/rpmsg_lite/lib/rpmsg_lite/rpmsg_ns.c.obj
                0x000000000ffe3950                rpmsg_ns_bind
 .text.rpmsg_ns_unbind
                0x000000000ffe399c       0x1c CMakeFiles/rpmsg_lite_pingpong_rtos_linux_remote.elf.dir/home/william/Downloads/Axon-imx93-2_16/middleware/multicore/rpmsg_lite/lib/rpmsg_lite/rpmsg_ns.c.obj
                0x000000000ffe399c                rpmsg_ns_unbind
 .text.rpmsg_ns_announce
                0x000000000ffe39b8       0x40 CMakeFiles/rpmsg_lite_pingpong_rtos_linux_remote.elf.dir/home/william/Downloads/Axon-imx93-2_16/middleware/multicore/rpmsg_lite/lib/rpmsg_lite/rpmsg_ns.c.obj
                0x000000000ffe39b8                rpmsg_ns_announce
 .text.vq_ring_update_used
                0x000000000ffe39f8       0x26 CMakeFiles/rpmsg_lite_pingpong_rtos_linux_remote.elf.dir/home/william/Downloads/Axon-imx93-2_16/middleware/multicore/rpmsg_lite/lib/virtio/virtqueue.c.obj
 *fill*         0x000000000ffe3a1e        0x2 
 .text.virtqueue_create
                0x000000000ffe3a20       0x94 CMakeFiles/rpmsg_lite_pingpong_rtos_linux_remote.elf.dir/home/william/Downloads/Axon-imx93-2_16/middleware/multicore/rpmsg_lite/lib/virtio/virtqueue.c.obj
                0x000000000ffe3a20                virtqueue_create
 .text.virtqueue_get_buffer_length
                0x000000000ffe3ab4        0xa CMakeFiles/rpmsg_lite_pingpong_rtos_linux_remote.elf.dir/home/william/Downloads/Axon-imx93-2_16/middleware/multicore/rpmsg_lite/lib/virtio/virtqueue.c.obj
                0x000000000ffe3ab4                virtqueue_get_buffer_length
 .text.virtqueue_free
                0x000000000ffe3abe       0x12 CMakeFiles/rpmsg_lite_pingpong_rtos_linux_remote.elf.dir/home/william/Downloads/Axon-imx93-2_16/middleware/multicore/rpmsg_lite/lib/virtio/virtqueue.c.obj
                0x000000000ffe3abe                virtqueue_free
 .text.virtqueue_get_available_buffer
                0x000000000ffe3ad0       0x4c CMakeFiles/rpmsg_lite_pingpong_rtos_linux_remote.elf.dir/home/william/Downloads/Axon-imx93-2_16/middleware/multicore/rpmsg_lite/lib/virtio/virtqueue.c.obj
                0x000000000ffe3ad0                virtqueue_get_available_buffer
 .text.virtqueue_add_consumed_buffer
                0x000000000ffe3b1c       0x1c CMakeFiles/rpmsg_lite_pingpong_rtos_linux_remote.elf.dir/home/william/Downloads/Axon-imx93-2_16/middleware/multicore/rpmsg_lite/lib/virtio/virtqueue.c.obj
                0x000000000ffe3b1c                virtqueue_add_consumed_buffer
 .text.virtqueue_kick
                0x000000000ffe3b38       0x46 CMakeFiles/rpmsg_lite_pingpong_rtos_linux_remote.elf.dir/home/william/Downloads/Axon-imx93-2_16/middleware/multicore/rpmsg_lite/lib/virtio/virtqueue.c.obj
                0x000000000ffe3b38                virtqueue_kick
 .text.virtqueue_notification
                0x000000000ffe3b7e        0xa CMakeFiles/rpmsg_lite_pingpong_rtos_linux_remote.elf.dir/home/william/Downloads/Axon-imx93-2_16/middleware/multicore/rpmsg_lite/lib/virtio/virtqueue.c.obj
                0x000000000ffe3b7e                virtqueue_notification
 .text.env_wait_for_link_up
                0x000000000ffe3b88       0x40 CMakeFiles/rpmsg_lite_pingpong_rtos_linux_remote.elf.dir/home/william/Downloads/Axon-imx93-2_16/middleware/multicore/rpmsg_lite/lib/rpmsg_lite/porting/environment/rpmsg_env_freertos.c.obj
                0x000000000ffe3b88                env_wait_for_link_up
 .text.env_tx_callback
                0x000000000ffe3bc8       0x40 CMakeFiles/rpmsg_lite_pingpong_rtos_linux_remote.elf.dir/home/william/Downloads/Axon-imx93-2_16/middleware/multicore/rpmsg_lite/lib/rpmsg_lite/porting/environment/rpmsg_env_freertos.c.obj
                0x000000000ffe3bc8                env_tx_callback
 .text.env_init
                0x000000000ffe3c08       0x88 CMakeFiles/rpmsg_lite_pingpong_rtos_linux_remote.elf.dir/home/william/Downloads/Axon-imx93-2_16/middleware/multicore/rpmsg_lite/lib/rpmsg_lite/porting/environment/rpmsg_env_freertos.c.obj
                0x000000000ffe3c08                env_init
 .text.env_deinit
                0x000000000ffe3c90       0x5c CMakeFiles/rpmsg_lite_pingpong_rtos_linux_remote.elf.dir/home/william/Downloads/Axon-imx93-2_16/middleware/multicore/rpmsg_lite/lib/rpmsg_lite/porting/environment/rpmsg_env_freertos.c.obj
                0x000000000ffe3c90                env_deinit
 .text.env_allocate_memory
                0x000000000ffe3cec        0x4 CMakeFiles/rpmsg_lite_pingpong_rtos_linux_remote.elf.dir/home/william/Downloads/Axon-imx93-2_16/middleware/multicore/rpmsg_lite/lib/rpmsg_lite/porting/environment/rpmsg_env_freertos.c.obj
                0x000000000ffe3cec                env_allocate_memory
 .text.env_free_memory
                0x000000000ffe3cf0        0x8 CMakeFiles/rpmsg_lite_pingpong_rtos_linux_remote.elf.dir/home/william/Downloads/Axon-imx93-2_16/middleware/multicore/rpmsg_lite/lib/rpmsg_lite/porting/environment/rpmsg_env_freertos.c.obj
                0x000000000ffe3cf0                env_free_memory
 .text.env_memset
                0x000000000ffe3cf8        0x4 CMakeFiles/rpmsg_lite_pingpong_rtos_linux_remote.elf.dir/home/william/Downloads/Axon-imx93-2_16/middleware/multicore/rpmsg_lite/lib/rpmsg_lite/porting/environment/rpmsg_env_freertos.c.obj
                0x000000000ffe3cf8                env_memset
 .text.env_memcpy
                0x000000000ffe3cfc        0x4 CMakeFiles/rpmsg_lite_pingpong_rtos_linux_remote.elf.dir/home/william/Downloads/Axon-imx93-2_16/middleware/multicore/rpmsg_lite/lib/rpmsg_lite/porting/environment/rpmsg_env_freertos.c.obj
                0x000000000ffe3cfc                env_memcpy
 .text.env_strncpy
                0x000000000ffe3d00        0x4 CMakeFiles/rpmsg_lite_pingpong_rtos_linux_remote.elf.dir/home/william/Downloads/Axon-imx93-2_16/middleware/multicore/rpmsg_lite/lib/rpmsg_lite/porting/environment/rpmsg_env_freertos.c.obj
                0x000000000ffe3d00                env_strncpy
 .text.env_mb   0x000000000ffe3d04        0x6 CMakeFiles/rpmsg_lite_pingpong_rtos_linux_remote.elf.dir/home/william/Downloads/Axon-imx93-2_16/middleware/multicore/rpmsg_lite/lib/rpmsg_lite/porting/environment/rpmsg_env_freertos.c.obj
                0x000000000ffe3d04                env_mb
 .text.env_rmb  0x000000000ffe3d0a        0x6 CMakeFiles/rpmsg_lite_pingpong_rtos_linux_remote.elf.dir/home/william/Downloads/Axon-imx93-2_16/middleware/multicore/rpmsg_lite/lib/rpmsg_lite/porting/environment/rpmsg_env_freertos.c.obj
                0x000000000ffe3d0a                env_rmb
 .text.env_wmb  0x000000000ffe3d10        0x6 CMakeFiles/rpmsg_lite_pingpong_rtos_linux_remote.elf.dir/home/william/Downloads/Axon-imx93-2_16/middleware/multicore/rpmsg_lite/lib/rpmsg_lite/porting/environment/rpmsg_env_freertos.c.obj
                0x000000000ffe3d10                env_wmb
 .text.env_map_patova
                0x000000000ffe3d16        0x4 CMakeFiles/rpmsg_lite_pingpong_rtos_linux_remote.elf.dir/home/william/Downloads/Axon-imx93-2_16/middleware/multicore/rpmsg_lite/lib/rpmsg_lite/porting/environment/rpmsg_env_freertos.c.obj
                0x000000000ffe3d16                env_map_patova
 .text.env_create_mutex
                0x000000000ffe3d1a       0x20 CMakeFiles/rpmsg_lite_pingpong_rtos_linux_remote.elf.dir/home/william/Downloads/Axon-imx93-2_16/middleware/multicore/rpmsg_lite/lib/rpmsg_lite/porting/environment/rpmsg_env_freertos.c.obj
                0x000000000ffe3d1a                env_create_mutex
 .text.env_delete_mutex
                0x000000000ffe3d3a        0x4 CMakeFiles/rpmsg_lite_pingpong_rtos_linux_remote.elf.dir/home/william/Downloads/Axon-imx93-2_16/middleware/multicore/rpmsg_lite/lib/rpmsg_lite/porting/environment/rpmsg_env_freertos.c.obj
                0x000000000ffe3d3a                env_delete_mutex
 .text.env_lock_mutex
                0x000000000ffe3d3e       0x1a CMakeFiles/rpmsg_lite_pingpong_rtos_linux_remote.elf.dir/home/william/Downloads/Axon-imx93-2_16/middleware/multicore/rpmsg_lite/lib/rpmsg_lite/porting/environment/rpmsg_env_freertos.c.obj
                0x000000000ffe3d3e                env_lock_mutex
 .text.env_unlock_mutex
                0x000000000ffe3d58       0x1c CMakeFiles/rpmsg_lite_pingpong_rtos_linux_remote.elf.dir/home/william/Downloads/Axon-imx93-2_16/middleware/multicore/rpmsg_lite/lib/rpmsg_lite/porting/environment/rpmsg_env_freertos.c.obj
                0x000000000ffe3d58                env_unlock_mutex
 .text.env_sleep_msec
                0x000000000ffe3d74        0x4 CMakeFiles/rpmsg_lite_pingpong_rtos_linux_remote.elf.dir/home/william/Downloads/Axon-imx93-2_16/middleware/multicore/rpmsg_lite/lib/rpmsg_lite/porting/environment/rpmsg_env_freertos.c.obj
                0x000000000ffe3d74                env_sleep_msec
 .text.env_register_isr
                0x000000000ffe3d78       0x14 CMakeFiles/rpmsg_lite_pingpong_rtos_linux_remote.elf.dir/home/william/Downloads/Axon-imx93-2_16/middleware/multicore/rpmsg_lite/lib/rpmsg_lite/porting/environment/rpmsg_env_freertos.c.obj
                0x000000000ffe3d78                env_register_isr
 .text.env_unregister_isr
                0x000000000ffe3d8c       0x14 CMakeFiles/rpmsg_lite_pingpong_rtos_linux_remote.elf.dir/home/william/Downloads/Axon-imx93-2_16/middleware/multicore/rpmsg_lite/lib/rpmsg_lite/porting/environment/rpmsg_env_freertos.c.obj
                0x000000000ffe3d8c                env_unregister_isr
 .text.env_enable_interrupt
                0x000000000ffe3da0        0x4 CMakeFiles/rpmsg_lite_pingpong_rtos_linux_remote.elf.dir/home/william/Downloads/Axon-imx93-2_16/middleware/multicore/rpmsg_lite/lib/rpmsg_lite/porting/environment/rpmsg_env_freertos.c.obj
                0x000000000ffe3da0                env_enable_interrupt
 .text.env_disable_interrupt
                0x000000000ffe3da4        0x4 CMakeFiles/rpmsg_lite_pingpong_rtos_linux_remote.elf.dir/home/william/Downloads/Axon-imx93-2_16/middleware/multicore/rpmsg_lite/lib/rpmsg_lite/porting/environment/rpmsg_env_freertos.c.obj
                0x000000000ffe3da4                env_disable_interrupt
 .text.env_isr  0x000000000ffe3da8       0x14 CMakeFiles/rpmsg_lite_pingpong_rtos_linux_remote.elf.dir/home/william/Downloads/Axon-imx93-2_16/middleware/multicore/rpmsg_lite/lib/rpmsg_lite/porting/environment/rpmsg_env_freertos.c.obj
                0x000000000ffe3da8                env_isr
 .text.env_create_queue
                0x000000000ffe3dbc       0x1a CMakeFiles/rpmsg_lite_pingpong_rtos_linux_remote.elf.dir/home/william/Downloads/Axon-imx93-2_16/middleware/multicore/rpmsg_lite/lib/rpmsg_lite/porting/environment/rpmsg_env_freertos.c.obj
                0x000000000ffe3dbc                env_create_queue
 .text.env_delete_queue
                0x000000000ffe3dd6        0x4 CMakeFiles/rpmsg_lite_pingpong_rtos_linux_remote.elf.dir/home/william/Downloads/Axon-imx93-2_16/middleware/multicore/rpmsg_lite/lib/rpmsg_lite/porting/environment/rpmsg_env_freertos.c.obj
                0x000000000ffe3dd6                env_delete_queue
 .text.env_put_queue
                0x000000000ffe3dda       0x4e CMakeFiles/rpmsg_lite_pingpong_rtos_linux_remote.elf.dir/home/william/Downloads/Axon-imx93-2_16/middleware/multicore/rpmsg_lite/lib/rpmsg_lite/porting/environment/rpmsg_env_freertos.c.obj
                0x000000000ffe3dda                env_put_queue
 .text.env_get_queue
                0x000000000ffe3e28       0x4a CMakeFiles/rpmsg_lite_pingpong_rtos_linux_remote.elf.dir/home/william/Downloads/Axon-imx93-2_16/middleware/multicore/rpmsg_lite/lib/rpmsg_lite/porting/environment/rpmsg_env_freertos.c.obj
                0x000000000ffe3e28                env_get_queue
 .text.rpmsg_queue_rx_cb
                0x000000000ffe3e72       0x22 CMakeFiles/rpmsg_lite_pingpong_rtos_linux_remote.elf.dir/home/william/Downloads/Axon-imx93-2_16/middleware/multicore/rpmsg_lite/lib/rpmsg_lite/rpmsg_queue.c.obj
                0x000000000ffe3e72                rpmsg_queue_rx_cb
 .text.rpmsg_queue_create
                0x000000000ffe3e94       0x28 CMakeFiles/rpmsg_lite_pingpong_rtos_linux_remote.elf.dir/home/william/Downloads/Axon-imx93-2_16/middleware/multicore/rpmsg_lite/lib/rpmsg_lite/rpmsg_queue.c.obj
                0x000000000ffe3e94                rpmsg_queue_create
 .text.rpmsg_queue_destroy
                0x000000000ffe3ebc       0x18 CMakeFiles/rpmsg_lite_pingpong_rtos_linux_remote.elf.dir/home/william/Downloads/Axon-imx93-2_16/middleware/multicore/rpmsg_lite/lib/rpmsg_lite/rpmsg_queue.c.obj
                0x000000000ffe3ebc                rpmsg_queue_destroy
 .text.rpmsg_queue_recv
                0x000000000ffe3ed4       0x74 CMakeFiles/rpmsg_lite_pingpong_rtos_linux_remote.elf.dir/home/william/Downloads/Axon-imx93-2_16/middleware/multicore/rpmsg_lite/lib/rpmsg_lite/rpmsg_queue.c.obj
                0x000000000ffe3ed4                rpmsg_queue_recv
 .text.platform_init_interrupt
                0x000000000ffe3f48       0x4c CMakeFiles/rpmsg_lite_pingpong_rtos_linux_remote.elf.dir/home/william/Downloads/Axon-imx93-2_16/middleware/multicore/rpmsg_lite/lib/rpmsg_lite/porting/platform/imx93_m33/rpmsg_platform.c.obj
                0x000000000ffe3f48                platform_init_interrupt
 .text.platform_deinit_interrupt
                0x000000000ffe3f94       0x4c CMakeFiles/rpmsg_lite_pingpong_rtos_linux_remote.elf.dir/home/william/Downloads/Axon-imx93-2_16/middleware/multicore/rpmsg_lite/lib/rpmsg_lite/porting/platform/imx93_m33/rpmsg_platform.c.obj
                0x000000000ffe3f94                platform_deinit_interrupt
 .text.platform_notify
                0x000000000ffe3fe0       0x2c CMakeFiles/rpmsg_lite_pingpong_rtos_linux_remote.elf.dir/home/william/Downloads/Axon-imx93-2_16/middleware/multicore/rpmsg_lite/lib/rpmsg_lite/porting/platform/imx93_m33/rpmsg_platform.c.obj
                0x000000000ffe3fe0                platform_notify
 .text.MU1_A_IRQHandler
                0x000000000ffe400c       0x20 CMakeFiles/rpmsg_lite_pingpong_rtos_linux_remote.elf.dir/home/william/Downloads/Axon-imx93-2_16/middleware/multicore/rpmsg_lite/lib/rpmsg_lite/porting/platform/imx93_m33/rpmsg_platform.c.obj
                0x000000000ffe400c                MU1_A_IRQHandler
 .text.platform_in_isr
                0x000000000ffe402c       0x14 CMakeFiles/rpmsg_lite_pingpong_rtos_linux_remote.elf.dir/home/william/Downloads/Axon-imx93-2_16/middleware/multicore/rpmsg_lite/lib/rpmsg_lite/porting/platform/imx93_m33/rpmsg_platform.c.obj
                0x000000000ffe402c                platform_in_isr
 .text.platform_interrupt_enable
                0x000000000ffe4040       0x2c CMakeFiles/rpmsg_lite_pingpong_rtos_linux_remote.elf.dir/home/william/Downloads/Axon-imx93-2_16/middleware/multicore/rpmsg_lite/lib/rpmsg_lite/porting/platform/imx93_m33/rpmsg_platform.c.obj
                0x000000000ffe4040                platform_interrupt_enable
 .text.platform_interrupt_disable
                0x000000000ffe406c       0x1c CMakeFiles/rpmsg_lite_pingpong_rtos_linux_remote.elf.dir/home/william/Downloads/Axon-imx93-2_16/middleware/multicore/rpmsg_lite/lib/rpmsg_lite/porting/platform/imx93_m33/rpmsg_platform.c.obj
                0x000000000ffe406c                platform_interrupt_disable
 .text.platform_patova
                0x000000000ffe4088        0x2 CMakeFiles/rpmsg_lite_pingpong_rtos_linux_remote.elf.dir/home/william/Downloads/Axon-imx93-2_16/middleware/multicore/rpmsg_lite/lib/rpmsg_lite/porting/platform/imx93_m33/rpmsg_platform.c.obj
                0x000000000ffe4088                platform_patova
 *fill*         0x000000000ffe408a        0x2 
 .text.platform_init
                0x000000000ffe408c       0x34 CMakeFiles/rpmsg_lite_pingpong_rtos_linux_remote.elf.dir/home/william/Downloads/Axon-imx93-2_16/middleware/multicore/rpmsg_lite/lib/rpmsg_lite/porting/platform/imx93_m33/rpmsg_platform.c.obj
                0x000000000ffe408c                platform_init
 .text.platform_deinit
                0x000000000ffe40c0       0x20 CMakeFiles/rpmsg_lite_pingpong_rtos_linux_remote.elf.dir/home/william/Downloads/Axon-imx93-2_16/middleware/multicore/rpmsg_lite/lib/rpmsg_lite/porting/platform/imx93_m33/rpmsg_platform.c.obj
                0x000000000ffe40c0                platform_deinit
 .text.DbgConsole_SendDataReliable
                0x000000000ffe40e0       0x30 CMakeFiles/rpmsg_lite_pingpong_rtos_linux_remote.elf.dir/home/william/Downloads/Axon-imx93-2_16/devices/MIMX9352/utilities/debug_console/fsl_debug_console.c.obj
                0x000000000ffe40e0                DbgConsole_SendDataReliable
 .text.DbgConsole_PrintCallback