The target system is: Generic -  - arm
The host system is: Linux - 6.8.0-58-generic - x86_64
Checking whether the ASM compiler is GNU using "--version" matched "(GNU assembler)|(GCC)|(Free Software Foundation)":
arm-none-eabi-gcc (GNU Arm Embedded Toolchain 10.3-2021.10) 10.3.1 20210824 (release)
Copyright (C) 2020 Free Software Foundation, Inc.
This is free software; see the source for copying conditions.  There is NO
warranty; not even for MERCHANTABILITY or FITNESS FOR A PARTICULAR PURPOSE.

Compiling the C compiler identification source file "CMakeCCompilerId.c" succeeded.
Compiler: /home/william/Downloads/gcc-arm-none-eabi-10.3-2021.10/bin/arm-none-eabi-gcc 
Build flags: 
Id flags: -c 

The output was:
0


Compilation of the C compiler identification source "CMakeCCompilerId.c" produced "CMakeCCompilerId.o"

The C compiler identification is GNU, found in "/home/william/Downloads/Axon-imx93-2_16/boards/mcimx93evk/multicore_examples/rpmsg_lite_pingpong_rtos/linux_remote/armgcc/CMakeFiles/3.22.1/CompilerIdC/CMakeCCompilerId.o"

Compiling the CXX compiler identification source file "CMakeCXXCompilerId.cpp" succeeded.
Compiler: /home/william/Downloads/gcc-arm-none-eabi-10.3-2021.10/bin/arm-none-eabi-g++ 
Build flags: 
Id flags: -c 

The output was:
0


Compilation of the CXX compiler identification source "CMakeCXXCompilerId.cpp" produced "CMakeCXXCompilerId.o"

The CXX compiler identification is GNU, found in "/home/william/Downloads/Axon-imx93-2_16/boards/mcimx93evk/multicore_examples/rpmsg_lite_pingpong_rtos/linux_remote/armgcc/CMakeFiles/3.22.1/CompilerIdCXX/CMakeCXXCompilerId.o"

