Archive member included to satisfy reference by file (symbol)

/home/wig/disk1/linux/wizard-audio-test/freertos-tn/gcc-arm-none-eabi-9-2019-q4-major/bin/../lib/gcc/arm-none-eabi/9.2.1/../../../../arm-none-eabi/lib/thumb/v7e-m+fp/hard/libc_nano.a(lib_a-errno.o)
                              CMakeFiles/rpmsg_lite_str_echo_rtos_imxcm7.elf.dir/home/wig/disk1/linux/wizard-audio-test/freertos-tn/devices/MIMX8ML8/utilities/str/fsl_str.c.obj (__errno)
/home/wig/disk1/linux/wizard-audio-test/freertos-tn/gcc-arm-none-eabi-9-2019-q4-major/bin/../lib/gcc/arm-none-eabi/9.2.1/../../../../arm-none-eabi/lib/thumb/v7e-m+fp/hard/libc_nano.a(lib_a-exit.o)
                              /home/wig/disk1/linux/wizard-audio-test/freertos-tn/gcc-arm-none-eabi-9-2019-q4-major/bin/../lib/gcc/arm-none-eabi/9.2.1/../../../../arm-none-eabi/lib/thumb/v7e-m+fp/hard/crt0.o (exit)
/home/wig/disk1/linux/wizard-audio-test/freertos-tn/gcc-arm-none-eabi-9-2019-q4-major/bin/../lib/gcc/arm-none-eabi/9.2.1/../../../../arm-none-eabi/lib/thumb/v7e-m+fp/hard/libc_nano.a(lib_a-impure.o)
                              /home/wig/disk1/linux/wizard-audio-test/freertos-tn/gcc-arm-none-eabi-9-2019-q4-major/bin/../lib/gcc/arm-none-eabi/9.2.1/../../../../arm-none-eabi/lib/thumb/v7e-m+fp/hard/libc_nano.a(lib_a-exit.o) (_global_impure_ptr)
/home/wig/disk1/linux/wizard-audio-test/freertos-tn/gcc-arm-none-eabi-9-2019-q4-major/bin/../lib/gcc/arm-none-eabi/9.2.1/../../../../arm-none-eabi/lib/thumb/v7e-m+fp/hard/libc_nano.a(lib_a-init.o)
                              /home/wig/disk1/linux/wizard-audio-test/freertos-tn/gcc-arm-none-eabi-9-2019-q4-major/bin/../lib/gcc/arm-none-eabi/9.2.1/../../../../arm-none-eabi/lib/thumb/v7e-m+fp/hard/crt0.o (__libc_init_array)
/home/wig/disk1/linux/wizard-audio-test/freertos-tn/gcc-arm-none-eabi-9-2019-q4-major/bin/../lib/gcc/arm-none-eabi/9.2.1/../../../../arm-none-eabi/lib/thumb/v7e-m+fp/hard/libc_nano.a(lib_a-malloc.o)
                              CMakeFiles/rpmsg_lite_str_echo_rtos_imxcm7.elf.dir/home/wig/disk1/linux/wizard-audio-test/freertos-tn/devices/MIMX8ML8/drivers/fsl_common.c.obj (malloc)
/home/wig/disk1/linux/wizard-audio-test/freertos-tn/gcc-arm-none-eabi-9-2019-q4-major/bin/../lib/gcc/arm-none-eabi/9.2.1/../../../../arm-none-eabi/lib/thumb/v7e-m+fp/hard/libc_nano.a(lib_a-memcpy-stub.o)
                              CMakeFiles/rpmsg_lite_str_echo_rtos_imxcm7.elf.dir/home/wig/disk1/linux/wizard-audio-test/freertos-tn/boards/tek3-imx8mp/multicore_examples/rpmsg_lite_str_echo_rtos/main_remote.c.obj (memcpy)
/home/wig/disk1/linux/wizard-audio-test/freertos-tn/gcc-arm-none-eabi-9-2019-q4-major/bin/../lib/gcc/arm-none-eabi/9.2.1/../../../../arm-none-eabi/lib/thumb/v7e-m+fp/hard/libc_nano.a(lib_a-memset.o)
                              /home/wig/disk1/linux/wizard-audio-test/freertos-tn/gcc-arm-none-eabi-9-2019-q4-major/bin/../lib/gcc/arm-none-eabi/9.2.1/../../../../arm-none-eabi/lib/thumb/v7e-m+fp/hard/crt0.o (memset)
/home/wig/disk1/linux/wizard-audio-test/freertos-tn/gcc-arm-none-eabi-9-2019-q4-major/bin/../lib/gcc/arm-none-eabi/9.2.1/../../../../arm-none-eabi/lib/thumb/v7e-m+fp/hard/libc_nano.a(lib_a-nano-freer.o)
                              /home/wig/disk1/linux/wizard-audio-test/freertos-tn/gcc-arm-none-eabi-9-2019-q4-major/bin/../lib/gcc/arm-none-eabi/9.2.1/../../../../arm-none-eabi/lib/thumb/v7e-m+fp/hard/libc_nano.a(lib_a-malloc.o) (_free_r)
/home/wig/disk1/linux/wizard-audio-test/freertos-tn/gcc-arm-none-eabi-9-2019-q4-major/bin/../lib/gcc/arm-none-eabi/9.2.1/../../../../arm-none-eabi/lib/thumb/v7e-m+fp/hard/libc_nano.a(lib_a-nano-mallocr.o)
                              /home/wig/disk1/linux/wizard-audio-test/freertos-tn/gcc-arm-none-eabi-9-2019-q4-major/bin/../lib/gcc/arm-none-eabi/9.2.1/../../../../arm-none-eabi/lib/thumb/v7e-m+fp/hard/libc_nano.a(lib_a-malloc.o) (_malloc_r)
/home/wig/disk1/linux/wizard-audio-test/freertos-tn/gcc-arm-none-eabi-9-2019-q4-major/bin/../lib/gcc/arm-none-eabi/9.2.1/../../../../arm-none-eabi/lib/thumb/v7e-m+fp/hard/libc_nano.a(lib_a-printf.o)
                              CMakeFiles/rpmsg_lite_str_echo_rtos_imxcm7.elf.dir/home/wig/disk1/linux/wizard-audio-test/freertos-tn/middleware/multicore/rpmsg_lite/lib/virtio/virtqueue.c.obj (printf)
/home/wig/disk1/linux/wizard-audio-test/freertos-tn/gcc-arm-none-eabi-9-2019-q4-major/bin/../lib/gcc/arm-none-eabi/9.2.1/../../../../arm-none-eabi/lib/thumb/v7e-m+fp/hard/libc_nano.a(lib_a-sbrkr.o)
                              /home/wig/disk1/linux/wizard-audio-test/freertos-tn/gcc-arm-none-eabi-9-2019-q4-major/bin/../lib/gcc/arm-none-eabi/9.2.1/../../../../arm-none-eabi/lib/thumb/v7e-m+fp/hard/libc_nano.a(lib_a-nano-mallocr.o) (_sbrk_r)
/home/wig/disk1/linux/wizard-audio-test/freertos-tn/gcc-arm-none-eabi-9-2019-q4-major/bin/../lib/gcc/arm-none-eabi/9.2.1/../../../../arm-none-eabi/lib/thumb/v7e-m+fp/hard/libc_nano.a(lib_a-strcmp.o)
[...]
Memory Configuration

Name             Origin             Length             Attributes
m_interrupts     0x0000000000000000 0x0000000000000400 xr
m_text           0x0000000000000400 0x000000000001fc00 xr
m_data           0x0000000020000000 0x0000000000020000 rw
m_data2          0x0000000080000000 0x0000000001000000 rw
*default*        0x0000000000000000 0xffffffffffffffff

Linker script and memory map

LOAD /home/wig/disk1/linux/wizard-audio-test/freertos-tn/gcc-arm-none-eabi-9-2019-q4-major/bin/../lib/gcc/arm-none-eabi/9.2.1/thumb/v7e-m+fp/hard/crti.o
LOAD /home/wig/disk1/linux/wizard-audio-test/freertos-tn/gcc-arm-none-eabi-9-2019-q4-major/bin/../lib/gcc/arm-none-eabi/9.2.1/thumb/v7e-m+fp/hard/crtbegin.o
LOAD /home/wig/disk1/linux/wizard-audio-test/freertos-tn/gcc-arm-none-eabi-9-2019-q4-major/bin/../lib/gcc/arm-none-eabi/9.2.1/../../../../arm-none-eabi/lib/thumb/v7e-m+fp/hard/crt0.o
                0x0000000000000400                __stack_size__ = 0x400
                0x0000000000000400                __heap_size__ = 0x400
LOAD CMakeFiles/rpmsg_lite_str_echo_rtos_imxcm7.elf.dir/home/wig/disk1/linux/wizard-audio-test/freertos-tn/boards/tek3-imx8mp/multicore_examples/rpmsg_lite_str_echo_rtos/main_remote.c.obj
LOAD CMakeFiles/rpmsg_lite_str_echo_rtos_imxcm7.elf.dir/home/wig/disk1/linux/wizard-audio-test/freertos-tn/boards/tek3-imx8mp/multicore_examples/rpmsg_lite_str_echo_rtos/pin_mux.c.obj
LOAD CMakeFiles/rpmsg_lite_str_echo_rtos_imxcm7.elf.dir/home/wig/disk1/linux/wizard-audio-test/freertos-tn/boards/tek3-imx8mp/multicore_examples/rpmsg_lite_str_echo_rtos/rsc_table.c.obj
LOAD CMakeFiles/rpmsg_lite_str_echo_rtos_imxcm7.elf.dir/home/wig/disk1/linux/wizard-audio-test/freertos-tn/boards/tek3-imx8mp/multicore_examples/rpmsg_lite_str_echo_rtos/board.c.obj
LOAD CMakeFiles/rpmsg_lite_str_echo_rtos_imxcm7.elf.dir/home/wig/disk1/linux/wizard-audio-test/freertos-tn/boards/tek3-imx8mp/multicore_examples/rpmsg_lite_str_echo_rtos/clock_config.c.obj
LOAD CMakeFiles/rpmsg_lite_str_echo_rtos_imxcm7.elf.dir/home/wig/disk1/linux/wizard-audio-test/freertos-tn/middleware/multicore/rpmsg_lite/lib/rpmsg_lite/porting/platform/imx8mp_m7/rpmsg_platform.c.obj
LOAD CMakeFiles/rpmsg_lite_str_echo_rtos_imxcm7.elf.dir/home/wig/disk1/linux/wizard-audio-test/freertos-tn/middleware/multicore/rpmsg_lite/lib/common/llist.c.obj
LOAD CMakeFiles/rpmsg_lite_str_echo_rtos_imxcm7.elf.dir/home/wig/disk1/linux/wizard-audio-test/freertos-tn/middleware/multicore/rpmsg_lite/lib/rpmsg_lite/rpmsg_lite.c.obj
LOAD CMakeFiles/rpmsg_lite_str_echo_rtos_imxcm7.elf.dir/home/wig/disk1/linux/wizard-audio-test/freertos-tn/middleware/multicore/rpmsg_lite/lib/rpmsg_lite/rpmsg_ns.c.obj
LOAD CMakeFiles/rpmsg_lite_str_echo_rtos_imxcm7.elf.dir/home/wig/disk1/linux/wizard-audio-test/freertos-tn/middleware/multicore/rpmsg_lite/lib/virtio/virtqueue.c.obj
LOAD CMakeFiles/rpmsg_lite_str_echo_rtos_imxcm7.elf.dir/home/wig/disk1/linux/wizard-audio-test/freertos-tn/middleware/multicore/rpmsg_lite/lib/rpmsg_lite/porting/environment/rpmsg_env_freertos.c.obj
LOAD CMakeFiles/rpmsg_lite_str_echo_rtos_imxcm7.elf.dir/home/wig/disk1/linux/wizard-audio-test/freertos-tn/middleware/multicore/rpmsg_lite/lib/rpmsg_lite/rpmsg_queue.c.obj
LOAD CMakeFiles/rpmsg_lite_str_echo_rtos_imxcm7.elf.dir/home/wig/disk1/linux/wizard-audio-test/freertos-tn/rtos/freertos/freertos_kernel/event_groups.c.obj
LOAD CMakeFiles/rpmsg_lite_str_echo_rtos_imxcm7.elf.dir/home/wig/disk1/linux/wizard-audio-test/freertos-tn/rtos/freertos/freertos_kernel/croutine.c.obj
LOAD CMakeFiles/rpmsg_lite_str_echo_rtos_imxcm7.elf.dir/home/wig/disk1/linux/wizard-audio-test/freertos-tn/rtos/freertos/freertos_kernel/list.c.obj
LOAD CMakeFiles/rpmsg_lite_str_echo_rtos_imxcm7.elf.dir/home/wig/disk1/linux/wizard-audio-test/freertos-tn/rtos/freertos/freertos_kernel/portable/GCC/ARM_CM4F/port.c.obj
LOAD CMakeFiles/rpmsg_lite_str_echo_rtos_imxcm7.elf.dir/home/wig/disk1/linux/wizard-audio-test/freertos-tn/rtos/freertos/freertos_kernel/queue.c.obj
LOAD CMakeFiles/rpmsg_lite_str_echo_rtos_imxcm7.elf.dir/home/wig/disk1/linux/wizard-audio-test/freertos-tn/rtos/freertos/freertos_kernel/stream_buffer.c.obj
LOAD CMakeFiles/rpmsg_lite_str_echo_rtos_imxcm7.elf.dir/home/wig/disk1/linux/wizard-audio-test/freertos-tn/rtos/freertos/freertos_kernel/tasks.c.obj
LOAD CMakeFiles/rpmsg_lite_str_echo_rtos_imxcm7.elf.dir/home/wig/disk1/linux/wizard-audio-test/freertos-tn/rtos/freertos/freertos_kernel/timers.c.obj
LOAD CMakeFiles/rpmsg_lite_str_echo_rtos_imxcm7.elf.dir/home/wig/disk1/linux/wizard-audio-test/freertos-tn/rtos/freertos/freertos_kernel/portable/MemMang/heap_4.c.obj
LOAD CMakeFiles/rpmsg_lite_str_echo_rtos_imxcm7.elf.dir/home/wig/disk1/linux/wizard-audio-test/freertos-tn/devices/MIMX8ML8/drivers/fsl_clock.c.obj
LOAD CMakeFiles/rpmsg_lite_str_echo_rtos_imxcm7.elf.dir/home/wig/disk1/linux/wizard-audio-test/freertos-tn/devices/MIMX8ML8/drivers/fsl_common.c.obj
LOAD CMakeFiles/rpmsg_lite_str_echo_rtos_imxcm7.elf.dir/home/wig/disk1/linux/wizard-audio-test/freertos-tn/devices/MIMX8ML8/drivers/fsl_mu.c.obj
LOAD CMakeFiles/rpmsg_lite_str_echo_rtos_imxcm7.elf.dir/home/wig/disk1/linux/wizard-audio-test/freertos-tn/devices/MIMX8ML8/drivers/fsl_rdc.c.obj
LOAD CMakeFiles/rpmsg_lite_str_echo_rtos_imxcm7.elf.dir/home/wig/disk1/linux/wizard-audio-test/freertos-tn/devices/MIMX8ML8/drivers/fsl_audiomix.c.obj
LOAD CMakeFiles/rpmsg_lite_str_echo_rtos_imxcm7.elf.dir/home/wig/disk1/linux/wizard-audio-test/freertos-tn/devices/MIMX8ML8/utilities/str/fsl_str.c.obj
LOAD CMakeFiles/rpmsg_lite_str_echo_rtos_imxcm7.elf.dir/home/wig/disk1/linux/wizard-audio-test/freertos-tn/devices/MIMX8ML8/utilities/debug_console/fsl_debug_console.c.obj
LOAD CMakeFiles/rpmsg_lite_str_echo_rtos_imxcm7.elf.dir/home/wig/disk1/linux/wizard-audio-test/freertos-tn/components/serial_manager/fsl_component_serial_manager.c.obj
LOAD CMakeFiles/rpmsg_lite_str_echo_rtos_imxcm7.elf.dir/home/wig/disk1/linux/wizard-audio-test/freertos-tn/components/serial_manager/fsl_component_serial_port_uart.c.obj
LOAD CMakeFiles/rpmsg_lite_str_echo_rtos_imxcm7.elf.dir/home/wig/disk1/linux/wizard-audio-test/freertos-tn/devices/MIMX8ML8/drivers/fsl_uart.c.obj
LOAD CMakeFiles/rpmsg_lite_str_echo_rtos_imxcm7.elf.dir/home/wig/disk1/linux/wizard-audio-test/freertos-tn/components/lists/fsl_component_generic_list.c.obj
LOAD CMakeFiles/rpmsg_lite_str_echo_rtos_imxcm7.elf.dir/home/wig/disk1/linux/wizard-audio-test/freertos-tn/components/uart/fsl_adapter_iuart.c.obj
LOAD CMakeFiles/rpmsg_lite_str_echo_rtos_imxcm7.elf.dir/home/wig/disk1/linux/wizard-audio-test/freertos-tn/devices/MIMX8ML8/gcc/startup_MIMX8ML8_cm7.S.obj
LOAD CMakeFiles/rpmsg_lite_str_echo_rtos_imxcm7.elf.dir/home/wig/disk1/linux/wizard-audio-test/freertos-tn/devices/MIMX8ML8/system_MIMX8ML8_cm7.c.obj
LOAD CMakeFiles/rpmsg_lite_str_echo_rtos_imxcm7.elf.dir/home/wig/disk1/linux/wizard-audio-test/freertos-tn/devices/MIMX8ML8/utilities/fsl_assert.c.obj
LOAD CMakeFiles/rpmsg_lite_str_echo_rtos_imxcm7.elf.dir/home/wig/disk1/linux/wizard-audio-test/freertos-tn/devices/MIMX8ML8/utilities/fsl_sbrk.c.obj
START GROUP
LOAD /home/wig/disk1/linux/wizard-audio-test/freertos-tn/gcc-arm-none-eabi-9-2019-q4-major/bin/../lib/gcc/arm-none-eabi/9.2.1/../../../../arm-none-eabi/lib/thumb/v7e-m+fp/hard/libm.a
LOAD /home/wig/disk1/linux/wizard-audio-test/freertos-tn/gcc-arm-none-eabi-9-2019-q4-major/bin/../lib/gcc/arm-none-eabi/9.2.1/../../../../arm-none-eabi/lib/thumb/v7e-m+fp/hard/libc_nano.a
LOAD /home/wig/disk1/linux/wizard-audio-test/freertos-tn/gcc-arm-none-eabi-9-2019-q4-major/bin/../lib/gcc/arm-none-eabi/9.2.1/thumb/v7e-m+fp/hard/libgcc.a
LOAD /home/wig/disk1/linux/wizard-audio-test/freertos-tn/gcc-arm-none-eabi-9-2019-q4-major/bin/../lib/gcc/arm-none-eabi/9.2.1/../../../../arm-none-eabi/lib/thumb/v7e-m+fp/hard/libnosys.a
END GROUP
START GROUP
LOAD /home/wig/disk1/linux/wizard-audio-test/freertos-tn/gcc-arm-none-eabi-9-2019-q4-major/bin/../lib/gcc/arm-none-eabi/9.2.1/thumb/v7e-m+fp/hard/libgcc.a
LOAD /home/wig/disk1/linux/wizard-audio-test/freertos-tn/gcc-arm-none-eabi-9-2019-q4-major/bin/../lib/gcc/arm-none-eabi/9.2.1/../../../../arm-none-eabi/lib/thumb/v7e-m+fp/hard/libc_nano.a
END GROUP
START GROUP
LOAD /home/wig/disk1/linux/wizard-audio-test/freertos-tn/gcc-arm-none-eabi-9-2019-q4-major/bin/../lib/gcc/arm-none-eabi/9.2.1/thumb/v7e-m+fp/hard/libgcc.a
LOAD /home/wig/disk1/linux/wizard-audio-test/freertos-tn/gcc-arm-none-eabi-9-2019-q4-major/bin/../lib/gcc/arm-none-eabi/9.2.1/../../../../arm-none-eabi/lib/thumb/v7e-m+fp/hard/libc_nano.a
LOAD /home/wig/disk1/linux/wizard-audio-test/freertos-tn/gcc-arm-none-eabi-9-2019-q4-major/bin/../lib/gcc/arm-none-eabi/9.2.1/../../../../arm-none-eabi/lib/thumb/v7e-m+fp/hard/libnosys.a
END GROUP
START GROUP
LOAD /home/wig/disk1/linux/wizard-audio-test/freertos-tn/gcc-arm-none-eabi-9-2019-q4-major/bin/../lib/gcc/arm-none-eabi/9.2.1/thumb/v7e-m+fp/hard/libgcc.a
LOAD /home/wig/disk1/linux/wizard-audio-test/freertos-tn/gcc-arm-none-eabi-9-2019-q4-major/bin/../lib/gcc/arm-none-eabi/9.2.1/../../../../arm-none-eabi/lib/thumb/v7e-m+fp/hard/libc_nano.a
LOAD /home/wig/disk1/linux/wizard-audio-test/freertos-tn/gcc-arm-none-eabi-9-2019-q4-major/bin/../lib/gcc/arm-none-eabi/9.2.1/../../../../arm-none-eabi/lib/thumb/v7e-m+fp/hard/libnosys.a
END GROUP
LOAD /home/wig/disk1/linux/wizard-audio-test/freertos-tn/gcc-arm-none-eabi-9-2019-q4-major/bin/../lib/gcc/arm-none-eabi/9.2.1/thumb/v7e-m+fp/hard/crtend.o
LOAD /home/wig/disk1/linux/wizard-audio-test/freertos-tn/gcc-arm-none-eabi-9-2019-q4-major/bin/../lib/gcc/arm-none-eabi/9.2.1/thumb/v7e-m+fp/hard/crtn.o
                0x0000000000000400                HEAP_SIZE = DEFINED (__heap_size__)?__heap_size__:0x400
                0x0000000000000400                STACK_SIZE = DEFINED (__stack_size__)?__stack_size__:0x400

.interrupts     0x0000000000000000      0x2a8
                0x0000000000000000                __VECTOR_TABLE = .
                0x0000000000000000                __Vectors = .
                0x0000000000000000                . = ALIGN (0x4)
 *(.isr_vector)
 .isr_vector    0x0000000000000000      0x2a8 CMakeFiles/rpmsg_lite_str_echo_rtos_imxcm7.elf.dir/home/wig/disk1/linux/wizard-audio-test/freertos-tn/devices/MIMX8ML8/gcc/startup_MIMX8ML8_cm7.S.obj
                0x0000000000000000                __isr_vector
                0x00000000000002a8                . = ALIGN (0x4)

.resource_table
                0x0000000000000400       0x58
                0x0000000000000400                . = ALIGN (0x8)
 *(.resource_table)
 .resource_table
                0x0000000000000400       0x58 CMakeFiles/rpmsg_lite_str_echo_rtos_imxcm7.elf.dir/home/wig/disk1/linux/wizard-audio-test/freertos-tn/boards/tek3-imx8mp/multicore_examples/rpmsg_lite_str_echo_rtos/rsc_table.c.obj
                0x0000000000000400                resources
                0x0000000000000458                . = ALIGN (0x8)

.text           0x0000000000000460     0x4388
                0x0000000000000460                . = ALIGN (0x4)
 *(.text)
 .text          0x0000000000000460       0x40 /home/wig/disk1/linux/wizard-audio-test/freertos-tn/gcc-arm-none-eabi-9-2019-q4-major/bin/../lib/gcc/arm-none-eabi/9.2.1/thumb/v7e-m+fp/hard/crtbegin.o
 .text          0x00000000000004a0       0x74 /home/wig/disk1/linux/wizard-audio-test/freertos-tn/gcc-arm-none-eabi-9-2019-q4-major/bin/../lib/gcc/arm-none-eabi/9.2.1/../../../../arm-none-eabi/lib/thumb/v7e-m+fp/hard/crt0.o
                0x00000000000004a0                _mainCRTStartup
                0x00000000000004a0                _start
 .text          0x0000000000000514      0x588 CMakeFiles/rpmsg_lite_str_echo_rtos_imxcm7.elf.dir/home/wig/disk1/linux/wizard-audio-test/freertos-tn/devices/MIMX8ML8/gcc/startup_MIMX8ML8_cm7.S.obj
                0x0000000000000514                Reset_Handler
                0x00000000000005a0                VPU_G2_DriverIRQHandler
                0x00000000000005a0                PWM2_DriverIRQHandler
                0x00000000000005a0                CAAM_ERROR_DriverIRQHandler
                0x00000000000005a0                DebugMon_Handler
                0x00000000000005a0                EDMA1_0_15_DriverIRQHandler
                0x00000000000005a0                CPU_Error_AXI_DriverIRQHandler
                0x00000000000005a0                BCH_DriverIRQHandler
                0x00000000000005a0                VPU_G1_DriverIRQHandler
                0x00000000000005a0                SNVS_Consolidated_DriverIRQHandler
                0x00000000000005a0                MIPI_CSI1_DriverIRQHandler
                0x00000000000005a0                MECC_ERR_DriverIRQHandler
                0x00000000000005a0                PWM4_DriverIRQHandler
                0x00000000000005a0                LCDIF1_DriverIRQHandler
                0x00000000000005a0                RDC_DriverIRQHandler
                0x00000000000005a0                GPIO3_Combined_0_15_DriverIRQHandler
                0x00000000000005a0                USB2_WAKEUP_DriverIRQHandler
                0x00000000000005a0                DDR_ERR_DriverIRQHandler
                0x00000000000005a0                I2S2_DriverIRQHandler
                0x00000000000005a0                I2C3_DriverIRQHandler
                0x00000000000005a0                HS_CP0_DriverIRQHandler
                0x00000000000005a0                GPMI_DriverIRQHandler
                0x00000000000005a0                MU3_AUDIO_DriverIRQHandler
                0x00000000000005a0                ISI_DriverIRQHandler
                0x00000000000005a0                I2C2_DriverIRQHandler
                0x00000000000005a0                ENET_QOS_PMT_DriverIRQHandler
                0x00000000000005a0                MIPI_CSI2_DriverIRQHandler
                0x00000000000005a0                GPIO2_Combined_16_31_DriverIRQHandler
                0x00000000000005a0                PERFMON1_DriverIRQHandler
                0x00000000000005a0                UsageFault_Handler
                0x00000000000005a0                SCTR_IRQ0_DriverIRQHandler
                0x00000000000005a0                CAAM_IRQ0_DriverIRQHandler
                0x00000000000005a0                DDR_PerformanceMonitor_DriverIRQHandler
                0x00000000000005a0                DefaultISR
                0x00000000000005a0                CPU_PerformanceUnit_DriverIRQHandler
                0x00000000000005a0                CAN_FD1_DriverIRQHandler
                0x00000000000005a0                CPU_Error_L2RAM_DriverIRQHandler
                0x00000000000005a0                I2S3_DriverIRQHandler
                0x00000000000005a0                SDMA2_DriverIRQHandler
                0x00000000000005a0                SRC_DriverIRQHandler
                0x00000000000005a0                GPIO1_INT4_DriverIRQHandler
                0x00000000000005a0                HS_CP1_DriverIRQHandler
                0x00000000000005a0                ENET1_MAC0_Rx_Tx_Done0_DriverIRQHandler
                0x00000000000005a0                USDHC1_DriverIRQHandler
                0x00000000000005a0                ECSPI3_DriverIRQHandler
                0x00000000000005a0                WDOG1_DriverIRQHandler
                0x00000000000005a0                SDMA1_DriverIRQHandler
                0x00000000000005a0                ECSPI2_DriverIRQHandler
                0x00000000000005a0                GPIO1_Combined_16_31_DriverIRQHandler
                0x00000000000005a0                GPIO1_INT7_DriverIRQHandler
                0x00000000000005a0                MIPI_DSI_DriverIRQHandler
                0x00000000000005a0                TZASC_DriverIRQHandler
                0x00000000000005a0                GPIO5_Combined_0_15_DriverIRQHandler
                0x00000000000005a0                GPIO1_INT0_DriverIRQHandler
                0x00000000000005a0                GPIO1_INT2_DriverIRQHandler
                0x00000000000005a0                GPU2D_DriverIRQHandler
                0x00000000000005a0                RTIC_DriverIRQHandler
                0x00000000000005a0                ENET1_1588_DriverIRQHandler
                0x00000000000005a0                CAN_FD1_ERROR_DriverIRQHandler
                0x00000000000005a0                EDMA1_ERR_DriverIRQHandler
                0x00000000000005a0                GPT2_DriverIRQHandler
                0x00000000000005a0                SCTR_IRQ1_DriverIRQHandler
                0x00000000000005a0                VPU_DriverIRQHandler
                0x00000000000005a0                I2S1_DriverIRQHandler
                0x00000000000005a0                SNVS_Security_DriverIRQHandler
                0x00000000000005a0                I2S7_DriverIRQHandler
                0x00000000000005a0                AUD2HTX_DriverIRQHandler
                0x00000000000005a0                PCIE_EDMA_DriverIRQHandler
                0x00000000000005a0                PDM_ERROR_DriverIRQHandler
                0x00000000000005a0                I2S56_DriverIRQHandler
                0x00000000000005a0                ML_DriverIRQHandler
                0x00000000000005a0                SJC_DriverIRQHandler
                0x00000000000005a0                CAAM_IRQ1_DriverIRQHandler
                0x00000000000005a0                PCIE_CTRL1_2_DriverIRQHandler
                0x00000000000005a0                PERFMON2_DriverIRQHandler
                0x00000000000005a0                GPT6_DriverIRQHandler
                0x00000000000005a0                EDMA1_16_31_DriverIRQHandler
                0x00000000000005a0                GPT5_DriverIRQHandler
                0x00000000000005a0                DDR_DriverIRQHandler
                0x00000000000005a0                GPT1_DriverIRQHandler
                0x00000000000005a0                CAAM_IRQ2_DriverIRQHandler
                0x00000000000005a0                SNVS_DriverIRQHandler
                0x00000000000005a0                CSU_DriverIRQHandler
                0x00000000000005a0                USDHC3_DriverIRQHandler
                0x00000000000005a0                GPIO1_INT5_DriverIRQHandler
                0x00000000000005a0                QOS_DriverIRQHandler
                0x00000000000005a0                HDMI_TX_DriverIRQHandler
                0x00000000000005a0                FlexSPI_DriverIRQHandler
                0x00000000000005a0                DEWARP_DriverIRQHandler
                0x00000000000005a0                GPIO1_Combined_0_15_DriverIRQHandler
                0x00000000000005a0                USDHC2_DriverIRQHandler
                0x00000000000005a0                WDOG3_DriverIRQHandler
                0x00000000000005a0                MemManage_Handler
                0x00000000000005a0                USB1_WAKEUP_DriverIRQHandler
                0x00000000000005a0                PDM_EVENT_DriverIRQHandler
                0x00000000000005a0                I2C4_DriverIRQHandler
                0x00000000000005a0                USB1_DriverIRQHandler
                0x00000000000005a0                GPIO3_Combined_16_31_DriverIRQHandler
                0x00000000000005a0                AUDIO_XCVR1_DriverIRQHandler
                0x00000000000005a0                PWM1_DriverIRQHandler
                0x00000000000005a0                MU3_M7_DriverIRQHandler
                0x00000000000005a0                PCIE_CTRL1_3_DriverIRQHandler
                0x00000000000005a0                GPT4_DriverIRQHandler
                0x00000000000005a0                MU2_A53_DriverIRQHandler
                0x00000000000005a0                I2C1_DriverIRQHandler
                0x00000000000005a0                AUDIO_XCVR_DriverIRQHandler
                0x00000000000005a0                SDMA3_DriverIRQHandler
                0x00000000000005a0                CM7_CTI_DriverIRQHandler
                0x00000000000005a0                ECSPI1_DriverIRQHandler
                0x00000000000005a0                DAP_DriverIRQHandler
                0x00000000000005a0                Reserved16_DriverIRQHandler
                0x00000000000005a0                ENET_QOS_DriverIRQHandler
                0x00000000000005a0                I2C6_DriverIRQHandler
                0x00000000000005a0                ENET1_DriverIRQHandler
                0x00000000000005a0                ISP2_DriverIRQHandler
                0x00000000000005a0                GPIO1_INT3_DriverIRQHandler
                0x00000000000005a0                MECC_DriverIRQHandler
                0x00000000000005a0                MECC_S_DriverIRQHandler
                0x00000000000005a0                PCIE_CTRL1_1_DriverIRQHandler
                0x00000000000005a0                APBHDMA_DriverIRQHandler
                0x00000000000005a0                ENET1_MAC0_Rx_Tx_Done1_DriverIRQHandler
                0x00000000000005a0                GPC_DriverIRQHandler
                0x00000000000005a0                GPIO2_Combined_0_15_DriverIRQHandler
                0x00000000000005a0                GPT3_DriverIRQHandler
                0x00000000000005a0                CAN_FD2_DriverIRQHandler
                0x00000000000005a0                CCM_IRQ2_DriverIRQHandler
                0x00000000000005a0                PCIE_CTRL1_0_DriverIRQHandler
                0x00000000000005a0                LCDIF2_DriverIRQHandler
                0x00000000000005a0                WDOG2_DriverIRQHandler
                0x00000000000005a0                ANAMIX_DriverIRQHandler
                0x00000000000005a0                MECC_S_ERR_DriverIRQHandler
                0x00000000000005a0                USB2_DriverIRQHandler
                0x00000000000005a0                GPIO4_Combined_0_15_DriverIRQHandler
                0x00000000000005a0                I2C5_DriverIRQHandler
                0x00000000000005a0                GPIO4_Combined_16_31_DriverIRQHandler
                0x00000000000005a0                ISP1_DriverIRQHandler
                0x00000000000005a0                GPIO5_Combined_16_31_DriverIRQHandler
                0x00000000000005a0                PCIE_CTRL1_ERR_DriverIRQHandler
                0x00000000000005a0                ASRC_DriverIRQHandler
                0x00000000000005a0                CAN_FD2_ERROR_DriverIRQHandler
                0x00000000000005a0                BusFault_Handler
                0x00000000000005a0                GPU3D_DriverIRQHandler
                0x00000000000005a0                PDM_HWVAD_ERROR_DriverIRQHandler
                0x00000000000005a0                PCIE_CTRL1_DriverIRQHandler
                0x00000000000005a0                CCM_IRQ1_DriverIRQHandler
                0x00000000000005a0                CPU_CTI_Trigger_DriverIRQHandler
                0x00000000000005a0                PDM_HWVAD_EVENT_DriverIRQHandler
                0x00000000000005a0                MU1_M7_DriverIRQHandler
                0x00000000000005a0                MU2_AUDIO_DriverIRQHandler
                0x00000000000005a0                PWM3_DriverIRQHandler
                0x00000000000005a0                AUDIO_XCVR0_DriverIRQHandler
                0x00000000000005a0                GPIO1_INT6_DriverIRQHandler
                0x00000000000005a0                GPIO1_INT1_DriverIRQHandler
                0x00000000000005a0                ISI_CH1_DriverIRQHandler
                0x00000000000005a0                SRC_Combined_DriverIRQHandler
                0x00000000000005a0                MU1_A53_DriverIRQHandler
                0x00000000000005a4                NMI_Handler
                0x00000000000005a8                HardFault_Handler
                0x00000000000005b8                Reserved16_IRQHandler
                0x00000000000005bc                DAP_IRQHandler
                0x00000000000005c0                SDMA1_IRQHandler
                0x00000000000005c4                GPU3D_IRQHandler
                0x00000000000005c8                SNVS_IRQHandler
                0x00000000000005cc                LCDIF1_IRQHandler
                0x00000000000005d0                LCDIF2_IRQHandler
                0x00000000000005d4                VPU_G1_IRQHandler
                0x00000000000005d8                VPU_G2_IRQHandler
                0x00000000000005dc                QOS_IRQHandler
                0x00000000000005e0                WDOG3_IRQHandler
                0x00000000000005e4                HS_CP1_IRQHandler
                0x00000000000005e8                APBHDMA_IRQHandler
                0x00000000000005ec                ML_IRQHandler
                0x00000000000005f0                BCH_IRQHandler
                0x00000000000005f4                GPMI_IRQHandler
                0x00000000000005f8                ISI_IRQHandler
                0x00000000000005fc                MIPI_CSI1_IRQHandler
                0x0000000000000600                MIPI_DSI_IRQHandler
                0x0000000000000604                SNVS_Consolidated_IRQHandler
                0x0000000000000608                SNVS_Security_IRQHandler
                0x000000000000060c                CSU_IRQHandler
                0x0000000000000610                USDHC1_IRQHandler
                0x0000000000000614                USDHC2_IRQHandler
                0x0000000000000618                USDHC3_IRQHandler
                0x000000000000061c                GPU2D_IRQHandler
                0x0000000000000620                UART1_IRQHandler
                0x0000000000000624                UART2_IRQHandler
                0x0000000000000628                UART3_IRQHandler
                0x000000000000062c                UART4_IRQHandler
                0x0000000000000630                VPU_IRQHandler
                0x0000000000000634                ECSPI1_IRQHandler
                0x0000000000000638                ECSPI2_IRQHandler
                0x000000000000063c                ECSPI3_IRQHandler
                0x0000000000000640                SDMA3_IRQHandler
                0x0000000000000644                I2C1_IRQHandler
                0x0000000000000648                I2C2_IRQHandler
                0x000000000000064c                I2C3_IRQHandler
                0x0000000000000650                I2C4_IRQHandler
                0x0000000000000654                RDC_IRQHandler
                0x0000000000000658                USB1_IRQHandler
                0x000000000000065c                USB2_IRQHandler
                0x0000000000000660                ISI_CH1_IRQHandler
                0x0000000000000664                HDMI_TX_IRQHandler
                0x0000000000000668                PDM_HWVAD_EVENT_IRQHandler
                0x000000000000066c                PDM_HWVAD_ERROR_IRQHandler
                0x0000000000000670                GPT6_IRQHandler
                0x0000000000000674                SCTR_IRQ0_IRQHandler
                0x0000000000000678                SCTR_IRQ1_IRQHandler
                0x000000000000067c                ANAMIX_IRQHandler
                0x0000000000000680                I2S3_IRQHandler
                0x0000000000000684                GPT5_IRQHandler
                0x0000000000000688                GPT4_IRQHandler
                0x000000000000068c                GPT3_IRQHandler
                0x0000000000000690                GPT2_IRQHandler
                0x0000000000000694                GPT1_IRQHandler
                0x0000000000000698                GPIO1_INT7_IRQHandler
                0x000000000000069c                GPIO1_INT6_IRQHandler
                0x00000000000006a0                GPIO1_INT5_IRQHandler
                0x00000000000006a4                GPIO1_INT4_IRQHandler
                0x00000000000006a8                GPIO1_INT3_IRQHandler
                0x00000000000006ac                GPIO1_INT2_IRQHandler
                0x00000000000006b0                GPIO1_INT1_IRQHandler
                0x00000000000006b4                GPIO1_INT0_IRQHandler
                0x00000000000006b8                GPIO1_Combined_0_15_IRQHandler
                0x00000000000006bc                GPIO1_Combined_16_31_IRQHandler
                0x00000000000006c0                GPIO2_Combined_0_15_IRQHandler
                0x00000000000006c4                GPIO2_Combined_16_31_IRQHandler
                0x00000000000006c8                GPIO3_Combined_0_15_IRQHandler
                0x00000000000006cc                GPIO3_Combined_16_31_IRQHandler
                0x00000000000006d0                GPIO4_Combined_0_15_IRQHandler
                0x00000000000006d4                GPIO4_Combined_16_31_IRQHandler
                0x00000000000006d8                GPIO5_Combined_0_15_IRQHandler
                0x00000000000006dc                GPIO5_Combined_16_31_IRQHandler
                0x00000000000006e0                ISP1_IRQHandler
                0x00000000000006e4                ISP2_IRQHandler
                0x00000000000006e8                I2C5_IRQHandler
                0x00000000000006ec                I2C6_IRQHandler
                0x00000000000006f0                WDOG1_IRQHandler
                0x00000000000006f4                WDOG2_IRQHandler
                0x00000000000006f8                MIPI_CSI2_IRQHandler
                0x00000000000006fc                PWM1_IRQHandler
                0x0000000000000700                PWM2_IRQHandler
                0x0000000000000704                PWM3_IRQHandler
                0x0000000000000708                PWM4_IRQHandler
                0x000000000000070c                CCM_IRQ1_IRQHandler
                0x0000000000000710                CCM_IRQ2_IRQHandler
                0x0000000000000714                GPC_IRQHandler
                0x0000000000000718                MU1_A53_IRQHandler
                0x000000000000071c                SRC_IRQHandler
                0x0000000000000720                I2S56_IRQHandler
                0x0000000000000724                RTIC_IRQHandler
                0x0000000000000728                CPU_PerformanceUnit_IRQHandler
                0x000000000000072c                CPU_CTI_Trigger_IRQHandler
                0x0000000000000730                SRC_Combined_IRQHandler
                0x0000000000000734                I2S1_IRQHandler
                0x0000000000000738                I2S2_IRQHandler
                0x0000000000000740                DDR_PerformanceMonitor_IRQHandler
                0x0000000000000744                DDR_IRQHandler
                0x0000000000000748                DEWARP_IRQHandler
                0x000000000000074c                CPU_Error_AXI_IRQHandler
                0x0000000000000750                CPU_Error_L2RAM_IRQHandler
                0x0000000000000754                SDMA2_IRQHandler
                0x0000000000000758                SJC_IRQHandler
                0x000000000000075c                CAAM_IRQ0_IRQHandler
                0x0000000000000760                CAAM_IRQ1_IRQHandler
                0x0000000000000764                FlexSPI_IRQHandler
                0x0000000000000768                TZASC_IRQHandler
                0x000000000000076c                PDM_EVENT_IRQHandler
                0x0000000000000770                PDM_ERROR_IRQHandler
                0x0000000000000774                I2S7_IRQHandler
                0x0000000000000778                PERFMON1_IRQHandler
                0x000000000000077c                PERFMON2_IRQHandler
                0x0000000000000780                CAAM_IRQ2_IRQHandler
                0x0000000000000784                CAAM_ERROR_IRQHandler
                0x0000000000000788                HS_CP0_IRQHandler
                0x000000000000078c                CM7_CTI_IRQHandler
                0x0000000000000790                ENET1_MAC0_Rx_Tx_Done0_IRQHandler
                0x0000000000000794                ENET1_MAC0_Rx_Tx_Done1_IRQHandler
                0x0000000000000798                ENET1_IRQHandler
                0x000000000000079c                ENET1_1588_IRQHandler
                0x00000000000007a0                ASRC_IRQHandler
                0x00000000000007a4                PCIE_CTRL1_0_IRQHandler
                0x00000000000007a8                PCIE_CTRL1_1_IRQHandler
                0x00000000000007ac                PCIE_CTRL1_2_IRQHandler
                0x00000000000007b0                PCIE_CTRL1_3_IRQHandler
                0x00000000000007b4                PCIE_EDMA_IRQHandler
                0x00000000000007b8                AUDIO_XCVR0_IRQHandler
                0x00000000000007bc                AUDIO_XCVR1_IRQHandler
                0x00000000000007c0                AUD2HTX_IRQHandler
                0x00000000000007c4                EDMA1_ERR_IRQHandler
                0x00000000000007c8                EDMA1_0_15_IRQHandler
                0x00000000000007cc                EDMA1_16_31_IRQHandler
                0x00000000000007d0                ENET_QOS_PMT_IRQHandler
                0x00000000000007d4                ENET_QOS_IRQHandler
                0x00000000000007d8                MU2_A53_IRQHandler
                0x00000000000007dc                MU2_AUDIO_IRQHandler
                0x00000000000007e0                MU3_M7_IRQHandler
                0x00000000000007e4                MU3_AUDIO_IRQHandler
                0x00000000000007e8                PCIE_CTRL1_IRQHandler
                0x00000000000007ec                PCIE_CTRL1_ERR_IRQHandler
                0x00000000000007f0                CAN_FD1_IRQHandler
                0x00000000000007f4                CAN_FD1_ERROR_IRQHandler
                0x00000000000007f8                CAN_FD2_IRQHandler
                0x00000000000007fc                CAN_FD2_ERROR_IRQHandler
                0x0000000000000800                AUDIO_XCVR_IRQHandler
                0x0000000000000804                DDR_ERR_IRQHandler
                0x0000000000000808                USB1_WAKEUP_IRQHandler
                0x000000000000080c                USB2_WAKEUP_IRQHandler
                0x0000000000000810                MECC_IRQHandler
                0x0000000000000814                MECC_ERR_IRQHandler
                0x0000000000000818                MECC_S_IRQHandler
                0x000000000000081c                MECC_S_ERR_IRQHandler
 .text          0x0000000000000a9c       0x10 /home/wig/disk1/linux/wizard-audio-test/freertos-tn/gcc-arm-none-eabi-9-2019-q4-major/bin/../lib/gcc/arm-none-eabi/9.2.1/../../../../arm-none-eabi/lib/thumb/v7e-m+fp/hard/libc_nano.a(lib_a-strlen.o)
                0x0000000000000a9c                strlen
 .text          0x0000000000000aac       0x30 /home/wig/disk1/linux/wizard-audio-test/freertos-tn/gcc-arm-none-eabi-9-2019-q4-major/bin/../lib/gcc/arm-none-eabi/9.2.1/thumb/v7e-m+fp/hard/libgcc.a(_aeabi_uldivmod.o)
                0x0000000000000aac                __aeabi_uldivmod
 .text          0x0000000000000adc      0x2c4 /home/wig/disk1/linux/wizard-audio-test/freertos-tn/gcc-arm-none-eabi-9-2019-q4-major/bin/../lib/gcc/arm-none-eabi/9.2.1/thumb/v7e-m+fp/hard/libgcc.a(_udivmoddi4.o)
                0x0000000000000adc                __udivmoddi4
 .text          0x0000000000000da0        0x4 /home/wig/disk1/linux/wizard-audio-test/freertos-tn/gcc-arm-none-eabi-9-2019-q4-major/bin/../lib/gcc/arm-none-eabi/9.2.1/thumb/v7e-m+fp/hard/libgcc.a(_dvmd_tls.o)
                0x0000000000000da0                __aeabi_ldiv0
                0x0000000000000da0                __aeabi_idiv0
 *(.text*)
 .text.app_task
                0x0000000000000da4       0xe0 CMakeFiles/rpmsg_lite_str_echo_rtos_imxcm7.elf.dir/home/wig/disk1/linux/wizard-audio-test/freertos-tn/boards/tek3-imx8mp/multicore_examples/rpmsg_lite_str_echo_rtos/main_remote.c.obj
 .text.startup.main
                0x0000000000000e84       0x5c CMakeFiles/rpmsg_lite_str_echo_rtos_imxcm7.elf.dir/home/wig/disk1/linux/wizard-audio-test/freertos-tn/boards/tek3-imx8mp/multicore_examples/rpmsg_lite_str_echo_rtos/main_remote.c.obj
                0x0000000000000e84                main
 .text.BOARD_InitPins
                0x0000000000000ee0       0x2c CMakeFiles/rpmsg_lite_str_echo_rtos_imxcm7.elf.dir/home/wig/disk1/linux/wizard-audio-test/freertos-tn/boards/tek3-imx8mp/multicore_examples/rpmsg_lite_str_echo_rtos/pin_mux.c.obj
                0x0000000000000ee0                BOARD_InitPins
 .text.BOARD_InitBootPins
                0x0000000000000f0c        0x4 CMakeFiles/rpmsg_lite_str_echo_rtos_imxcm7.elf.dir/home/wig/disk1/linux/wizard-audio-test/freertos-tn/boards/tek3-imx8mp/multicore_examples/rpmsg_lite_str_echo_rtos/pin_mux.c.obj
                0x0000000000000f0c                BOARD_InitBootPins
 .text.copyResourceTable
                0x0000000000000f10       0x24 CMakeFiles/rpmsg_lite_str_echo_rtos_imxcm7.elf.dir/home/wig/disk1/linux/wizard-audio-test/freertos-tn/boards/tek3-imx8mp/multicore_examples/rpmsg_lite_str_echo_rtos/rsc_table.c.obj
                0x0000000000000f10                copyResourceTable
 .text.BOARD_InitDebugConsole
                0x0000000000000f34       0x40 CMakeFiles/rpmsg_lite_str_echo_rtos_imxcm7.elf.dir/home/wig/disk1/linux/wizard-audio-test/freertos-tn/boards/tek3-imx8mp/multicore_examples/rpmsg_lite_str_echo_rtos/board.c.obj
                0x0000000000000f34                BOARD_InitDebugConsole
 .text.BOARD_InitMemory
                0x0000000000000f74      0x1b4 CMakeFiles/rpmsg_lite_str_echo_rtos_imxcm7.elf.dir/home/wig/disk1/linux/wizard-audio-test/freertos-tn/boards/tek3-imx8mp/multicore_examples/rpmsg_lite_str_echo_rtos/board.c.obj
                0x0000000000000f74                BOARD_InitMemory
 .text.BOARD_RdcInit
                0x0000000000001128       0x68 CMakeFiles/rpmsg_lite_str_echo_rtos_imxcm7.elf.dir/home/wig/disk1/linux/wizard-audio-test/freertos-tn/boards/tek3-imx8mp/multicore_examples/rpmsg_lite_str_echo_rtos/board.c.obj
                0x0000000000001128                BOARD_RdcInit
 .text.BOARD_BootClockRUN
                0x0000000000001190      0x14c CMakeFiles/rpmsg_lite_str_echo_rtos_imxcm7.elf.dir/home/wig/disk1/linux/wizard-audio-test/freertos-tn/boards/tek3-imx8mp/multicore_examples/rpmsg_lite_str_echo_rtos/clock_config.c.obj
                0x0000000000001190                BOARD_BootClockRUN
 .text.platform_init_interrupt
                0x00000000000012dc       0x44 CMakeFiles/rpmsg_lite_str_echo_rtos_imxcm7.elf.dir/home/wig/disk1/linux/wizard-audio-test/freertos-tn/middleware/multicore/rpmsg_lite/lib/rpmsg_lite/porting/platform/imx8mp_m7/rpmsg_platform.c.obj
                0x00000000000012dc                platform_init_interrupt
 .text.platform_notify
                0x0000000000001320       0x28 CMakeFiles/rpmsg_lite_str_echo_rtos_imxcm7.elf.dir/home/wig/disk1/linux/wizard-audio-test/freertos-tn/middleware/multicore/rpmsg_lite/lib/rpmsg_lite/porting/platform/imx8mp_m7/rpmsg_platform.c.obj
                0x0000000000001320                platform_notify
 .text.MU1_M7_IRQHandler
                0x0000000000001348       0x20 CMakeFiles/rpmsg_lite_str_echo_rtos_imxcm7.elf.dir/home/wig/disk1/linux/wizard-audio-test/freertos-tn/middleware/multicore/rpmsg_lite/lib/rpmsg_lite/porting/platform/imx8mp_m7/rpmsg_platform.c.obj
                0x0000000000001348                MU1_M7_IRQHandler
 .text.platform_in_isr
                0x0000000000001368       0x14 CMakeFiles/rpmsg_lite_str_echo_rtos_imxcm7.elf.dir/home/wig/disk1/linux/wizard-audio-test/freertos-tn/middleware/multicore/rpmsg_lite/lib/rpmsg_lite/porting/platform/imx8mp_m7/rpmsg_platform.c.obj
                0x0000000000001368                platform_in_isr
 .text.platform_interrupt_enable
                0x000000000000137c       0x28 CMakeFiles/rpmsg_lite_str_echo_rtos_imxcm7.elf.dir/home/wig/disk1/linux/wizard-audio-test/freertos-tn/middleware/multicore/rpmsg_lite/lib/rpmsg_lite/porting/platform/imx8mp_m7/rpmsg_platform.c.obj
                0x000000000000137c                platform_interrupt_enable
 .text.platform_interrupt_disable
                0x00000000000013a4       0x34 CMakeFiles/rpmsg_lite_str_echo_rtos_imxcm7.elf.dir/home/wig/disk1/linux/wizard-audio-test/freertos-tn/middleware/multicore/rpmsg_lite/lib/rpmsg_lite/porting/platform/imx8mp_m7/rpmsg_platform.c.obj
                0x00000000000013a4                platform_interrupt_disable
 .text.platform_patova
                0x00000000000013d8        0x2 CMakeFiles/rpmsg_lite_str_echo_rtos_imxcm7.elf.dir/home/wig/disk1/linux/wizard-audio-test/freertos-tn/middleware/multicore/rpmsg_lite/lib/rpmsg_lite/porting/platform/imx8mp_m7/rpmsg_platform.c.obj
                0x00000000000013d8                platform_patova
 *fill*         0x00000000000013da        0x2 
 .text.platform_init
                0x00000000000013dc       0x34 CMakeFiles/rpmsg_lite_str_echo_rtos_imxcm7.elf.dir/home/wig/disk1/linux/wizard-audio-test/freertos-tn/middleware/multicore/rpmsg_lite/lib/rpmsg_lite/porting/platform/imx8mp_m7/rpmsg_platform.c.obj
                0x00000000000013dc                platform_init
 .text.add_to_list
                0x0000000000001410       0x1e CMakeFiles/rpmsg_lite_str_echo_rtos_imxcm7.elf.dir/home/wig/disk1/linux/wizard-audio-test/freertos-tn/middleware/multicore/rpmsg_lite/lib/common/llist.c.obj
                0x0000000000001410                add_to_list
 .text.rpmsg_lite_tx_callback
                0x000000000000142e        0xc CMakeFiles/rpmsg_lite_str_echo_rtos_imxcm7.elf.dir/home/wig/disk1/linux/wizard-audio-test/freertos-tn/middleware/multicore/rpmsg_lite/lib/rpmsg_lite/rpmsg_lite.c.obj
 .text.virtqueue_notify
                0x000000000000143a        0x8 CMakeFiles/rpmsg_lite_str_echo_rtos_imxcm7.elf.dir/home/wig/disk1/linux/wizard-audio-test/freertos-tn/middleware/multicore/rpmsg_lite/lib/rpmsg_lite/rpmsg_lite.c.obj
 .text.vq_tx_remote
                0x0000000000001442        0xe CMakeFiles/rpmsg_lite_str_echo_rtos_imxcm7.elf.dir/home/wig/disk1/linux/wizard-audio-test/freertos-tn/middleware/multicore/rpmsg_lite/lib/rpmsg_lite/rpmsg_lite.c.obj
 .text.vq_rx_free_remote
                0x0000000000001450        0x4 CMakeFiles/rpmsg_lite_str_echo_rtos_imxcm7.elf.dir/home/wig/disk1/linux/wizard-audio-test/freertos-tn/middleware/multicore/rpmsg_lite/lib/rpmsg_lite/rpmsg_lite.c.obj
 .text.vq_tx_alloc_remote
                0x0000000000001454        0xa CMakeFiles/rpmsg_lite_str_echo_rtos_imxcm7.elf.dir/home/wig/disk1/linux/wizard-audio-test/freertos-tn/middleware/multicore/rpmsg_lite/lib/rpmsg_lite/rpmsg_lite.c.obj
 .text.rpmsg_lite_get_endpoint_from_addr.isra.0
                0x000000000000145e       0x10 CMakeFiles/rpmsg_lite_str_echo_rtos_imxcm7.elf.dir/home/wig/disk1/linux/wizard-audio-test/freertos-tn/middleware/multicore/rpmsg_lite/lib/rpmsg_lite/rpmsg_lite.c.obj
 .text.rpmsg_lite_rx_callback
                0x000000000000146e       0x56 CMakeFiles/rpmsg_lite_str_echo_rtos_imxcm7.elf.dir/home/wig/disk1/linux/wizard-audio-test/freertos-tn/middleware/multicore/rpmsg_lite/lib/rpmsg_lite/rpmsg_lite.c.obj
 .text.vq_rx_remote
                0x00000000000014c4        0xa CMakeFiles/rpmsg_lite_str_echo_rtos_imxcm7.elf.dir/home/wig/disk1/linux/wizard-audio-test/freertos-tn/middleware/multicore/rpmsg_lite/lib/rpmsg_lite/rpmsg_lite.c.obj
 .text.rpmsg_lite_create_ept
                0x00000000000014ce       0x90 CMakeFiles/rpmsg_lite_str_echo_rtos_imxcm7.elf.dir/home/wig/disk1/linux/wizard-audio-test/freertos-tn/middleware/multicore/rpmsg_lite/lib/rpmsg_lite/rpmsg_lite.c.obj
                0x00000000000014ce                rpmsg_lite_create_ept
 .text.rpmsg_lite_is_link_up
                0x000000000000155e        0x6 CMakeFiles/rpmsg_lite_str_echo_rtos_imxcm7.elf.dir/home/wig/disk1/linux/wizard-audio-test/freertos-tn/middleware/multicore/rpmsg_lite/lib/rpmsg_lite/rpmsg_lite.c.obj
                0x000000000000155e                rpmsg_lite_is_link_up
 .text.rpmsg_lite_send
                0x0000000000001564       0xec CMakeFiles/rpmsg_lite_str_echo_rtos_imxcm7.elf.dir/home/wig/disk1/linux/wizard-audio-test/freertos-tn/middleware/multicore/rpmsg_lite/lib/rpmsg_lite/rpmsg_lite.c.obj
                0x0000000000001564                rpmsg_lite_send
 .text.rpmsg_lite_alloc_tx_buffer
                0x0000000000001650       0x8a CMakeFiles/rpmsg_lite_str_echo_rtos_imxcm7.elf.dir/home/wig/disk1/linux/wizard-audio-test/freertos-tn/middleware/multicore/rpmsg_lite/lib/rpmsg_lite/rpmsg_lite.c.obj
                0x0000000000001650                rpmsg_lite_alloc_tx_buffer
 *fill*         0x00000000000016da        0x2 
 .text.rpmsg_lite_send_nocopy
                0x00000000000016dc       0x84 CMakeFiles/rpmsg_lite_str_echo_rtos_imxcm7.elf.dir/home/wig/disk1/linux/wizard-audio-test/freertos-tn/middleware/multicore/rpmsg_lite/lib/rpmsg_lite/rpmsg_lite.c.obj
                0x00000000000016dc                rpmsg_lite_send_nocopy
 .text.rpmsg_lite_release_rx_buffer
                0x0000000000001760       0x40 CMakeFiles/rpmsg_lite_str_echo_rtos_imxcm7.elf.dir/home/wig/disk1/linux/wizard-audio-test/freertos-tn/middleware/multicore/rpmsg_lite/lib/rpmsg_lite/rpmsg_lite.c.obj
                0x0000000000001760                rpmsg_lite_release_rx_buffer
 .text.rpmsg_lite_remote_init
                0x00000000000017a0      0x120 CMakeFiles/rpmsg_lite_str_echo_rtos_imxcm7.elf.dir/home/wig/disk1/linux/wizard-audio-test/freertos-tn/middleware/multicore/rpmsg_lite/lib/rpmsg_lite/rpmsg_lite.c.obj
                0x00000000000017a0                rpmsg_lite_remote_init
 .text.rpmsg_ns_announce
                0x00000000000018c0       0x40 CMakeFiles/rpmsg_lite_str_echo_rtos_imxcm7.elf.dir/home/wig/disk1/linux/wizard-audio-test/freertos-tn/middleware/multicore/rpmsg_lite/lib/rpmsg_lite/rpmsg_ns.c.obj
                0x00000000000018c0                rpmsg_ns_announce
 .text.virtqueue_create
                0x0000000000001900       0x94 CMakeFiles/rpmsg_lite_str_echo_rtos_imxcm7.elf.dir/home/wig/disk1/linux/wizard-audio-test/freertos-tn/middleware/multicore/rpmsg_lite/lib/virtio/virtqueue.c.obj
                0x0000000000001900                virtqueue_create
 .text.virtqueue_get_buffer_length
                0x0000000000001994        0xa CMakeFiles/rpmsg_lite_str_echo_rtos_imxcm7.elf.dir/home/wig/disk1/linux/wizard-audio-test/freertos-tn/middleware/multicore/rpmsg_lite/lib/virtio/virtqueue.c.obj
                0x0000000000001994                virtqueue_get_buffer_length
 .text.virtqueue_get_available_buffer
                0x000000000000199e       0x4c CMakeFiles/rpmsg_lite_str_echo_rtos_imxcm7.elf.dir/home/wig/disk1/linux/wizard-audio-test/freertos-tn/middleware/multicore/rpmsg_lite/lib/virtio/virtqueue.c.obj
                0x000000000000199e                virtqueue_get_available_buffer
 *fill*         0x00000000000019ea        0x2 
 .text.virtqueue_add_consumed_buffer
                0x00000000000019ec       0x34 CMakeFiles/rpmsg_lite_str_echo_rtos_imxcm7.elf.dir/home/wig/disk1/linux/wizard-audio-test/freertos-tn/middleware/multicore/rpmsg_lite/lib/virtio/virtqueue.c.obj
                0x00000000000019ec                virtqueue_add_consumed_buffer
 .text.virtqueue_kick
                0x0000000000001a20       0x46 CMakeFiles/rpmsg_lite_str_echo_rtos_imxcm7.elf.dir/home/wig/disk1/linux/wizard-audio-test/freertos-tn/middleware/multicore/rpmsg_lite/lib/virtio/virtqueue.c.obj
                0x0000000000001a20                virtqueue_kick
 .text.virtqueue_notification
                0x0000000000001a66        0xa CMakeFiles/rpmsg_lite_str_echo_rtos_imxcm7.elf.dir/home/wig/disk1/linux/wizard-audio-test/freertos-tn/middleware/multicore/rpmsg_lite/lib/virtio/virtqueue.c.obj
                0x0000000000001a66                virtqueue_notification
 .text.env_init
                0x0000000000001a70       0x78 CMakeFiles/rpmsg_lite_str_echo_rtos_imxcm7.elf.dir/home/wig/disk1/linux/wizard-audio-test/freertos-tn/middleware/multicore/rpmsg_lite/lib/rpmsg_lite/porting/environment/rpmsg_env_freertos.c.obj
                0x0000000000001a70                env_init
 .text.env_allocate_memory
                0x0000000000001ae8        0x4 CMakeFiles/rpmsg_lite_str_echo_rtos_imxcm7.elf.dir/home/wig/disk1/linux/wizard-audio-test/freertos-tn/middleware/multicore/rpmsg_lite/lib/rpmsg_lite/porting/environment/rpmsg_env_freertos.c.obj
                0x0000000000001ae8                env_allocate_memory
 .text.env_free_memory
                0x0000000000001aec        0x8 CMakeFiles/rpmsg_lite_str_echo_rtos_imxcm7.elf.dir/home/wig/disk1/linux/wizard-audio-test/freertos-tn/middleware/multicore/rpmsg_lite/lib/rpmsg_lite/porting/environment/rpmsg_env_freertos.c.obj
                0x0000000000001aec                env_free_memory
 .text.env_memset
                0x0000000000001af4        0x4 CMakeFiles/rpmsg_lite_str_echo_rtos_imxcm7.elf.dir/home/wig/disk1/linux/wizard-audio-test/freertos-tn/middleware/multicore/rpmsg_lite/lib/rpmsg_lite/porting/environment/rpmsg_env_freertos.c.obj
                0x0000000000001af4                env_memset
 .text.env_memcpy
                0x0000000000001af8        0x4 CMakeFiles/rpmsg_lite_str_echo_rtos_imxcm7.elf.dir/home/wig/disk1/linux/wizard-audio-test/freertos-tn/middleware/multicore/rpmsg_lite/lib/rpmsg_lite/porting/environment/rpmsg_env_freertos.c.obj
                0x0000000000001af8                env_memcpy
 .text.env_strncpy
                0x0000000000001afc        0x4 CMakeFiles/rpmsg_lite_str_echo_rtos_imxcm7.elf.dir/home/wig/disk1/linux/wizard-audio-test/freertos-tn/middleware/multicore/rpmsg_lite/lib/rpmsg_lite/porting/environment/rpmsg_env_freertos.c.obj
                0x0000000000001afc                env_strncpy
 .text.env_mb   0x0000000000001b00        0x6 CMakeFiles/rpmsg_lite_str_echo_rtos_imxcm7.elf.dir/home/wig/disk1/linux/wizard-audio-test/freertos-tn/middleware/multicore/rpmsg_lite/lib/rpmsg_lite/porting/environment/rpmsg_env_freertos.c.obj
                0x0000000000001b00                env_mb
 .text.env_rmb  0x0000000000001b06        0x6 CMakeFiles/rpmsg_lite_str_echo_rtos_imxcm7.elf.dir/home/wig/disk1/linux/wizard-audio-test/freertos-tn/middleware/multicore/rpmsg_lite/lib/rpmsg_lite/porting/environment/rpmsg_env_freertos.c.obj
                0x0000000000001b06                env_rmb
 .text.env_wmb  0x0000000000001b0c        0x6 CMakeFiles/rpmsg_lite_str_echo_rtos_imxcm7.elf.dir/home/wig/disk1/linux/wizard-audio-test/freertos-tn/middleware/multicore/rpmsg_lite/lib/rpmsg_lite/porting/environment/rpmsg_env_freertos.c.obj
                0x0000000000001b0c                env_wmb
 .text.env_map_patova
                0x0000000000001b12        0x4 CMakeFiles/rpmsg_lite_str_echo_rtos_imxcm7.elf.dir/home/wig/disk1/linux/wizard-audio-test/freertos-tn/middleware/multicore/rpmsg_lite/lib/rpmsg_lite/porting/environment/rpmsg_env_freertos.c.obj
                0x0000000000001b12                env_map_patova
 .text.env_create_mutex
                0x0000000000001b16       0x20 CMakeFiles/rpmsg_lite_str_echo_rtos_imxcm7.elf.dir/home/wig/disk1/linux/wizard-audio-test/freertos-tn/middleware/multicore/rpmsg_lite/lib/rpmsg_lite/porting/environment/rpmsg_env_freertos.c.obj
                0x0000000000001b16                env_create_mutex
 .text.env_lock_mutex
                0x0000000000001b36       0x1a CMakeFiles/rpmsg_lite_str_echo_rtos_imxcm7.elf.dir/home/wig/disk1/linux/wizard-audio-test/freertos-tn/middleware/multicore/rpmsg_lite/lib/rpmsg_lite/porting/environment/rpmsg_env_freertos.c.obj
                0x0000000000001b36                env_lock_mutex
 .text.env_unlock_mutex
                0x0000000000001b50       0x1c CMakeFiles/rpmsg_lite_str_echo_rtos_imxcm7.elf.dir/home/wig/disk1/linux/wizard-audio-test/freertos-tn/middleware/multicore/rpmsg_lite/lib/rpmsg_lite/porting/environment/rpmsg_env_freertos.c.obj
                0x0000000000001b50                env_unlock_mutex
 .text.env_sleep_msec
                0x0000000000001b6c        0x4 CMakeFiles/rpmsg_lite_str_echo_rtos_imxcm7.elf.dir/home/wig/disk1/linux/wizard-audio-test/freertos-tn/middleware/multicore/rpmsg_lite/lib/rpmsg_lite/porting/environment/rpmsg_env_freertos.c.obj
                0x0000000000001b6c                env_sleep_msec
 .text.env_register_isr
                0x0000000000001b70       0x14 CMakeFiles/rpmsg_lite_str_echo_rtos_imxcm7.elf.dir/home/wig/disk1/linux/wizard-audio-test/freertos-tn/middleware/multicore/rpmsg_lite/lib/rpmsg_lite/porting/environment/rpmsg_env_freertos.c.obj
                0x0000000000001b70                env_register_isr
 .text.env_enable_interrupt
                0x0000000000001b84        0x4 CMakeFiles/rpmsg_lite_str_echo_rtos_imxcm7.elf.dir/home/wig/disk1/linux/wizard-audio-test/freertos-tn/middleware/multicore/rpmsg_lite/lib/rpmsg_lite/porting/environment/rpmsg_env_freertos.c.obj
                0x0000000000001b84                env_enable_interrupt
 .text.env_disable_interrupt
                0x0000000000001b88        0x4 CMakeFiles/rpmsg_lite_str_echo_rtos_imxcm7.elf.dir/home/wig/disk1/linux/wizard-audio-test/freertos-tn/middleware/multicore/rpmsg_lite/lib/rpmsg_lite/porting/environment/rpmsg_env_freertos.c.obj
                0x0000000000001b88                env_disable_interrupt
 .text.env_isr  0x0000000000001b8c       0x14 CMakeFiles/rpmsg_lite_str_echo_rtos_imxcm7.elf.dir/home/wig/disk1/linux/wizard-audio-test/freertos-tn/middleware/multicore/rpmsg_lite/lib/rpmsg_lite/porting/environment/rpmsg_env_freertos.c.obj
                0x0000000000001b8c                env_isr
 .text.env_create_queue
                0x0000000000001ba0       0x1a CMakeFiles/rpmsg_lite_str_echo_rtos_imxcm7.elf.dir/home/wig/disk1/linux/wizard-audio-test/freertos-tn/middleware/multicore/rpmsg_lite/lib/rpmsg_lite/porting/environment/rpmsg_env_freertos.c.obj
                0x0000000000001ba0                env_create_queue
 *fill*         0x0000000000001bba        0x2 
 .text.env_put_queue
                0x0000000000001bbc       0x58 CMakeFiles/rpmsg_lite_str_echo_rtos_imxcm7.elf.dir/home/wig/disk1/linux/wizard-audio-test/freertos-tn/middleware/multicore/rpmsg_lite/lib/rpmsg_lite/porting/environment/rpmsg_env_freertos.c.obj
                0x0000000000001bbc                env_put_queue
 .text.env_get_queue
                0x0000000000001c14       0x54 CMakeFiles/rpmsg_lite_str_echo_rtos_imxcm7.elf.dir/home/wig/disk1/linux/wizard-audio-test/freertos-tn/middleware/multicore/rpmsg_lite/lib/rpmsg_lite/porting/environment/rpmsg_env_freertos.c.obj
                0x0000000000001c14                env_get_queue
 .text.rpmsg_queue_rx_cb
                0x0000000000001c68       0x22 CMakeFiles/rpmsg_lite_str_echo_rtos_imxcm7.elf.dir/home/wig/disk1/linux/wizard-audio-test/freertos-tn/middleware/multicore/rpmsg_lite/lib/rpmsg_lite/rpmsg_queue.c.obj
                0x0000000000001c68                rpmsg_queue_rx_cb
 .text.rpmsg_queue_create
                0x0000000000001c8a       0x26 CMakeFiles/rpmsg_lite_str_echo_rtos_imxcm7.elf.dir/home/wig/disk1/linux/wizard-audio-test/freertos-tn/middleware/multicore/rpmsg_lite/lib/rpmsg_lite/rpmsg_queue.c.obj
                0x0000000000001c8a                rpmsg_queue_create
 .text.rpmsg_queue_recv_nocopy
                0x0000000000001cb0       0x4c CMakeFiles/rpmsg_lite_str_echo_rtos_imxcm7.elf.dir/home/wig/disk1/linux/wizard-audio-test/freertos-tn/middleware/multicore/rpmsg_lite/lib/rpmsg_lite/rpmsg_queue.c.obj
                0x0000000000001cb0                rpmsg_queue_recv_nocopy
 .text.rpmsg_queue_nocopy_free
                0x0000000000001cfc       0x14 CMakeFiles/rpmsg_lite_str_echo_rtos_imxcm7.elf.dir/home/wig/disk1/linux/wizard-audio-test/freertos-tn/middleware/multicore/rpmsg_lite/lib/rpmsg_lite/rpmsg_queue.c.obj
                0x0000000000001cfc                rpmsg_queue_nocopy_free
 .text.vListInitialise
                0x0000000000001d10       0x16 CMakeFiles/rpmsg_lite_str_echo_rtos_imxcm7.elf.dir/home/wig/disk1/linux/wizard-audio-test/freertos-tn/rtos/freertos/freertos_kernel/list.c.obj
                0x0000000000001d10                vListInitialise
 .text.vListInitialiseItem
                0x0000000000001d26        0x6 CMakeFiles/rpmsg_lite_str_echo_rtos_imxcm7.elf.dir/home/wig/disk1/linux/wizard-audio-test/freertos-tn/rtos/freertos/freertos_kernel/list.c.obj
                0x0000000000001d26                vListInitialiseItem
 .text.vListInsertEnd
                0x0000000000001d2c       0x18 CMakeFiles/rpmsg_lite_str_echo_rtos_imxcm7.elf.dir/home/wig/disk1/linux/wizard-audio-test/freertos-tn/rtos/freertos/freertos_kernel/list.c.obj
                0x0000000000001d2c                vListInsertEnd
 .text.vListInsert
                0x0000000000001d44       0x2e CMakeFiles/rpmsg_lite_str_echo_rtos_imxcm7.elf.dir/home/wig/disk1/linux/wizard-audio-test/freertos-tn/rtos/freertos/freertos_kernel/list.c.obj
                0x0000000000001d44                vListInsert
 .text.uxListRemove
                0x0000000000001d72       0x20 CMakeFiles/rpmsg_lite_str_echo_rtos_imxcm7.elf.dir/home/wig/disk1/linux/wizard-audio-test/freertos-tn/rtos/freertos/freertos_kernel/list.c.obj
                0x0000000000001d72                uxListRemove
 *fill*         0x0000000000001d92        0x2 
 .text.prvPortStartFirstTask
                0x0000000000001d94       0x28 CMakeFiles/rpmsg_lite_str_echo_rtos_imxcm7.elf.dir/home/wig/disk1/linux/wizard-audio-test/freertos-tn/rtos/freertos/freertos_kernel/portable/GCC/ARM_CM4F/port.c.obj
 .text.vPortEnableVFP
                0x0000000000001dbc       0x14 CMakeFiles/rpmsg_lite_str_echo_rtos_imxcm7.elf.dir/home/wig/disk1/linux/wizard-audio-test/freertos-tn/rtos/freertos/freertos_kernel/portable/GCC/ARM_CM4F/port.c.obj
 .text.prvTaskExitError
                0x0000000000001dd0       0x40 CMakeFiles/rpmsg_lite_str_echo_rtos_imxcm7.elf.dir/home/wig/disk1/linux/wizard-audio-test/freertos-tn/rtos/freertos/freertos_kernel/portable/GCC/ARM_CM4F/port.c.obj
 .text.pxPortInitialiseStack
                0x0000000000001e10       0x24 CMakeFiles/rpmsg_lite_str_echo_rtos_imxcm7.elf.dir/home/wig/disk1/linux/wizard-audio-test/freertos-tn/rtos/freertos/freertos_kernel/portable/GCC/ARM_CM4F/port.c.obj
                0x0000000000001e10                pxPortInitialiseStack
 *fill*         0x0000000000001e34        0xc 
 .text.SVC_Handler
                0x0000000000001e40       0x24 CMakeFiles/rpmsg_lite_str_echo_rtos_imxcm7.elf.dir/home/wig/disk1/linux/wizard-audio-test/freertos-tn/rtos/freertos/freertos_kernel/portable/GCC/ARM_CM4F/port.c.obj
                0x0000000000001e40                SVC_Handler
 .text.vPortEnterCritical
                0x0000000000001e64       0x44 CMakeFiles/rpmsg_lite_str_echo_rtos_imxcm7.elf.dir/home/wig/disk1/linux/wizard-audio-test/freertos-tn/rtos/freertos/freertos_kernel/portable/GCC/ARM_CM4F/port.c.obj
                0x0000000000001e64                vPortEnterCritical
 .text.vPortExitCritical
                0x0000000000001ea8       0x28 CMakeFiles/rpmsg_lite_str_echo_rtos_imxcm7.elf.dir/home/wig/disk1/linux/wizard-audio-test/freertos-tn/rtos/freertos/freertos_kernel/portable/GCC/ARM_CM4F/port.c.obj
                0x0000000000001ea8                vPortExitCritical
 .text.PendSV_Handler
                0x0000000000001ed0       0x64 CMakeFiles/rpmsg_lite_str_echo_rtos_imxcm7.elf.dir/home/wig/disk1/linux/wizard-audio-test/freertos-tn/rtos/freertos/freertos_kernel/portable/GCC/ARM_CM4F/port.c.obj
                0x0000000000001ed0                PendSV_Handler
 .text.SysTick_Handler
                0x0000000000001f34       0x2c CMakeFiles/rpmsg_lite_str_echo_rtos_imxcm7.elf.dir/home/wig/disk1/linux/wizard-audio-test/freertos-tn/rtos/freertos/freertos_kernel/portable/GCC/ARM_CM4F/port.c.obj
                0x0000000000001f34                SysTick_Handler
 .text.vPortSetupTimerInterrupt
                0x0000000000001f60       0x34 CMakeFiles/rpmsg_lite_str_echo_rtos_imxcm7.elf.dir/home/wig/disk1/linux/wizard-audio-test/freertos-tn/rtos/freertos/freertos_kernel/portable/GCC/ARM_CM4F/port.c.obj
                0x0000000000001f60                vPortSetupTimerInterrupt
 .text.xPortStartScheduler
                0x0000000000001f94      0x104 CMakeFiles/rpmsg_lite_str_echo_rtos_imxcm7.elf.dir/home/wig/disk1/linux/wizard-audio-test/freertos-tn/rtos/freertos/freertos_kernel/portable/GCC/ARM_CM4F/port.c.obj
                0x0000000000001f94                xPortStartScheduler
 .text.vPortValidateInterruptPriority
                0x0000000000002098       0x5c CMakeFiles/rpmsg_lite_str_echo_rtos_imxcm7.elf.dir/home/wig/disk1/linux/wizard-audio-test/freertos-tn/rtos/freertos/freertos_kernel/portable/GCC/ARM_CM4F/port.c.obj
                0x0000000000002098                vPortValidateInterruptPriority
 .text.prvIsQueueEmpty
                0x00000000000020f4       0x16 CMakeFiles/rpmsg_lite_str_echo_rtos_imxcm7.elf.dir/home/wig/disk1/linux/wizard-audio-test/freertos-tn/rtos/freertos/freertos_kernel/queue.c.obj
 .text.prvCopyDataToQueue
                0x000000000000210a       0x6a CMakeFiles/rpmsg_lite_str_echo_rtos_imxcm7.elf.dir/home/wig/disk1/linux/wizard-audio-test/freertos-tn/rtos/freertos/freertos_kernel/queue.c.obj
 .text.prvCopyDataFromQueue
                0x0000000000002174       0x2a CMakeFiles/rpmsg_lite_str_echo_rtos_imxcm7.elf.dir/home/wig/disk1/linux/wizard-audio-test/freertos-tn/rtos/freertos/freertos_kernel/queue.c.obj
 .text.prvUnlockQueue
                0x000000000000219e       0x70 CMakeFiles/rpmsg_lite_str_echo_rtos_imxcm7.elf.dir/home/wig/disk1/linux/wizard-audio-test/freertos-tn/rtos/freertos/freertos_kernel/queue.c.obj
 *fill*         0x000000000000220e        0x2 
 .text.xQueueGenericReset
                0x0000000000002210       0x80 CMakeFiles/rpmsg_lite_str_echo_rtos_imxcm7.elf.dir/home/wig/disk1/linux/wizard-audio-test/freertos-tn/rtos/freertos/freertos_kernel/queue.c.obj
                0x0000000000002210                xQueueGenericReset
 .text.xQueueGenericCreate
                0x0000000000002290       0x48 CMakeFiles/rpmsg_lite_str_echo_rtos_imxcm7.elf.dir/home/wig/disk1/linux/wizard-audio-test/freertos-tn/rtos/freertos/freertos_kernel/queue.c.obj
                0x0000000000002290                xQueueGenericCreate
 .text.xQueueCreateCountingSemaphore
                0x00000000000022d8       0x3c CMakeFiles/rpmsg_lite_str_echo_rtos_imxcm7.elf.dir/home/wig/disk1/linux/wizard-audio-test/freertos-tn/rtos/freertos/freertos_kernel/queue.c.obj
                0x00000000000022d8                xQueueCreateCountingSemaphore
 .text.xQueueGenericSend
                0x0000000000002314      0x164 CMakeFiles/rpmsg_lite_str_echo_rtos_imxcm7.elf.dir/home/wig/disk1/linux/wizard-audio-test/freertos-tn/rtos/freertos/freertos_kernel/queue.c.obj
                0x0000000000002314                xQueueGenericSend
 .text.xQueueGenericSendFromISR
                0x0000000000002478       0xc4 CMakeFiles/rpmsg_lite_str_echo_rtos_imxcm7.elf.dir/home/wig/disk1/linux/wizard-audio-test/freertos-tn/rtos/freertos/freertos_kernel/queue.c.obj
                0x0000000000002478                xQueueGenericSendFromISR
 .text.xQueueReceive
                0x000000000000253c      0x140 CMakeFiles/rpmsg_lite_str_echo_rtos_imxcm7.elf.dir/home/wig/disk1/linux/wizard-audio-test/freertos-tn/rtos/freertos/freertos_kernel/queue.c.obj
                0x000000000000253c                xQueueReceive
 .text.xQueueSemaphoreTake
                0x000000000000267c      0x188 CMakeFiles/rpmsg_lite_str_echo_rtos_imxcm7.elf.dir/home/wig/disk1/linux/wizard-audio-test/freertos-tn/rtos/freertos/freertos_kernel/queue.c.obj
                0x000000000000267c                xQueueSemaphoreTake
 .text.xQueueReceiveFromISR
                0x0000000000002804       0x9e CMakeFiles/rpmsg_lite_str_echo_rtos_imxcm7.elf.dir/home/wig/disk1/linux/wizard-audio-test/freertos-tn/rtos/freertos/freertos_kernel/queue.c.obj
                0x0000000000002804                xQueueReceiveFromISR
 *fill*         0x00000000000028a2        0x2 
 .text.vQueueAddToRegistry
                0x00000000000028a4       0x24 CMakeFiles/rpmsg_lite_str_echo_rtos_imxcm7.elf.dir/home/wig/disk1/linux/wizard-audio-test/freertos-tn/rtos/freertos/freertos_kernel/queue.c.obj
                0x00000000000028a4                vQueueAddToRegistry
 .text.vQueueWaitForMessageRestricted
                0x00000000000028c8       0x46 CMakeFiles/rpmsg_lite_str_echo_rtos_imxcm7.elf.dir/home/wig/disk1/linux/wizard-audio-test/freertos-tn/rtos/freertos/freertos_kernel/queue.c.obj
                0x00000000000028c8                vQueueWaitForMessageRestricted
 *fill*         0x000000000000290e        0x2 
 .text.prvResetNextTaskUnblockTime
                0x0000000000002910       0x24 CMakeFiles/rpmsg_lite_str_echo_rtos_imxcm7.elf.dir/home/wig/disk1/linux/wizard-audio-test/freertos-tn/rtos/freertos/freertos_kernel/tasks.c.obj
 .text.prvAddCurrentTaskToDelayedList
                0x0000000000002934       0x8c CMakeFiles/rpmsg_lite_str_echo_rtos_imxcm7.elf.dir/home/wig/disk1/linux/wizard-audio-test/freertos-tn/rtos/freertos/freertos_kernel/tasks.c.obj
 .text.prvIdleTask
                0x00000000000029c0       0x6c CMakeFiles/rpmsg_lite_str_echo_rtos_imxcm7.elf.dir/home/wig/disk1/linux/wizard-audio-test/freertos-tn/rtos/freertos/freertos_kernel/tasks.c.obj
 .text.xTaskCreate
                0x0000000000002a2c      0x1dc CMakeFiles/rpmsg_lite_str_echo_rtos_imxcm7.elf.dir/home/wig/disk1/linux/wizard-audio-test/freertos-tn/rtos/freertos/freertos_kernel/tasks.c.obj
                0x0000000000002a2c                xTaskCreate
 .text.vTaskStartScheduler
                0x0000000000002c08       0x80 CMakeFiles/rpmsg_lite_str_echo_rtos_imxcm7.elf.dir/home/wig/disk1/linux/wizard-audio-test/freertos-tn/rtos/freertos/freertos_kernel/tasks.c.obj
                0x0000000000002c08                vTaskStartScheduler
 .text.vTaskSuspendAll
                0x0000000000002c88       0x10 CMakeFiles/rpmsg_lite_str_echo_rtos_imxcm7.elf.dir/home/wig/disk1/linux/wizard-audio-test/freertos-tn/rtos/freertos/freertos_kernel/tasks.c.obj
                0x0000000000002c88                vTaskSuspendAll
 .text.xTaskGetTickCount
                0x0000000000002c98        0xc CMakeFiles/rpmsg_lite_str_echo_rtos_imxcm7.elf.dir/home/wig/disk1/linux/wizard-audio-test/freertos-tn/rtos/freertos/freertos_kernel/tasks.c.obj
                0x0000000000002c98                xTaskGetTickCount
 .text.xTaskIncrementTick
                0x0000000000002ca4      0x104 CMakeFiles/rpmsg_lite_str_echo_rtos_imxcm7.elf.dir/home/wig/disk1/linux/wizard-audio-test/freertos-tn/rtos/freertos/freertos_kernel/tasks.c.obj
                0x0000000000002ca4                xTaskIncrementTick
 .text.xTaskResumeAll
                0x0000000000002da8       0xf0 CMakeFiles/rpmsg_lite_str_echo_rtos_imxcm7.elf.dir/home/wig/disk1/linux/wizard-audio-test/freertos-tn/rtos/freertos/freertos_kernel/tasks.c.obj
                0x0000000000002da8                xTaskResumeAll
 .text.vTaskDelay
                0x0000000000002e98       0x48 CMakeFiles/rpmsg_lite_str_echo_rtos_imxcm7.elf.dir/home/wig/disk1/linux/wizard-audio-test/freertos-tn/rtos/freertos/freertos_kernel/tasks.c.obj
                0x0000000000002e98                vTaskDelay
 .text.vTaskSwitchContext
                0x0000000000002ee0       0x74 CMakeFiles/rpmsg_lite_str_echo_rtos_imxcm7.elf.dir/home/wig/disk1/linux/wizard-audio-test/freertos-tn/rtos/freertos/freertos_kernel/tasks.c.obj
                0x0000000000002ee0                vTaskSwitchContext
 .text.vTaskPlaceOnEventList
                0x0000000000002f54       0x34 CMakeFiles/rpmsg_lite_str_echo_rtos_imxcm7.elf.dir/home/wig/disk1/linux/wizard-audio-test/freertos-tn/rtos/freertos/freertos_kernel/tasks.c.obj
                0x0000000000002f54                vTaskPlaceOnEventList
 .text.vTaskPlaceOnEventListRestricted
                0x0000000000002f88       0x3c CMakeFiles/rpmsg_lite_str_echo_rtos_imxcm7.elf.dir/home/wig/disk1/linux/wizard-audio-test/freertos-tn/rtos/freertos/freertos_kernel/tasks.c.obj
                0x0000000000002f88                vTaskPlaceOnEventListRestricted
 .text.xTaskRemoveFromEventList
                0x0000000000002fc4       0x8c CMakeFiles/rpmsg_lite_str_echo_rtos_imxcm7.elf.dir/home/wig/disk1/linux/wizard-audio-test/freertos-tn/rtos/freertos/freertos_kernel/tasks.c.obj
                0x0000000000002fc4                xTaskRemoveFromEventList
 .text.vTaskInternalSetTimeOutState
                0x0000000000003050       0x18 CMakeFiles/rpmsg_lite_str_echo_rtos_imxcm7.elf.dir/home/wig/disk1/linux/wizard-audio-test/freertos-tn/rtos/freertos/freertos_kernel/tasks.c.obj
                0x0000000000003050                vTaskInternalSetTimeOutState
 .text.xTaskCheckForTimeOut
                0x0000000000003068       0x78 CMakeFiles/rpmsg_lite_str_echo_rtos_imxcm7.elf.dir/home/wig/disk1/linux/wizard-audio-test/freertos-tn/rtos/freertos/freertos_kernel/tasks.c.obj
                0x0000000000003068                xTaskCheckForTimeOut
 .text.vTaskMissedYield
                0x00000000000030e0        0xc CMakeFiles/rpmsg_lite_str_echo_rtos_imxcm7.elf.dir/home/wig/disk1/linux/wizard-audio-test/freertos-tn/rtos/freertos/freertos_kernel/tasks.c.obj
                0x00000000000030e0                vTaskMissedYield
 .text.xTaskGetSchedulerState
                0x00000000000030ec       0x20 CMakeFiles/rpmsg_lite_str_echo_rtos_imxcm7.elf.dir/home/wig/disk1/linux/wizard-audio-test/freertos-tn/rtos/freertos/freertos_kernel/tasks.c.obj
                0x00000000000030ec                xTaskGetSchedulerState
 .text.xTaskPriorityInherit
                0x000000000000310c       0x9c CMakeFiles/rpmsg_lite_str_echo_rtos_imxcm7.elf.dir/home/wig/disk1/linux/wizard-audio-test/freertos-tn/rtos/freertos/freertos_kernel/tasks.c.obj
                0x000000000000310c                xTaskPriorityInherit
 .text.xTaskPriorityDisinherit
                0x00000000000031a8       0xa4 CMakeFiles/rpmsg_lite_str_echo_rtos_imxcm7.elf.dir/home/wig/disk1/linux/wizard-audio-test/freertos-tn/rtos/freertos/freertos_kernel/tasks.c.obj
                0x00000000000031a8                xTaskPriorityDisinherit
 .text.vTaskPriorityDisinheritAfterTimeout
                0x000000000000324c       0xb4 CMakeFiles/rpmsg_lite_str_echo_rtos_imxcm7.elf.dir/home/wig/disk1/linux/wizard-audio-test/freertos-tn/rtos/freertos/freertos_kernel/tasks.c.obj
                0x000000000000324c                vTaskPriorityDisinheritAfterTimeout
 .text.pvTaskIncrementMutexHeldCount
                0x0000000000003300       0x18 CMakeFiles/rpmsg_lite_str_echo_rtos_imxcm7.elf.dir/home/wig/disk1/linux/wizard-audio-test/freertos-tn/rtos/freertos/freertos_kernel/tasks.c.obj
                0x0000000000003300                pvTaskIncrementMutexHeldCount
 .text.prvCheckForValidListAndQueue
                0x0000000000003318       0x58 CMakeFiles/rpmsg_lite_str_echo_rtos_imxcm7.elf.dir/home/wig/disk1/linux/wizard-audio-test/freertos-tn/rtos/freertos/freertos_kernel/timers.c.obj
 .text.prvInsertTimerInActiveList
                0x0000000000003370       0x3c CMakeFiles/rpmsg_lite_str_echo_rtos_imxcm7.elf.dir/home/wig/disk1/linux/wizard-audio-test/freertos-tn/rtos/freertos/freertos_kernel/timers.c.obj
 .text.xTimerCreateTimerTask
                0x00000000000033ac       0x4c CMakeFiles/rpmsg_lite_str_echo_rtos_imxcm7.elf.dir/home/wig/disk1/linux/wizard-audio-test/freertos-tn/rtos/freertos/freertos_kernel/timers.c.obj
                0x00000000000033ac                xTimerCreateTimerTask
 .text.xTimerGenericCommand
                0x00000000000033f8       0x54 CMakeFiles/rpmsg_lite_str_echo_rtos_imxcm7.elf.dir/home/wig/disk1/linux/wizard-audio-test/freertos-tn/rtos/freertos/freertos_kernel/timers.c.obj
                0x00000000000033f8                xTimerGenericCommand
 .text.prvSwitchTimerLists
                0x000000000000344c       0x7c CMakeFiles/rpmsg_lite_str_echo_rtos_imxcm7.elf.dir/home/wig/disk1/linux/wizard-audio-test/freertos-tn/rtos/freertos/freertos_kernel/timers.c.obj
 .text.prvTimerTask
                0x00000000000034c8      0x1f8 CMakeFiles/rpmsg_lite_str_echo_rtos_imxcm7.elf.dir/home/wig/disk1/linux/wizard-audio-test/freertos-tn/rtos/freertos/freertos_kernel/timers.c.obj
 .text.prvInsertBlockIntoFreeList
                0x00000000000036c0       0x48 CMakeFiles/rpmsg_lite_str_echo_rtos_imxcm7.elf.dir/home/wig/disk1/linux/wizard-audio-test/freertos-tn/rtos/freertos/freertos_kernel/portable/MemMang/heap_4.c.obj
 .text.pvPortMalloc
                0x0000000000003708      0x124 CMakeFiles/rpmsg_lite_str_echo_rtos_imxcm7.elf.dir/home/wig/disk1/linux/wizard-audio-test/freertos-tn/rtos/freertos/freertos_kernel/portable/MemMang/heap_4.c.obj
                0x0000000000003708                pvPortMalloc
 .text.vPortFree
                0x000000000000382c       0x7c CMakeFiles/rpmsg_lite_str_echo_rtos_imxcm7.elf.dir/home/wig/disk1/linux/wizard-audio-test/freertos-tn/rtos/freertos/freertos_kernel/portable/MemMang/heap_4.c.obj
                0x000000000000382c                vPortFree
 .text.CLOCK_GetPllRefClkFreq
                0x00000000000038a8       0x20 CMakeFiles/rpmsg_lite_str_echo_rtos_imxcm7.elf.dir/home/wig/disk1/linux/wizard-audio-test/freertos-tn/devices/MIMX8ML8/drivers/fsl_clock.c.obj
                0x00000000000038a8                CLOCK_GetPllRefClkFreq
 .text.CLOCK_InitFracPll
                0x00000000000038c8       0x54 CMakeFiles/rpmsg_lite_str_echo_rtos_imxcm7.elf.dir/home/wig/disk1/linux/wizard-audio-test/freertos-tn/devices/MIMX8ML8/drivers/fsl_clock.c.obj
                0x00000000000038c8                CLOCK_InitFracPll
 .text.CLOCK_InitAudioPll1
                0x000000000000391c       0x2c CMakeFiles/rpmsg_lite_str_echo_rtos_imxcm7.elf.dir/home/wig/disk1/linux/wizard-audio-test/freertos-tn/devices/MIMX8ML8/drivers/fsl_clock.c.obj
                0x000000000000391c                CLOCK_InitAudioPll1
 .text.CLOCK_InitAudioPll2
                0x0000000000003948       0x34 CMakeFiles/rpmsg_lite_str_echo_rtos_imxcm7.elf.dir/home/wig/disk1/linux/wizard-audio-test/freertos-tn/devices/MIMX8ML8/drivers/fsl_clock.c.obj
                0x0000000000003948                CLOCK_InitAudioPll2
 .text.CLOCK_GetFracPllFreq
                0x000000000000397c       0x4c CMakeFiles/rpmsg_lite_str_echo_rtos_imxcm7.elf.dir/home/wig/disk1/linux/wizard-audio-test/freertos-tn/devices/MIMX8ML8/drivers/fsl_clock.c.obj
                0x000000000000397c                CLOCK_GetFracPllFreq
 .text.CLOCK_GetIntegerPllFreq
                0x00000000000039c8       0x36 CMakeFiles/rpmsg_lite_str_echo_rtos_imxcm7.elf.dir/home/wig/disk1/linux/wizard-audio-test/freertos-tn/devices/MIMX8ML8/drivers/fsl_clock.c.obj
                0x00000000000039c8                CLOCK_GetIntegerPllFreq
 *fill*         0x00000000000039fe        0x2 
 .text.CLOCK_GetPllFreq
                0x0000000000003a00       0xbc CMakeFiles/rpmsg_lite_str_echo_rtos_imxcm7.elf.dir/home/wig/disk1/linux/wizard-audio-test/freertos-tn/devices/MIMX8ML8/drivers/fsl_clock.c.obj
                0x0000000000003a00                CLOCK_GetPllFreq
 .text.CLOCK_SetRootDivider
                0x0000000000003abc       0x20 CMakeFiles/rpmsg_lite_str_echo_rtos_imxcm7.elf.dir/home/wig/disk1/linux/wizard-audio-test/freertos-tn/devices/MIMX8ML8/drivers/fsl_clock.c.obj
                0x0000000000003abc                CLOCK_SetRootDivider
 .text.CLOCK_EnableClock
                0x0000000000003adc       0x50 CMakeFiles/rpmsg_lite_str_echo_rtos_imxcm7.elf.dir/home/wig/disk1/linux/wizard-audio-test/freertos-tn/devices/MIMX8ML8/drivers/fsl_clock.c.obj
                0x0000000000003adc                CLOCK_EnableClock
 .text.MU_Init  0x0000000000003b2c        0x8 CMakeFiles/rpmsg_lite_str_echo_rtos_imxcm7.elf.dir/home/wig/disk1/linux/wizard-audio-test/freertos-tn/devices/MIMX8ML8/drivers/fsl_mu.c.obj
                0x0000000000003b2c                MU_Init
 .text.MU_SendMsg
                0x0000000000003b34       0x14 CMakeFiles/rpmsg_lite_str_echo_rtos_imxcm7.elf.dir/home/wig/disk1/linux/wizard-audio-test/freertos-tn/devices/MIMX8ML8/drivers/fsl_mu.c.obj
                0x0000000000003b34                MU_SendMsg
 .text.RDC_SetMasterDomainAssignment
                0x0000000000003b48        0xa CMakeFiles/rpmsg_lite_str_echo_rtos_imxcm7.elf.dir/home/wig/disk1/linux/wizard-audio-test/freertos-tn/devices/MIMX8ML8/drivers/fsl_rdc.c.obj
                0x0000000000003b48                RDC_SetMasterDomainAssignment
 *fill*         0x0000000000003b52        0x2 
 .text.AUDIOMIX_InitAudioPll
                0x0000000000003b54       0x64 CMakeFiles/rpmsg_lite_str_echo_rtos_imxcm7.elf.dir/home/wig/disk1/linux/wizard-audio-test/freertos-tn/devices/MIMX8ML8/drivers/fsl_audiomix.c.obj
                0x0000000000003b54                AUDIOMIX_InitAudioPll
 .text.PrintOutputdifFobpu.isra.0
                0x0000000000003bb8       0x28 CMakeFiles/rpmsg_lite_str_echo_rtos_imxcm7.elf.dir/home/wig/disk1/linux/wizard-audio-test/freertos-tn/devices/MIMX8ML8/utilities/str/fsl_str.c.obj
 .text.StrFormatPrintf
                0x0000000000003be0      0x1e4 CMakeFiles/rpmsg_lite_str_echo_rtos_imxcm7.elf.dir/home/wig/disk1/linux/wizard-audio-test/freertos-tn/devices/MIMX8ML8/utilities/str/fsl_str.c.obj
                0x0000000000003be0                StrFormatPrintf
 .text.DbgConsole_SendDataReliable
                0x0000000000003dc4       0x2c CMakeFiles/rpmsg_lite_str_echo_rtos_imxcm7.elf.dir/home/wig/disk1/linux/wizard-audio-test/freertos-tn/devices/MIMX8ML8/utilities/debug_console/fsl_debug_console.c.obj
                0x0000000000003dc4                DbgConsole_SendDataReliable
 .text.DbgConsole_PrintCallback
                0x0000000000003df0       0x3a CMakeFiles/rpmsg_lite_str_echo_rtos_imxcm7.elf.dir/home/wig/disk1/linux/wizard-audio-test/freertos-tn/devices/MIMX8ML8/utilities/debug_console/fsl_debug_console.c.obj
 *fill*         0x0000000000003e2a        0x2 
 .text.DbgConsole_Init
                0x0000000000003e2c       0x78 CMakeFiles/rpmsg_lite_str_echo_rtos_imxcm7.elf.dir/home/wig/disk1/linux/wizard-audio-test/freertos-tn/devices/MIMX8ML8/utilities/debug_console/fsl_debug_console.c.obj
                0x0000000000003e2c                DbgConsole_Init
 .text.DbgConsole_Printf
                0x0000000000003ea4       0x40 CMakeFiles/rpmsg_lite_str_echo_rtos_imxcm7.elf.dir/home/wig/disk1/linux/wizard-audio-test/freertos-tn/devices/MIMX8ML8/utilities/debug_console/fsl_debug_console.c.obj
                0x0000000000003ea4                DbgConsole_Printf
 .text.SerialManager_Init
                0x0000000000003ee4       0x2a CMakeFiles/rpmsg_lite_str_echo_rtos_imxcm7.elf.dir/home/wig/disk1/linux/wizard-audio-test/freertos-tn/components/serial_manager/fsl_component_serial_manager.c.obj
                0x0000000000003ee4                SerialManager_Init
 .text.SerialManager_OpenWriteHandle
                0x0000000000003f0e       0x26 CMakeFiles/rpmsg_lite_str_echo_rtos_imxcm7.elf.dir/home/wig/disk1/linux/wizard-audio-test/freertos-tn/components/serial_manager/fsl_component_serial_manager.c.obj
                0x0000000000003f0e                SerialManager_OpenWriteHandle
 .text.SerialManager_OpenReadHandle
                0x0000000000003f34       0x2c CMakeFiles/rpmsg_lite_str_echo_rtos_imxcm7.elf.dir/home/wig/disk1/linux/wizard-audio-test/freertos-tn/components/serial_manager/fsl_component_serial_manager.c.obj
                0x0000000000003f34                SerialManager_OpenReadHandle
 .text.SerialManager_WriteBlocking
                0x0000000000003f60       0x14 CMakeFiles/rpmsg_lite_str_echo_rtos_imxcm7.elf.dir/home/wig/disk1/linux/wizard-audio-test/freertos-tn/components/serial_manager/fsl_component_serial_manager.c.obj
                0x0000000000003f60                SerialManager_WriteBlocking
 .text.Serial_UartInit
                0x0000000000003f74        0x4 CMakeFiles/rpmsg_lite_str_echo_rtos_imxcm7.elf.dir/home/wig/disk1/linux/wizard-audio-test/freertos-tn/components/serial_manager/fsl_component_serial_port_uart.c.obj
                0x0000000000003f74                Serial_UartInit
 .text.Serial_UartWrite
                0x0000000000003f78        0x4 CMakeFiles/rpmsg_lite_str_echo_rtos_imxcm7.elf.dir/home/wig/disk1/linux/wizard-audio-test/freertos-tn/components/serial_manager/fsl_component_serial_port_uart.c.obj
                0x0000000000003f78                Serial_UartWrite
 .text.UART_GetInstance
                0x0000000000003f7c       0x38 CMakeFiles/rpmsg_lite_str_echo_rtos_imxcm7.elf.dir/home/wig/disk1/linux/wizard-audio-test/freertos-tn/devices/MIMX8ML8/drivers/fsl_uart.c.obj
                0x0000000000003f7c                UART_GetInstance
 .text.UART_GetDefaultConfig
                0x0000000000003fb4       0x28 CMakeFiles/rpmsg_lite_str_echo_rtos_imxcm7.elf.dir/home/wig/disk1/linux/wizard-audio-test/freertos-tn/devices/MIMX8ML8/drivers/fsl_uart.c.obj
                0x0000000000003fb4                UART_GetDefaultConfig
 .text.UART_SetBaudRate
                0x0000000000003fdc      0x150 CMakeFiles/rpmsg_lite_str_echo_rtos_imxcm7.elf.dir/home/wig/disk1/linux/wizard-audio-test/freertos-tn/devices/MIMX8ML8/drivers/fsl_uart.c.obj
                0x0000000000003fdc                UART_SetBaudRate
 .text.UART_Init
                0x000000000000412c      0x154 CMakeFiles/rpmsg_lite_str_echo_rtos_imxcm7.elf.dir/home/wig/disk1/linux/wizard-audio-test/freertos-tn/devices/MIMX8ML8/drivers/fsl_uart.c.obj
                0x000000000000412c                UART_Init
 .text.UART_WriteBlocking
                0x0000000000004280       0x22 CMakeFiles/rpmsg_lite_str_echo_rtos_imxcm7.elf.dir/home/wig/disk1/linux/wizard-audio-test/freertos-tn/devices/MIMX8ML8/drivers/fsl_uart.c.obj
                0x0000000000004280                UART_WriteBlocking
 *fill*         0x00000000000042a2        0x2 
 .text.UART1_DriverIRQHandler
                0x00000000000042a4       0x20 CMakeFiles/rpmsg_lite_str_echo_rtos_imxcm7.elf.dir/home/wig/disk1/linux/wizard-audio-test/freertos-tn/devices/MIMX8ML8/drivers/fsl_uart.c.obj
                0x00000000000042a4                UART1_DriverIRQHandler
 .text.UART2_DriverIRQHandler
                0x00000000000042c4       0x20 CMakeFiles/rpmsg_lite_str_echo_rtos_imxcm7.elf.dir/home/wig/disk1/linux/wizard-audio-test/freertos-tn/devices/MIMX8ML8/drivers/fsl_uart.c.obj
                0x00000000000042c4                UART2_DriverIRQHandler
 .text.UART3_DriverIRQHandler
                0x00000000000042e4       0x20 CMakeFiles/rpmsg_lite_str_echo_rtos_imxcm7.elf.dir/home/wig/disk1/linux/wizard-audio-test/freertos-tn/devices/MIMX8ML8/drivers/fsl_uart.c.obj
                0x00000000000042e4                UART3_DriverIRQHandler
 .text.UART4_DriverIRQHandler
                0x0000000000004304       0x20 CMakeFiles/rpmsg_lite_str_echo_rtos_imxcm7.elf.dir/home/wig/disk1/linux/wizard-audio-test/freertos-tn/devices/MIMX8ML8/drivers/fsl_uart.c.obj
                0x0000000000004304                UART4_DriverIRQHandler
 .text.HAL_UartInit
                0x0000000000004324       0x6c CMakeFiles/rpmsg_lite_str_echo_rtos_imxcm7.elf.dir/home/wig/disk1/linux/wizard-audio-test/freertos-tn/components/uart/fsl_adapter_iuart.c.obj
                0x0000000000004324                HAL_UartInit
 .text.HAL_UartSendBlocking
                0x0000000000004390       0x18 CMakeFiles/rpmsg_lite_str_echo_rtos_imxcm7.elf.dir/home/wig/disk1/linux/wizard-audio-test/freertos-tn/components/uart/fsl_adapter_iuart.c.obj
                0x0000000000004390                HAL_UartSendBlocking
 .text.GetFracPllFreq
                0x00000000000043a8       0x4c CMakeFiles/rpmsg_lite_str_echo_rtos_imxcm7.elf.dir/home/wig/disk1/linux/wizard-audio-test/freertos-tn/devices/MIMX8ML8/system_MIMX8ML8_cm7.c.obj
                0x00000000000043a8                GetFracPllFreq
 .text.GetIntegerPllFreq
                0x00000000000043f4       0x44 CMakeFiles/rpmsg_lite_str_echo_rtos_imxcm7.elf.dir/home/wig/disk1/linux/wizard-audio-test/freertos-tn/devices/MIMX8ML8/system_MIMX8ML8_cm7.c.obj
                0x00000000000043f4                GetIntegerPllFreq
 .text.SystemCoreClockUpdate
                0x0000000000004438       0x98 CMakeFiles/rpmsg_lite_str_echo_rtos_imxcm7.elf.dir/home/wig/disk1/linux/wizard-audio-test/freertos-tn/devices/MIMX8ML8/system_MIMX8ML8_cm7.c.obj
                0x0000000000004438                SystemCoreClockUpdate
 .text.SystemInitHook
                0x00000000000044d0        0x2 CMakeFiles/rpmsg_lite_str_echo_rtos_imxcm7.elf.dir/home/wig/disk1/linux/wizard-audio-test/freertos-tn/devices/MIMX8ML8/system_MIMX8ML8_cm7.c.obj
                0x00000000000044d0                SystemInitHook
 *fill*         0x00000000000044d2        0x2 
 .text.SystemInit
                0x00000000000044d4       0x1c CMakeFiles/rpmsg_lite_str_echo_rtos_imxcm7.elf.dir/home/wig/disk1/linux/wizard-audio-test/freertos-tn/devices/MIMX8ML8/system_MIMX8ML8_cm7.c.obj
                0x00000000000044d4                SystemInit
 .text.exit     0x00000000000044f0       0x28 /home/wig/disk1/linux/wizard-audio-test/freertos-tn/gcc-arm-none-eabi-9-2019-q4-major/bin/../lib/gcc/arm-none-eabi/9.2.1/../../../../arm-none-eabi/lib/thumb/v7e-m+fp/hard/libc_nano.a(lib_a-exit.o)
                0x00000000000044f0                exit
 .text.__libc_init_array
                0x0000000000004518       0x48 /home/wig/disk1/linux/wizard-audio-test/freertos-tn/gcc-arm-none-eabi-9-2019-q4-major/bin/../lib/gcc/arm-none-eabi/9.2.1/../../../../arm-none-eabi/lib/thumb/v7e-m+fp/hard/libc_nano.a(lib_a-init.o)
                0x0000000000004518                __libc_init_array
 .text.memcpy   0x0000000000004560       0x1c /home/wig/disk1/linux/wizard-audio-test/freertos-tn/gcc-arm-none-eabi-9-2019-q4-major/bin/../lib/gcc/arm-none-eabi/9.2.1/../../../../arm-none-eabi/lib/thumb/v7e-m+fp/hard/libc_nano.a(lib_a-memcpy-stub.o)
                0x0000000000004560                memcpy
 .text.memset   0x000000000000457c       0x10 /home/wig/disk1/linux/wizard-audio-test/freertos-tn/gcc-arm-none-eabi-9-2019-q4-major/bin/../lib/gcc/arm-none-eabi/9.2.1/../../../../arm-none-eabi/lib/thumb/v7e-m+fp/hard/libc_nano.a(lib_a-memset.o)
                0x000000000000457c                memset
 .text.strncpy  0x000000000000458c       0x26 /home/wig/disk1/linux/wizard-audio-test/freertos-tn/gcc-arm-none-eabi-9-2019-q4-major/bin/../lib/gcc/arm-none-eabi/9.2.1/../../../../arm-none-eabi/lib/thumb/v7e-m+fp/hard/libc_nano.a(lib_a-strncpy.o)
                0x000000000000458c                strncpy
 *fill*         0x00000000000045b2        0x2 
 .text._exit    0x00000000000045b4        0x4 /home/wig/disk1/linux/wizard-audio-test/freertos-tn/gcc-arm-none-eabi-9-2019-q4-major/bin/../lib/gcc/arm-none-eabi/9.2.1/../../../../arm-none-eabi/lib/thumb/v7e-m+fp/hard/libnosys.a(_exit.o)
                0x00000000000045b4                _exit
 *(.rodata)
 *(.rodata*)
 .rodata.app_task.str1.1
                0x00000000000045b8       0xd2 CMakeFiles/rpmsg_lite_str_echo_rtos_imxcm7.elf.dir/home/wig/disk1/linux/wizard-audio-test/freertos-tn/boards/tek3-imx8mp/multicore_examples/rpmsg_lite_str_echo_rtos/main_remote.c.obj
 .rodata.main.str1.1
                0x000000000000468a       0x53 CMakeFiles/rpmsg_lite_str_echo_rtos_imxcm7.elf.dir/home/wig/disk1/linux/wizard-audio-test/freertos-tn/boards/tek3-imx8mp/multicore_examples/rpmsg_lite_str_echo_rtos/main_remote.c.obj
 *fill*         0x00000000000046dd        0x3 
 .rodata.g_audioPll1Config
                0x00000000000046e0       0x10 CMakeFiles/rpmsg_lite_str_echo_rtos_imxcm7.elf.dir/home/wig/disk1/linux/wizard-audio-test/freertos-tn/boards/tek3-imx8mp/multicore_examples/rpmsg_lite_str_echo_rtos/clock_config.c.obj
                0x00000000000046e0                g_audioPll1Config
 .rodata.g_audioPll2Config
                0x00000000000046f0       0x10 CMakeFiles/rpmsg_lite_str_echo_rtos_imxcm7.elf.dir/home/wig/disk1/linux/wizard-audio-test/freertos-tn/boards/tek3-imx8mp/multicore_examples/rpmsg_lite_str_echo_rtos/clock_config.c.obj
                0x00000000000046f0                g_audioPll2Config
 .rodata.g_saiPLLConfig
                0x0000000000004700       0x10 CMakeFiles/rpmsg_lite_str_echo_rtos_imxcm7.elf.dir/home/wig/disk1/linux/wizard-audio-test/freertos-tn/boards/tek3-imx8mp/multicore_examples/rpmsg_lite_str_echo_rtos/clock_config.c.obj
                0x0000000000004700                g_saiPLLConfig
 .rodata.rpmsg_lite_master_init.str1.1
                0x0000000000004710        0xc CMakeFiles/rpmsg_lite_str_echo_rtos_imxcm7.elf.dir/home/wig/disk1/linux/wizard-audio-test/freertos-tn/middleware/multicore/rpmsg_lite/lib/rpmsg_lite/rpmsg_lite.c.obj
 .rodata.remote_vq_ops
                0x000000000000471c       0x10 CMakeFiles/rpmsg_lite_str_echo_rtos_imxcm7.elf.dir/home/wig/disk1/linux/wizard-audio-test/freertos-tn/middleware/multicore/rpmsg_lite/lib/rpmsg_lite/rpmsg_lite.c.obj
 .rodata.vTaskStartScheduler.str1.1
                0x000000000000472c        0x5 CMakeFiles/rpmsg_lite_str_echo_rtos_imxcm7.elf.dir/home/wig/disk1/linux/wizard-audio-test/freertos-tn/rtos/freertos/freertos_kernel/tasks.c.obj
 .rodata.prvCheckForValidListAndQueue.str1.1
                0x0000000000004731        0x5 CMakeFiles/rpmsg_lite_str_echo_rtos_imxcm7.elf.dir/home/wig/disk1/linux/wizard-audio-test/freertos-tn/rtos/freertos/freertos_kernel/timers.c.obj
 .rodata.xTimerCreateTimerTask.str1.1
                0x0000000000004736        0x8 CMakeFiles/rpmsg_lite_str_echo_rtos_imxcm7.elf.dir/home/wig/disk1/linux/wizard-audio-test/freertos-tn/rtos/freertos/freertos_kernel/timers.c.obj
 .rodata.CSWTCH.36
                0x000000000000473e        0x6 CMakeFiles/rpmsg_lite_str_echo_rtos_imxcm7.elf.dir/home/wig/disk1/linux/wizard-audio-test/freertos-tn/devices/MIMX8ML8/drivers/fsl_uart.c.obj
 .rodata.s_uartClock
                0x0000000000004744       0x14 CMakeFiles/rpmsg_lite_str_echo_rtos_imxcm7.elf.dir/home/wig/disk1/linux/wizard-audio-test/freertos-tn/devices/MIMX8ML8/drivers/fsl_uart.c.obj
 .rodata.s_UartAdapterBase
                0x0000000000004758       0x14 CMakeFiles/rpmsg_lite_str_echo_rtos_imxcm7.elf.dir/home/wig/disk1/linux/wizard-audio-test/freertos-tn/components/uart/fsl_adapter_iuart.c.obj
 .rodata._global_impure_ptr
                0x000000000000476c        0x4 /home/wig/disk1/linux/wizard-audio-test/freertos-tn/gcc-arm-none-eabi-9-2019-q4-major/bin/../lib/gcc/arm-none-eabi/9.2.1/../../../../arm-none-eabi/lib/thumb/v7e-m+fp/hard/libc_nano.a(lib_a-impure.o)
                0x000000000000476c                _global_impure_ptr
 .rodata.__sf_fake_stderr
                0x0000000000004770       0x20 /home/wig/disk1/linux/wizard-audio-test/freertos-tn/gcc-arm-none-eabi-9-2019-q4-major/bin/../lib/gcc/arm-none-eabi/9.2.1/../../../../arm-none-eabi/lib/thumb/v7e-m+fp/hard/libc_nano.a(lib_a-findfp.o)
                0x0000000000004770                __sf_fake_stderr
 .rodata.__sf_fake_stdin
                0x0000000000004790       0x20 /home/wig/disk1/linux/wizard-audio-test/freertos-tn/gcc-arm-none-eabi-9-2019-q4-major/bin/../lib/gcc/arm-none-eabi/9.2.1/../../../../arm-none-eabi/lib/thumb/v7e-m+fp/hard/libc_nano.a(lib_a-findfp.o)
                0x0000000000004790                __sf_fake_stdin
 .rodata.__sf_fake_stdout
                0x00000000000047b0       0x20 /home/wig/disk1/linux/wizard-audio-test/freertos-tn/gcc-arm-none-eabi-9-2019-q4-major/bin/../lib/gcc/arm-none-eabi/9.2.1/../../../../arm-none-eabi/lib/thumb/v7e-m+fp/hard/libc_nano.a(lib_a-findfp.o)
                0x00000000000047b0                __sf_fake_stdout
 *(.glue_7)
 .glue_7        0x00000000000047d0        0x0 linker stubs
 *(.glue_7t)
 .glue_7t       0x00000000000047d0        0x0 linker stubs
 *(.eh_frame)
 .eh_frame      0x00000000000047d0        0x0 /home/wig/disk1/linux/wizard-audio-test/freertos-tn/gcc-arm-none-eabi-9-2019-q4-major/bin/../lib/gcc/arm-none-eabi/9.2.1/thumb/v7e-m+fp/hard/crtbegin.o
 *(.init)
 .init          0x00000000000047d0        0x4 /home/wig/disk1/linux/wizard-audio-test/freertos-tn/gcc-arm-none-eabi-9-2019-q4-major/bin/../lib/gcc/arm-none-eabi/9.2.1/thumb/v7e-m+fp/hard/crti.o
                0x00000000000047d0                _init
 .init          0x00000000000047d4        0x8 /home/wig/disk1/linux/wizard-audio-test/freertos-tn/gcc-arm-none-eabi-9-2019-q4-major/bin/../lib/gcc/arm-none-eabi/9.2.1/thumb/v7e-m+fp/hard/crtn.o
 *(.fini)
 .fini          0x00000000000047dc        0x4 /home/wig/disk1/linux/wizard-audio-test/freertos-tn/gcc-arm-none-eabi-9-2019-q4-major/bin/../lib/gcc/arm-none-eabi/9.2.1/thumb/v7e-m+fp/hard/crti.o
                0x00000000000047dc                _fini
 .fini          0x00000000000047e0        0x8 /home/wig/disk1/linux/wizard-audio-test/freertos-tn/gcc-arm-none-eabi-9-2019-q4-major/bin/../lib/gcc/arm-none-eabi/9.2.1/thumb/v7e-m+fp/hard/crtn.o
                0x00000000000047e8                . = ALIGN (0x4)

.vfp11_veneer   0x00000000000047e8        0x0
 .vfp11_veneer  0x00000000000047e8        0x0 linker stubs

.v4_bx          0x00000000000047e8        0x0
 .v4_bx         0x00000000000047e8        0x0 linker stubs

.iplt           0x00000000000047e8        0x0
 .iplt          0x00000000000047e8        0x0 /home/wig/disk1/linux/wizard-audio-test/freertos-tn/gcc-arm-none-eabi-9-2019-q4-major/bin/../lib/gcc/arm-none-eabi/9.2.1/thumb/v7e-m+fp/hard/crtbegin.o

.ARM.extab
 *(.ARM.extab* .gnu.linkonce.armextab.*)

.ARM            0x00000000000047e8        0x8
                0x00000000000047e8                __exidx_start = .
 *(.ARM.exidx*)
 .ARM.exidx     0x00000000000047e8        0x8 /home/wig/disk1/linux/wizard-audio-test/freertos-tn/gcc-arm-none-eabi-9-2019-q4-major/bin/../lib/gcc/arm-none-eabi/9.2.1/../../../../arm-none-eabi/lib/thumb/v7e-m+fp/hard/crt0.o
 .ARM.exidx     0x00000000000047f0        0x0 /home/wig/disk1/linux/wizard-audio-test/freertos-tn/gcc-arm-none-eabi-9-2019-q4-major/bin/../lib/gcc/arm-none-eabi/9.2.1/thumb/v7e-m+fp/hard/libgcc.a(_udivmoddi4.o)
                                          0x8 (size before relaxing)
                0x00000000000047f0                __exidx_end = .

.rel.dyn        0x00000000000047f0        0x0
 .rel.iplt      0x00000000000047f0        0x0 /home/wig/disk1/linux/wizard-audio-test/freertos-tn/gcc-arm-none-eabi-9-2019-q4-major/bin/../lib/gcc/arm-none-eabi/9.2.1/thumb/v7e-m+fp/hard/crtbegin.o

.ctors          0x00000000000047f0        0x0
                0x00000000000047f0                __CTOR_LIST__ = .
 *crtbegin.o(.ctors)
 *crtbegin?.o(.ctors)
 *(EXCLUDE_FILE(*crtend.o *crtend?.o) .ctors)
 *(SORT_BY_NAME(.ctors.*))
 *(.ctors)
                0x00000000000047f0                __CTOR_END__ = .
